[INFO] [launch]: All log files can be found below /home/drone/.ros/log/2026-07-19-15-06-25-907687-drone-ASUS-TUF-Gaming-F15-FX507VV-FX507VV-147701
[INFO] [launch]: Default logging verbosity is set to INFO
[INFO] [mavros_node-1]: process started with pid [147702]
[mavros_node-1] [INFO] [1784469986.006072220] [mavros.mavros_node]: Starting mavros_node container
[mavros_node-1] [INFO] [1784469986.006117840] [mavros.mavros_node]: FCU URL: udp://:14540@127.0.0.1:14557
[mavros_node-1] [INFO] [1784469986.006122658] [mavros.mavros_node]: GCS URL: 
[mavros_node-1] [INFO] [1784469986.006125599] [mavros.mavros_node]: UAS Prefix: /uas1
[mavros_node-1] [INFO] [1784469986.006128212] [mavros.mavros_node]: Starting mavros router node
[mavros_node-1] [INFO] [1784469986.008995132] [mavros.mavros_router]: Built-in SIMD instructions: SSE, SSE2
[mavros_node-1] [INFO] [1784469986.009009067] [mavros.mavros_router]: Built-in MAVLink package version: 2026.3.3
[mavros_node-1] [INFO] [1784469986.009016831] [mavros.mavros_router]: Known MAVLink dialects: common ardupilotmega ASLUAV AVSSUAS all csAirLink cubepilot development icarous loweheiser marsh matrixpilot paparazzi standard stemstudios storm32 uAvionix ualberta
[mavros_node-1] [INFO] [1784469986.009024838] [mavros.mavros_router]: MAVROS Router started
[mavros_node-1] [INFO] [1784469986.009048030] [mavros.mavros_node]: Starting mavros uas node
[mavros_node-1] [INFO] [1784469986.026281237] [mavros.mavros_router]: Requested to add endpoint: type: 0, url: udp://:14540@127.0.0.1:14557
[mavros_node-1] [INFO] [1784469986.026311726] [mavros.mavros_router]: Endpoint link[1000] created
[mavros_node-1] [INFO] [1784469986.026548717] [mavros.mavros_router]: link[1000] opened successfully
[mavros_node-1] [INFO] [1784469986.026557433] [mavros.mavros_router]: Requested to add endpoint: type: 2, url: /uas1
[mavros_node-1] [INFO] [1784469986.026566404] [mavros.mavros_router]: Endpoint link[1001] created
[mavros_node-1] [INFO] [1784469986.027412777] [mavros.mavros_router]: link[1001] opened successfully
[mavros_node-1] [INFO] [1784469986.029797105] [mavros.mavros_router]: link[1000] detected remote address 1.1
[mavros_node-1] [INFO] [1784469986.036399733] [mavros.mavros]: UAS Executor started, threads: 16
[mavros_node-1] [INFO] [1784469986.044647925] [mavros.mavros]: Plugin actuator_control created
[mavros_node-1] [INFO] [1784469986.044685778] [mavros.mavros]: Plugin actuator_control initialized
[mavros_node-1] [INFO] [1784469986.055457582] [mavros.mavros]: Plugin adsb created
[mavros_node-1] [INFO] [1784469986.055487253] [mavros.mavros]: Plugin adsb initialized
[mavros_node-1] [INFO] [1784469986.057935685] [mavros.mavros]: Plugin altitude created
[mavros_node-1] [INFO] [1784469986.057961177] [mavros.mavros]: Plugin altitude initialized
[mavros_node-1] [INFO] [1784469986.060401640] [mavros.mavros]: Plugin cam_imu_sync created
[mavros_node-1] [INFO] [1784469986.060424966] [mavros.mavros]: Plugin cam_imu_sync initialized
[mavros_node-1] [INFO] [1784469986.063062975] [mavros.mavros]: Plugin camera created
[mavros_node-1] [INFO] [1784469986.063092668] [mavros.mavros]: Plugin camera initialized
[mavros_node-1] [INFO] [1784469986.065597660] [mavros.mavros]: Plugin cellular_status created
[mavros_node-1] [INFO] [1784469986.065624016] [mavros.mavros]: Plugin cellular_status initialized
[mavros_node-1] [INFO] [1784469986.069510773] [mavros.mavros]: Plugin command created
[mavros_node-1] [INFO] [1784469986.069540366] [mavros.mavros]: Plugin command initialized
[mavros_node-1] [INFO] [1784469986.072441860] [mavros.mavros]: Plugin companion_process_status created
[mavros_node-1] [INFO] [1784469986.072460124] [mavros.mavros]: Plugin companion_process_status initialized
[mavros_node-1] [INFO] [1784469986.075726323] [mavros.mavros]: Plugin debug_value created
[mavros_node-1] [INFO] [1784469986.075755005] [mavros.mavros]: Plugin debug_value initialized
[mavros_node-1] [INFO] [1784469986.075760207] [mavros.mavros]: Plugin distance_sensor ignored
[mavros_node-1] [INFO] [1784469986.079010560] [mavros.mavros]: Plugin esc_status created
[mavros_node-1] [INFO] [1784469986.079050235] [mavros.mavros]: Plugin esc_status initialized
[mavros_node-1] [INFO] [1784469986.082178651] [mavros.mavros]: Plugin esc_telemetry created
[mavros_node-1] [INFO] [1784469986.082206722] [mavros.mavros]: Plugin esc_telemetry initialized
[mavros_node-1] [INFO] [1784469986.085874059] [mavros.mavros]: Plugin fake_gps created
[mavros_node-1] [INFO] [1784469986.085891745] [mavros.mavros]: Plugin fake_gps initialized
[mavros_node-1] [INFO] [1784469986.091068884] [mavros.mavros]: Plugin ftp created
[mavros_node-1] [INFO] [1784469986.091093140] [mavros.mavros]: Plugin ftp initialized
[mavros_node-1] [INFO] [1784469986.096393611] [mavros.mavros]: Plugin geofence created
[mavros_node-1] [INFO] [1784469986.096432138] [mavros.mavros]: Plugin geofence initialized
[mavros_node-1] [INFO] [1784469986.102400699] [mavros.mavros]: Plugin gimbal_control created
[mavros_node-1] [INFO] [1784469986.102431126] [mavros.mavros]: Plugin gimbal_control initialized
[mavros_node-1] [INFO] [1784469986.108592439] [mavros.mavros]: Plugin global_position created
[mavros_node-1] [INFO] [1784469986.108644703] [mavros.mavros]: Plugin global_position initialized
[mavros_node-1] [INFO] [1784469986.112521149] [mavros.mavros]: Plugin gps_input created
[mavros_node-1] [INFO] [1784469986.112548809] [mavros.mavros]: Plugin gps_input initialized
[mavros_node-1] [INFO] [1784469986.116529332] [mavros.mavros]: Plugin gps_rtk created
[mavros_node-1] [INFO] [1784469986.116562210] [mavros.mavros]: Plugin gps_rtk initialized
[mavros_node-1] [INFO] [1784469986.120698218] [mavros.mavros]: Plugin gps_status created
[mavros_node-1] [INFO] [1784469986.120744159] [mavros.mavros]: Plugin gps_status initialized
[mavros_node-1] [INFO] [1784469986.124940865] [mavros.mavros]: Plugin guided_target created
[mavros_node-1] [INFO] [1784469986.124968459] [mavros.mavros]: Plugin guided_target initialized
[mavros_node-1] [INFO] [1784469986.130279847] [mavros.mavros]: Plugin hil created
[mavros_node-1] [INFO] [1784469986.130313493] [mavros.mavros]: Plugin hil initialized
[mavros_node-1] [INFO] [1784469986.134622833] [mavros.mavros]: Plugin home_position created
[mavros_node-1] [INFO] [1784469986.134660882] [mavros.mavros]: Plugin home_position initialized
[mavros_node-1] [INFO] [1784469986.139885519] [mavros.mavros]: Plugin imu created
[mavros_node-1] [INFO] [1784469986.139921361] [mavros.mavros]: Plugin imu initialized
[mavros_node-1] [INFO] [1784469986.145398146] [mavros.mavros]: Plugin landing_target created
[mavros_node-1] [INFO] [1784469986.145431708] [mavros.mavros]: Plugin landing_target initialized
[mavros_node-1] [INFO] [1784469986.151264121] [mavros.mavros]: Plugin local_position created
[mavros_node-1] [INFO] [1784469986.151294951] [mavros.mavros]: Plugin local_position initialized
[mavros_node-1] [INFO] [1784469986.156862253] [mavros.mavros]: Plugin log_transfer created
[mavros_node-1] [INFO] [1784469986.156891343] [mavros.mavros]: Plugin log_transfer initialized
[mavros_node-1] [INFO] [1784469986.161853686] [mavros.mavros]: Plugin mag_calibration_status created
[mavros_node-1] [INFO] [1784469986.161895029] [mavros.mavros]: Plugin mag_calibration_status initialized
[mavros_node-1] [INFO] [1784469986.167100868] [mavros.mavros]: Plugin manual_control created
[mavros_node-1] [INFO] [1784469986.167140502] [mavros.mavros]: Plugin manual_control initialized
[mavros_node-1] [INFO] [1784469986.172058644] [mavros.mavros]: Plugin mocap_pose_estimate created
[mavros_node-1] [INFO] [1784469986.172086461] [mavros.mavros]: Plugin mocap_pose_estimate initialized
[mavros_node-1] [INFO] [1784469986.178253079] [mavros.mavros]: Plugin mount_control created
[mavros_node-1] [INFO] [1784469986.178299914] [mavros.mavros]: Plugin mount_control initialized
[mavros_node-1] [INFO] [1784469986.183809985] [mavros.mavros]: Plugin nav_controller_output created
[mavros_node-1] [INFO] [1784469986.183847531] [mavros.mavros]: Plugin nav_controller_output initialized
[mavros_node-1] [INFO] [1784469986.188811712] [mavros.mavros]: Plugin obstacle_distance created
[mavros_node-1] [INFO] [1784469986.188833851] [mavros.mavros]: Plugin obstacle_distance initialized
[mavros_node-1] [INFO] [1784469986.194642256] [mavros.mavros]: Plugin obstacle_distance_3d created
[mavros_node-1] [INFO] [1784469986.194675588] [mavros.mavros]: Plugin obstacle_distance_3d initialized
[mavros_node-1] [INFO] [1784469986.200907392] [mavros.mavros]: Plugin odometry created
[mavros_node-1] [INFO] [1784469986.200938226] [mavros.mavros]: Plugin odometry initialized
[mavros_node-1] [INFO] [1784469986.206388995] [mavros.mavros]: Plugin onboard_computer_status created
[mavros_node-1] [INFO] [1784469986.206413081] [mavros.mavros]: Plugin onboard_computer_status initialized
[mavros_node-1] [INFO] [1784469986.213296507] [mavros.mavros]: Plugin open_drone_id created
[mavros_node-1] [INFO] [1784469986.213326113] [mavros.mavros]: Plugin open_drone_id initialized
[mavros_node-1] [INFO] [1784469986.220024566] [mavros.mavros]: Plugin optical_flow created
[mavros_node-1] [INFO] [1784469986.220054338] [mavros.mavros]: Plugin optical_flow initialized
[mavros_node-1] [INFO] [1784469986.226335846] [mavros.mavros]: Plugin param created
[mavros_node-1] [INFO] [1784469986.226370046] [mavros.mavros]: Plugin param initialized
[mavros_node-1] [INFO] [1784469986.232976625] [mavros.mavros]: Plugin play_tune created
[mavros_node-1] [INFO] [1784469986.233010576] [mavros.mavros]: Plugin play_tune initialized
[mavros_node-1] [INFO] [1784469986.240010029] [mavros.mavros]: Plugin px4flow created
[mavros_node-1] [INFO] [1784469986.240045936] [mavros.mavros]: Plugin px4flow initialized
[mavros_node-1] [INFO] [1784469986.248363220] [mavros.mavros]: Plugin rallypoint created
[mavros_node-1] [INFO] [1784469986.248406407] [mavros.mavros]: Plugin rallypoint initialized
[mavros_node-1] [INFO] [1784469986.248412668] [mavros.mavros]: Plugin rangefinder ignored
[mavros_node-1] [INFO] [1784469986.255012599] [mavros.mavros]: Plugin rc_io created
[mavros_node-1] [INFO] [1784469986.255065358] [mavros.mavros]: Plugin rc_io initialized
[mavros_node-1] [INFO] [1784469986.261821296] [mavros.mavros]: Plugin setpoint_accel created
[mavros_node-1] [INFO] [1784469986.261850824] [mavros.mavros]: Plugin setpoint_accel initialized
[mavros_node-1] [INFO] [1784469986.269637277] [mavros.mavros]: Plugin setpoint_attitude created
[mavros_node-1] [INFO] [1784469986.269667993] [mavros.mavros]: Plugin setpoint_attitude initialized
[mavros_node-1] [INFO] [1784469986.277298753] [mavros.mavros]: Plugin setpoint_position created
[mavros_node-1] [INFO] [1784469986.277330716] [mavros.mavros]: Plugin setpoint_position initialized
[mavros_node-1] [INFO] [1784469986.285880911] [mavros.mavros]: Plugin setpoint_raw created
[mavros_node-1] [INFO] [1784469986.285918603] [mavros.mavros]: Plugin setpoint_raw initialized
[mavros_node-1] [INFO] [1784469986.294749804] [mavros.mavros]: Plugin setpoint_trajectory created
[mavros_node-1] [INFO] [1784469986.294796542] [mavros.mavros]: Plugin setpoint_trajectory initialized
[mavros_node-1] [INFO] [1784469986.302777114] [mavros.mavros]: Plugin setpoint_velocity created
[mavros_node-1] [INFO] [1784469986.302807570] [mavros.mavros]: Plugin setpoint_velocity initialized
[mavros_node-1] [INFO] [1784469986.311146730] [mavros.mavros]: Plugin sim_state created
[mavros_node-1] [INFO] [1784469986.311194303] [mavros.mavros]: Plugin sim_state initialized
[mavros_node-1] [INFO] [1784469986.323707545] [mavros.mavros]: Plugin sys_status created
[mavros_node-1] [INFO] [1784469986.323762827] [mavros.mavros]: Plugin sys_status initialized
[mavros_node-1] [INFO] [1784469986.331569528] [mavros.time]: TM: Timesync mode: MAVLINK
[mavros_node-1] [INFO] [1784469986.334007320] [mavros.mavros]: Plugin sys_time created
[mavros_node-1] [INFO] [1784469986.334040247] [mavros.mavros]: Plugin sys_time initialized
[mavros_node-1] [INFO] [1784469986.341616238] [mavros.mavros]: Plugin tdr_radio created
[mavros_node-1] [INFO] [1784469986.341649360] [mavros.mavros]: Plugin tdr_radio initialized
[mavros_node-1] [INFO] [1784469986.350398846] [mavros.mavros]: Plugin terrain created
[mavros_node-1] [INFO] [1784469986.350456388] [mavros.mavros]: Plugin terrain initialized
[mavros_node-1] [INFO] [1784469986.359905062] [mavros.mavros]: Plugin trajectory created
[mavros_node-1] [INFO] [1784469986.359946162] [mavros.mavros]: Plugin trajectory initialized
[mavros_node-1] [INFO] [1784469986.368724682] [mavros.mavros]: Plugin tunnel created
[mavros_node-1] [INFO] [1784469986.368759248] [mavros.mavros]: Plugin tunnel initialized
[mavros_node-1] [INFO] [1784469986.377046602] [mavros.mavros]: Plugin vfr_hud created
[mavros_node-1] [INFO] [1784469986.377085486] [mavros.mavros]: Plugin vfr_hud initialized
[mavros_node-1] [INFO] [1784469986.377091371] [mavros.mavros]: Plugin vibration ignored
[mavros_node-1] [INFO] [1784469986.387059839] [mavros.mavros]: Plugin vision_pose created
[mavros_node-1] [INFO] [1784469986.387090024] [mavros.mavros]: Plugin vision_pose initialized
[mavros_node-1] [INFO] [1784469986.396569464] [mavros.mavros]: Plugin vision_speed created
[mavros_node-1] [INFO] [1784469986.396605075] [mavros.mavros]: Plugin vision_speed initialized
[mavros_node-1] [INFO] [1784469986.407798369] [mavros.mavros]: Plugin waypoint created
[mavros_node-1] [INFO] [1784469986.407840692] [mavros.mavros]: Plugin waypoint initialized
[mavros_node-1] [INFO] [1784469986.407846928] [mavros.mavros]: Plugin wheel_odometry ignored
[mavros_node-1] [INFO] [1784469986.417037074] [mavros.mavros]: Plugin wind_estimation created
[mavros_node-1] [INFO] [1784469986.417072469] [mavros.mavros]: Plugin wind_estimation initialized
[mavros_node-1] [INFO] [1784469986.417905215] [mavros.mavros]: Built-in SIMD instructions: SSE, SSE2
[mavros_node-1] [INFO] [1784469986.417920451] [mavros.mavros]: Built-in MAVLink package version: 2026.3.3
[mavros_node-1] [INFO] [1784469986.417925239] [mavros.mavros]: Known MAVLink dialects: common ardupilotmega ASLUAV AVSSUAS all csAirLink cubepilot development icarous loweheiser marsh matrixpilot paparazzi standard stemstudios storm32 uAvionix ualberta
[mavros_node-1] [INFO] [1784469986.417930061] [mavros.mavros]: MAVROS UAS via /uas1 started. MY ID 1.191, TARGET ID 1.1
[mavros_node-1] [INFO] [1784469986.429983775] [mavros.imu]: IMU: Attitude quaternion IMU detected!
[mavros_node-1] [INFO] [1784469986.432631003] [mavros.mavros_router]: link[1001] detected remote address 1.191
[mavros_node-1] [INFO] [1784469986.433791341] [mavros.imu]: IMU: High resolution IMU detected!
[mavros_node-1] [INFO] [1784469986.733774248] [mavros.mavros]: CON: Got HEARTBEAT, connected. FCU: PX4 Autopilot
[mavros_node-1] [INFO] [1784469986.733916171] [mavros.mission]: WP: detected enable_partial_push: 0
[mavros_node-1] [INFO] [1784469986.734059813] [mavros.imu]: IMU: High resolution IMU detected!
[mavros_node-1] [INFO] [1784469986.749891905] [mavros.imu]: IMU: Attitude quaternion IMU detected!
[mavros_node-1] [WARN] [1784469987.330576105] [mavros.sys]: FCU: UNK(8): EVENT 11047904 with args -0-0-0-16-0-128-0-0-0-184-59-127-128-184-59-127-128-0-0-0-0-0-0-0-0-0-0-0-0-0-0-0-0-0-0-0-0-0-0-0-
[mavros_node-1] [ERROR] [1784469987.330820621] [mavros.sys]: FCU: EVENT 3087815 with args -0-64-0-0-20-0-0-0-0-0-0-0-0-0-0-0-0-0-0-0-0-0-0-0-0-0-0-0-0-0-0-0-0-0-0-0-0-0-0-0-
[mavros_node-1] [WARN] [1784469987.331062550] [mavros.sys]: FCU: EVENT 453929 with args -255-255-255-255-7-0-0-0-0-0-0-0-0-0-0-0-0-0-0-0-0-0-0-0-0-0-0-0-0-0-0-0-0-0-0-0-0-0-0-0-
[mavros_node-1] [INFO] [1784469987.331225131] [mavros.sys]: FCU: EVENT 6801787 with args -255-255-255-255-12-0-0-0-0-0-0-0-0-0-0-0-0-0-0-0-0-0-0-0-0-0-0-0-0-0-0-0-0-0-0-0-0-0-0-0-
[mavros_node-1] [WARN] [1784469987.331373281] [mavros.sys]: FCU: UNK(8): EVENT 1914663 with args -0-10-9-2-40-0-0-0-0-0-0-0-0-0-0-0-0-0-0-0-0-0-0-0-0-0-0-0-0-0-0-0-0-0-0-0-0-0-0-0-
[mavros_node-1] [INFO] [1784469987.741949302] [mavros.geofence]: GF: Using MISSION_ITEM_INT
[mavros_node-1] [INFO] [1784469987.742016347] [mavros.rallypoint]: RP: Using MISSION_ITEM_INT
[mavros_node-1] [INFO] [1784469987.742055540] [mavros.mission]: WP: Using MISSION_ITEM_INT
[mavros_node-1] [INFO] [1784469987.742077493] [mavros.sys]: VER: 1.1: Capabilities         0x000000000000e8ff
[mavros_node-1] [INFO] [1784469987.742102646] [mavros.sys]: VER: 1.1: Flight software:     010f04ff (99c40407ff000000)
[mavros_node-1] [INFO] [1784469987.742120989] [mavros.sys]: VER: 1.1: Middleware software: 010f04ff (99c40407ff000000)
[mavros_node-1] [INFO] [1784469987.742137087] [mavros.sys]: VER: 1.1: OS software:         060800ff (5d74bc138955e6f0)
[mavros_node-1] [INFO] [1784469987.742152265] [mavros.sys]: VER: 1.1: Board hardware:      00000001
[mavros_node-1] [INFO] [1784469987.742167579] [mavros.sys]: VER: 1.1: VID/PID:             0000:0000
[mavros_node-1] [INFO] [1784469987.742182851] [mavros.sys]: VER: 1.1: UID:                 4954414c44494e4f
[mavros_node-1] [WARN] [1784469987.745937257] [mavros.cmd]: CMD: Unexpected command 520, result 0
[mavros_node-1] [WARN] [1784469990.930473112] [mavros.sys]: FCU: UNK(8): EVENT 11047904 with args -0-0-0-0-0-128-0-0-0-184-123-127-128-184-123-127-128-0-0-0-0-0-0-0-0-0-0-0-0-0-0-0-0-0-0-0-0-0-0-0-
[mavros_node-1] [WARN] [1784469990.930676407] [mavros.sys]: FCU: EVENT 453929 with args -255-255-255-255-7-0-0-0-0-0-0-0-0-0-0-0-0-0-0-0-0-0-0-0-0-0-0-0-0-0-0-0-0-0-0-0-0-0-0-0-
[mavros_node-1] [INFO] [1784469990.930881815] [mavros.sys]: FCU: EVENT 6801787 with args -255-255-255-255-12-0-0-0-0-0-0-0-0-0-0-0-0-0-0-0-0-0-0-0-0-0-0-0-0-0-0-0-0-0-0-0-0-0-0-0-
[mavros_node-1] [WARN] [1784469990.931035969] [mavros.sys]: FCU: UNK(8): EVENT 1914663 with args -0-10-9-2-40-0-0-0-0-0-0-0-0-0-0-0-0-0-0-0-0-0-0-0-0-0-0-0-0-0-0-0-0-0-0-0-0-0-0-0-
[mavros_node-1] [INFO] [1784469992.910576293] [mavros.sys]: FCU: EVENT 9489139 with args -4-0-0-0-0-0-0-0-0-0-0-0-0-0-0-0-0-0-0-0-0-0-0-0-0-0-0-0-0-0-0-0-0-0-0-0-0-0-0-0-
[mavros_node-1] [WARN] [1784469992.994011071] [mavros.sys]: FCU: UNK(8): EVENT 11047904 with args -0-0-0-0-0-128-0-0-0-184-123-127-128-184-123-127-128-0-0-0-0-0-0-0-0-0-0-0-0-0-0-0-0-0-0-0-0-0-0-0-
[mavros_node-1] [WARN] [1784469992.994209657] [mavros.sys]: FCU: EVENT 453929 with args -255-255-255-255-7-0-0-0-0-0-0-0-0-0-0-0-0-0-0-0-0-0-0-0-0-0-0-0-0-0-0-0-0-0-0-0-0-0-0-0-
[mavros_node-1] [INFO] [1784469992.994391937] [mavros.sys]: FCU: EVENT 6801787 with args -255-255-255-255-12-0-0-0-0-0-0-0-0-0-0-0-0-0-0-0-0-0-0-0-0-0-0-0-0-0-0-0-0-0-0-0-0-0-0-0-
[mavros_node-1] [WARN] [1784469992.994559529] [mavros.sys]: FCU: UNK(8): EVENT 1914663 with args -0-10-9-2-40-0-0-0-0-0-0-0-0-0-0-0-0-0-0-0-0-0-0-0-0-0-0-0-0-0-0-0-0-0-0-0-0-0-0-0-
[mavros_node-1] [INFO] [1784469994.670388566] [mavros.sys]: FCU: EVENT 4277609 with args -0-0-0-0-0-0-0-0-0-0-0-0-0-0-0-0-0-0-0-0-0-0-0-0-0-0-0-0-0-0-0-0-0-0-0-0-0-0-0-0-
[mavros_node-1] [INFO] [1784470001.735174542] [mavros.mission]: WP: item #0  F:2 C:530 p: 0 2 nan nan x: -2.147484e+09 y: -2.147484e+09 z: nan
[mavros_node-1] [INFO] [1784470001.735269303] [mavros.mission]: WP: item #1  F:6 C: 22 p: 0 0 0 nan x: 47.39797 y: 8.546162 z: 50
[mavros_node-1] [INFO] [1784470001.735338198] [mavros.mission]: WP: item #2  F:6 C: 16 p: 0 0 0 nan x: 47.39925 y: 8.546818 z: 50
[mavros_node-1] [INFO] [1784470001.735404934] [mavros.mission]: WP: item #3  F:6 C: 16 p: 0 0 0 nan x: 47.39816 y: 8.549662 z: 50
[mavros_node-1] [INFO] [1784470001.735469583] [mavros.mission]: WP: item #4* F:2 C: 20 p: 0 0 0 0 x: 0 y: 0 z: 0
[mavros_node-1] [INFO] [1784470001.735478841] [mavros.mission]: WP: mission received
[mavros_node-1] [INFO] [1784470006.736291222] [mavros.rallypoint]: RP: mission received
[mavros_node-1] [INFO] [1784470011.736249916] [mavros.geofence]: GF: mission received
[WARNING] [launch]: user interrupted with ctrl-c (SIGINT)
[INFO] [mavros_node-1]: sending signal 'SIGINT' to process[mavros_node-1]
[mavros_node-1] [INFO] [1784470084.191860549] [rclcpp]: signal_handler(SIGINT/SIGTERM)
[mavros_node-1] [WARN] [1784470084.192500613] [mavros.mavros]: UAS Executor terminated
[mavros_node-1] [INFO] [1784470084.271383556] [rclcpp]: signal_handler(SIGINT/SIGTERM)
[INFO] [mavros_node-1]: process has finished cleanly [pid 147702]
