[INFO] [launch]: All log files can be found below /home/drone/.ros/log/2026-07-17-22-17-30-387385-drone-ASUS-TUF-Gaming-F15-FX507VV-FX507VV-77227
[INFO] [launch]: Default logging verbosity is set to INFO
[INFO] [mavros_node-1]: process started with pid [77228]
[mavros_node-1] [INFO] [1784323050.486842685] [mavros.mavros_node]: Starting mavros_node container
[mavros_node-1] [INFO] [1784323050.486883502] [mavros.mavros_node]: FCU URL: udp://:14540@127.0.0.1:14557
[mavros_node-1] [INFO] [1784323050.486889066] [mavros.mavros_node]: GCS URL: 
[mavros_node-1] [INFO] [1784323050.486892148] [mavros.mavros_node]: UAS Prefix: /uas1
[mavros_node-1] [INFO] [1784323050.486895160] [mavros.mavros_node]: Starting mavros router node
[mavros_node-1] [INFO] [1784323050.490043148] [mavros.mavros_router]: Built-in SIMD instructions: SSE, SSE2
[mavros_node-1] [INFO] [1784323050.490057267] [mavros.mavros_router]: Built-in MAVLink package version: 2026.3.3
[mavros_node-1] [INFO] [1784323050.490064021] [mavros.mavros_router]: Known MAVLink dialects: common ardupilotmega ASLUAV AVSSUAS all csAirLink cubepilot development icarous loweheiser marsh matrixpilot paparazzi standard stemstudios storm32 uAvionix ualberta
[mavros_node-1] [INFO] [1784323050.490067345] [mavros.mavros_router]: MAVROS Router started
[mavros_node-1] [INFO] [1784323050.490089343] [mavros.mavros_node]: Starting mavros uas node
[mavros_node-1] [INFO] [1784323050.507474765] [mavros.mavros_router]: Requested to add endpoint: type: 0, url: udp://:14540@127.0.0.1:14557
[mavros_node-1] [INFO] [1784323050.507501656] [mavros.mavros_router]: Endpoint link[1000] created
[mavros_node-1] [INFO] [1784323050.507724394] [mavros.mavros_router]: link[1000] opened successfully
[mavros_node-1] [INFO] [1784323050.507732269] [mavros.mavros_router]: Requested to add endpoint: type: 2, url: /uas1
[mavros_node-1] [INFO] [1784323050.507739799] [mavros.mavros_router]: Endpoint link[1001] created
[mavros_node-1] [INFO] [1784323050.508412303] [mavros.mavros_router]: link[1000] detected remote address 1.1
[mavros_node-1] [INFO] [1784323050.508599353] [mavros.mavros_router]: link[1001] opened successfully
[mavros_node-1] [INFO] [1784323050.517507999] [mavros.mavros]: UAS Executor started, threads: 16
[mavros_node-1] [INFO] [1784323050.525678821] [mavros.mavros]: Plugin actuator_control created
[mavros_node-1] [INFO] [1784323050.525703767] [mavros.mavros]: Plugin actuator_control initialized
[mavros_node-1] [INFO] [1784323050.536335486] [mavros.mavros]: Plugin adsb created
[mavros_node-1] [INFO] [1784323050.536360630] [mavros.mavros]: Plugin adsb initialized
[mavros_node-1] [INFO] [1784323050.538730592] [mavros.mavros]: Plugin altitude created
[mavros_node-1] [INFO] [1784323050.538748923] [mavros.mavros]: Plugin altitude initialized
[mavros_node-1] [INFO] [1784323050.541112908] [mavros.mavros]: Plugin cam_imu_sync created
[mavros_node-1] [INFO] [1784323050.541130807] [mavros.mavros]: Plugin cam_imu_sync initialized
[mavros_node-1] [INFO] [1784323050.543593742] [mavros.mavros]: Plugin camera created
[mavros_node-1] [INFO] [1784323050.543611474] [mavros.mavros]: Plugin camera initialized
[mavros_node-1] [INFO] [1784323050.546158621] [mavros.mavros]: Plugin cellular_status created
[mavros_node-1] [INFO] [1784323050.546174190] [mavros.mavros]: Plugin cellular_status initialized
[mavros_node-1] [INFO] [1784323050.549934562] [mavros.mavros]: Plugin command created
[mavros_node-1] [INFO] [1784323050.549955942] [mavros.mavros]: Plugin command initialized
[mavros_node-1] [INFO] [1784323050.552660694] [mavros.mavros]: Plugin companion_process_status created
[mavros_node-1] [INFO] [1784323050.552676145] [mavros.mavros]: Plugin companion_process_status initialized
[mavros_node-1] [INFO] [1784323050.555792916] [mavros.mavros]: Plugin debug_value created
[mavros_node-1] [INFO] [1784323050.555818023] [mavros.mavros]: Plugin debug_value initialized
[mavros_node-1] [INFO] [1784323050.555822663] [mavros.mavros]: Plugin distance_sensor ignored
[mavros_node-1] [INFO] [1784323050.558874232] [mavros.mavros]: Plugin esc_status created
[mavros_node-1] [INFO] [1784323050.558896281] [mavros.mavros]: Plugin esc_status initialized
[mavros_node-1] [INFO] [1784323050.561825153] [mavros.mavros]: Plugin esc_telemetry created
[mavros_node-1] [INFO] [1784323050.561856287] [mavros.mavros]: Plugin esc_telemetry initialized
[mavros_node-1] [INFO] [1784323050.565379483] [mavros.mavros]: Plugin fake_gps created
[mavros_node-1] [INFO] [1784323050.565401683] [mavros.mavros]: Plugin fake_gps initialized
[mavros_node-1] [INFO] [1784323050.570341775] [mavros.mavros]: Plugin ftp created
[mavros_node-1] [INFO] [1784323050.570362793] [mavros.mavros]: Plugin ftp initialized
[mavros_node-1] [INFO] [1784323050.574214799] [mavros.mavros]: Plugin geofence created
[mavros_node-1] [INFO] [1784323050.574242865] [mavros.mavros]: Plugin geofence initialized
[mavros_node-1] [INFO] [1784323050.579636643] [mavros.mavros]: Plugin gimbal_control created
[mavros_node-1] [INFO] [1784323050.579664463] [mavros.mavros]: Plugin gimbal_control initialized
[mavros_node-1] [INFO] [1784323050.585664641] [mavros.mavros]: Plugin global_position created
[mavros_node-1] [INFO] [1784323050.585708183] [mavros.mavros]: Plugin global_position initialized
[mavros_node-1] [INFO] [1784323050.589222690] [mavros.mavros]: Plugin gps_input created
[mavros_node-1] [INFO] [1784323050.589247812] [mavros.mavros]: Plugin gps_input initialized
[mavros_node-1] [INFO] [1784323050.592971427] [mavros.mavros]: Plugin gps_rtk created
[mavros_node-1] [INFO] [1784323050.593015690] [mavros.mavros]: Plugin gps_rtk initialized
[mavros_node-1] [INFO] [1784323050.597091454] [mavros.mavros]: Plugin gps_status created
[mavros_node-1] [INFO] [1784323050.597115791] [mavros.mavros]: Plugin gps_status initialized
[mavros_node-1] [INFO] [1784323050.600956787] [mavros.mavros]: Plugin guided_target created
[mavros_node-1] [INFO] [1784323050.600976184] [mavros.mavros]: Plugin guided_target initialized
[mavros_node-1] [INFO] [1784323050.605794284] [mavros.mavros]: Plugin hil created
[mavros_node-1] [INFO] [1784323050.605819392] [mavros.mavros]: Plugin hil initialized
[mavros_node-1] [INFO] [1784323050.609989691] [mavros.mavros]: Plugin home_position created
[mavros_node-1] [INFO] [1784323050.610012198] [mavros.mavros]: Plugin home_position initialized
[mavros_node-1] [INFO] [1784323050.615127526] [mavros.mavros]: Plugin imu created
[mavros_node-1] [INFO] [1784323050.615156457] [mavros.mavros]: Plugin imu initialized
[mavros_node-1] [INFO] [1784323050.620127797] [mavros.mavros]: Plugin landing_target created
[mavros_node-1] [INFO] [1784323050.620161571] [mavros.mavros]: Plugin landing_target initialized
[mavros_node-1] [INFO] [1784323050.625484680] [mavros.mavros]: Plugin local_position created
[mavros_node-1] [INFO] [1784323050.625508020] [mavros.mavros]: Plugin local_position initialized
[mavros_node-1] [INFO] [1784323050.630893585] [mavros.mavros]: Plugin log_transfer created
[mavros_node-1] [INFO] [1784323050.630918856] [mavros.mavros]: Plugin log_transfer initialized
[mavros_node-1] [INFO] [1784323050.635435451] [mavros.mavros]: Plugin mag_calibration_status created
[mavros_node-1] [INFO] [1784323050.635459341] [mavros.mavros]: Plugin mag_calibration_status initialized
[mavros_node-1] [INFO] [1784323050.640059959] [mavros.mavros]: Plugin manual_control created
[mavros_node-1] [INFO] [1784323050.640095209] [mavros.mavros]: Plugin manual_control initialized
[mavros_node-1] [INFO] [1784323050.644661571] [mavros.mavros]: Plugin mocap_pose_estimate created
[mavros_node-1] [INFO] [1784323050.644682820] [mavros.mavros]: Plugin mocap_pose_estimate initialized
[mavros_node-1] [INFO] [1784323050.650138859] [mavros.mavros]: Plugin mount_control created
[mavros_node-1] [INFO] [1784323050.650161864] [mavros.mavros]: Plugin mount_control initialized
[mavros_node-1] [INFO] [1784323050.654794058] [mavros.mavros]: Plugin nav_controller_output created
[mavros_node-1] [INFO] [1784323050.654817509] [mavros.mavros]: Plugin nav_controller_output initialized
[mavros_node-1] [INFO] [1784323050.659608525] [mavros.mavros]: Plugin obstacle_distance created
[mavros_node-1] [INFO] [1784323050.659628154] [mavros.mavros]: Plugin obstacle_distance initialized
[mavros_node-1] [INFO] [1784323050.664545078] [mavros.mavros]: Plugin obstacle_distance_3d created
[mavros_node-1] [INFO] [1784323050.664563956] [mavros.mavros]: Plugin obstacle_distance_3d initialized
[mavros_node-1] [INFO] [1784323050.669804478] [mavros.mavros]: Plugin odometry created
[mavros_node-1] [INFO] [1784323050.669833381] [mavros.mavros]: Plugin odometry initialized
[mavros_node-1] [INFO] [1784323050.675052613] [mavros.mavros]: Plugin onboard_computer_status created
[mavros_node-1] [INFO] [1784323050.675073852] [mavros.mavros]: Plugin onboard_computer_status initialized
[mavros_node-1] [INFO] [1784323050.681102445] [mavros.mavros]: Plugin open_drone_id created
[mavros_node-1] [INFO] [1784323050.681123068] [mavros.mavros]: Plugin open_drone_id initialized
[mavros_node-1] [INFO] [1784323050.687157714] [mavros.mavros]: Plugin optical_flow created
[mavros_node-1] [INFO] [1784323050.687182881] [mavros.mavros]: Plugin optical_flow initialized
[mavros_node-1] [INFO] [1784323050.692826572] [mavros.mavros]: Plugin param created
[mavros_node-1] [INFO] [1784323050.692851987] [mavros.mavros]: Plugin param initialized
[mavros_node-1] [INFO] [1784323050.698319398] [mavros.mavros]: Plugin play_tune created
[mavros_node-1] [INFO] [1784323050.698339934] [mavros.mavros]: Plugin play_tune initialized
[mavros_node-1] [INFO] [1784323050.704822100] [mavros.mavros]: Plugin px4flow created
[mavros_node-1] [INFO] [1784323050.704846481] [mavros.mavros]: Plugin px4flow initialized
[mavros_node-1] [INFO] [1784323050.711576203] [mavros.mavros]: Plugin rallypoint created
[mavros_node-1] [INFO] [1784323050.711609787] [mavros.mavros]: Plugin rallypoint initialized
[mavros_node-1] [INFO] [1784323050.711614944] [mavros.mavros]: Plugin rangefinder ignored
[mavros_node-1] [INFO] [1784323050.717860141] [mavros.mavros]: Plugin rc_io created
[mavros_node-1] [INFO] [1784323050.717914194] [mavros.mavros]: Plugin rc_io initialized
[mavros_node-1] [INFO] [1784323050.723812818] [mavros.mavros]: Plugin setpoint_accel created
[mavros_node-1] [INFO] [1784323050.723836243] [mavros.mavros]: Plugin setpoint_accel initialized
[mavros_node-1] [INFO] [1784323050.730369494] [mavros.mavros]: Plugin setpoint_attitude created
[mavros_node-1] [INFO] [1784323050.730392687] [mavros.mavros]: Plugin setpoint_attitude initialized
[mavros_node-1] [INFO] [1784323050.737398082] [mavros.mavros]: Plugin setpoint_position created
[mavros_node-1] [INFO] [1784323050.737420000] [mavros.mavros]: Plugin setpoint_position initialized
[mavros_node-1] [INFO] [1784323050.745125651] [mavros.mavros]: Plugin setpoint_raw created
[mavros_node-1] [INFO] [1784323050.745164408] [mavros.mavros]: Plugin setpoint_raw initialized
[mavros_node-1] [INFO] [1784323050.753878389] [mavros.mavros]: Plugin setpoint_trajectory created
[mavros_node-1] [INFO] [1784323050.753903300] [mavros.mavros]: Plugin setpoint_trajectory initialized
[mavros_node-1] [INFO] [1784323050.761298238] [mavros.mavros]: Plugin setpoint_velocity created
[mavros_node-1] [INFO] [1784323050.761335456] [mavros.mavros]: Plugin setpoint_velocity initialized
[mavros_node-1] [INFO] [1784323050.769345187] [mavros.mavros]: Plugin sim_state created
[mavros_node-1] [INFO] [1784323050.769375357] [mavros.mavros]: Plugin sim_state initialized
[mavros_node-1] [INFO] [1784323050.781194133] [mavros.mavros]: Plugin sys_status created
[mavros_node-1] [INFO] [1784323050.781248720] [mavros.mavros]: Plugin sys_status initialized
[mavros_node-1] [INFO] [1784323050.788142654] [mavros.time]: TM: Timesync mode: MAVLINK
[mavros_node-1] [INFO] [1784323050.790503229] [mavros.mavros]: Plugin sys_time created
[mavros_node-1] [INFO] [1784323050.790527432] [mavros.mavros]: Plugin sys_time initialized
[mavros_node-1] [INFO] [1784323050.797992997] [mavros.mavros]: Plugin tdr_radio created
[mavros_node-1] [INFO] [1784323050.798023296] [mavros.mavros]: Plugin tdr_radio initialized
[mavros_node-1] [INFO] [1784323050.805265612] [mavros.mavros]: Plugin terrain created
[mavros_node-1] [INFO] [1784323050.805360595] [mavros.mavros]: Plugin terrain initialized
[mavros_node-1] [INFO] [1784323050.813471870] [mavros.mavros]: Plugin trajectory created
[mavros_node-1] [INFO] [1784323050.813500140] [mavros.mavros]: Plugin trajectory initialized
[mavros_node-1] [INFO] [1784323050.821142220] [mavros.mavros]: Plugin tunnel created
[mavros_node-1] [INFO] [1784323050.821177018] [mavros.mavros]: Plugin tunnel initialized
[mavros_node-1] [INFO] [1784323050.828748425] [mavros.mavros]: Plugin vfr_hud created
[mavros_node-1] [INFO] [1784323050.828780275] [mavros.mavros]: Plugin vfr_hud initialized
[mavros_node-1] [INFO] [1784323050.828785506] [mavros.mavros]: Plugin vibration ignored
[mavros_node-1] [INFO] [1784323050.837204461] [mavros.mavros]: Plugin vision_pose created
[mavros_node-1] [INFO] [1784323050.837231692] [mavros.mavros]: Plugin vision_pose initialized
[mavros_node-1] [INFO] [1784323050.845513641] [mavros.mavros]: Plugin vision_speed created
[mavros_node-1] [INFO] [1784323050.845539107] [mavros.mavros]: Plugin vision_speed initialized
[mavros_node-1] [INFO] [1784323050.856093454] [mavros.mavros]: Plugin waypoint created
[mavros_node-1] [INFO] [1784323050.856143129] [mavros.mavros]: Plugin waypoint initialized
[mavros_node-1] [INFO] [1784323050.856149053] [mavros.mavros]: Plugin wheel_odometry ignored
[mavros_node-1] [INFO] [1784323050.864523518] [mavros.mavros]: Plugin wind_estimation created
[mavros_node-1] [INFO] [1784323050.864556933] [mavros.mavros]: Plugin wind_estimation initialized
[mavros_node-1] [INFO] [1784323050.865326784] [mavros.mavros]: Built-in SIMD instructions: SSE, SSE2
[mavros_node-1] [INFO] [1784323050.865339449] [mavros.mavros]: Built-in MAVLink package version: 2026.3.3
[mavros_node-1] [INFO] [1784323050.865343149] [mavros.mavros]: Known MAVLink dialects: common ardupilotmega ASLUAV AVSSUAS all csAirLink cubepilot development icarous loweheiser marsh matrixpilot paparazzi standard stemstudios storm32 uAvionix ualberta
[mavros_node-1] [INFO] [1784323050.865346615] [mavros.mavros]: MAVROS UAS via /uas1 started. MY ID 1.191, TARGET ID 1.1
[mavros_node-1] [INFO] [1784323050.868628327] [mavros.imu]: IMU: Attitude quaternion IMU detected!
[mavros_node-1] [INFO] [1784323050.876469423] [mavros.imu]: IMU: High resolution IMU detected!
[mavros_node-1] [INFO] [1784323050.889184416] [mavros.mavros_router]: link[1001] detected remote address 1.191
[mavros_node-1] [INFO] [1784323051.336566626] [mavros.mavros]: CON: Got HEARTBEAT, connected. FCU: PX4 Autopilot
[mavros_node-1] [INFO] [1784323051.336717092] [mavros.mission]: WP: detected enable_partial_push: 0
[mavros_node-1] [INFO] [1784323051.336995514] [mavros.imu]: IMU: High resolution IMU detected!
[mavros_node-1] [INFO] [1784323051.348565649] [mavros.imu]: IMU: Attitude quaternion IMU detected!
[mavros_node-1] [WARN] [1784323051.760668265] [mavros.sys]: FCU: UNK(8): EVENT 11047904 with args -0-0-0-16-0-128-0-0-0-184-59-127-128-184-59-127-128-0-0-0-0-0-0-0-0-0-0-0-0-0-0-0-0-0-0-0-0-0-0-0-
[mavros_node-1] [ERROR] [1784323051.760958130] [mavros.sys]: FCU: EVENT 3087815 with args -0-64-0-0-20-0-0-0-0-0-0-0-0-0-0-0-0-0-0-0-0-0-0-0-0-0-0-0-0-0-0-0-0-0-0-0-0-0-0-0-
[mavros_node-1] [WARN] [1784323051.761222660] [mavros.sys]: FCU: EVENT 453929 with args -255-255-255-255-7-0-0-0-0-0-0-0-0-0-0-0-0-0-0-0-0-0-0-0-0-0-0-0-0-0-0-0-0-0-0-0-0-0-0-0-
[mavros_node-1] [INFO] [1784323051.761444713] [mavros.sys]: FCU: EVENT 6801787 with args -255-255-255-255-12-0-0-0-0-0-0-0-0-0-0-0-0-0-0-0-0-0-0-0-0-0-0-0-0-0-0-0-0-0-0-0-0-0-0-0-
[mavros_node-1] [WARN] [1784323051.761659273] [mavros.sys]: FCU: UNK(8): EVENT 1914663 with args -0-10-9-2-40-0-0-0-0-0-0-0-0-0-0-0-0-0-0-0-0-0-0-0-0-0-0-0-0-0-0-0-0-0-0-0-0-0-0-0-
[mavros_node-1] [INFO] [1784323052.344677029] [mavros.geofence]: GF: Using MISSION_ITEM_INT
[mavros_node-1] [INFO] [1784323052.344743475] [mavros.rallypoint]: RP: Using MISSION_ITEM_INT
[mavros_node-1] [INFO] [1784323052.344769499] [mavros.mission]: WP: Using MISSION_ITEM_INT
[mavros_node-1] [INFO] [1784323052.344789348] [mavros.sys]: VER: 1.1: Capabilities         0x000000000000e8ff
[mavros_node-1] [INFO] [1784323052.344812733] [mavros.sys]: VER: 1.1: Flight software:     010f04ff (99c40407ff000000)
[mavros_node-1] [INFO] [1784323052.344829804] [mavros.sys]: VER: 1.1: Middleware software: 010f04ff (99c40407ff000000)
[mavros_node-1] [INFO] [1784323052.344845069] [mavros.sys]: VER: 1.1: OS software:         060800ff (5d74bc138955e6f0)
[mavros_node-1] [INFO] [1784323052.344858985] [mavros.sys]: VER: 1.1: Board hardware:      00000001
[mavros_node-1] [INFO] [1784323052.344873286] [mavros.sys]: VER: 1.1: VID/PID:             0000:0000
[mavros_node-1] [INFO] [1784323052.344888360] [mavros.sys]: VER: 1.1: UID:                 4954414c44494e4f
[mavros_node-1] [WARN] [1784323052.348559335] [mavros.cmd]: CMD: Unexpected command 520, result 0
[mavros_node-1] [WARN] [1784323053.812498882] [mavros.sys]: FCU: UNK(8): EVENT 11047904 with args -0-0-0-16-0-128-0-0-0-184-59-127-128-184-59-127-128-0-0-0-0-0-0-0-0-0-0-0-0-0-0-0-0-0-0-0-0-0-0-0-
[mavros_node-1] [ERROR] [1784323053.812689681] [mavros.sys]: FCU: EVENT 3087815 with args -0-64-0-0-20-0-0-0-0-0-0-0-0-0-0-0-0-0-0-0-0-0-0-0-0-0-0-0-0-0-0-0-0-0-0-0-0-0-0-0-
[mavros_node-1] [WARN] [1784323053.812882598] [mavros.sys]: FCU: EVENT 453929 with args -255-255-255-255-7-0-0-0-0-0-0-0-0-0-0-0-0-0-0-0-0-0-0-0-0-0-0-0-0-0-0-0-0-0-0-0-0-0-0-0-
[mavros_node-1] [INFO] [1784323053.813068268] [mavros.sys]: FCU: EVENT 6801787 with args -255-255-255-255-12-0-0-0-0-0-0-0-0-0-0-0-0-0-0-0-0-0-0-0-0-0-0-0-0-0-0-0-0-0-0-0-0-0-0-0-
[mavros_node-1] [WARN] [1784323053.813231532] [mavros.sys]: FCU: UNK(8): EVENT 1914663 with args -0-10-9-2-40-0-0-0-0-0-0-0-0-0-0-0-0-0-0-0-0-0-0-0-0-0-0-0-0-0-0-0-0-0-0-0-0-0-0-0-
[mavros_node-1] [WARN] [1784323055.844753808] [mavros.sys]: FCU: UNK(8): EVENT 11047904 with args -0-0-0-0-0-128-0-0-0-184-123-127-128-184-123-127-128-0-0-0-0-0-0-0-0-0-0-0-0-0-0-0-0-0-0-0-0-0-0-0-
[mavros_node-1] [WARN] [1784323055.844959020] [mavros.sys]: FCU: EVENT 453929 with args -255-255-255-255-7-0-0-0-0-0-0-0-0-0-0-0-0-0-0-0-0-0-0-0-0-0-0-0-0-0-0-0-0-0-0-0-0-0-0-0-
[mavros_node-1] [INFO] [1784323055.845192438] [mavros.sys]: FCU: EVENT 6801787 with args -255-255-255-255-12-0-0-0-0-0-0-0-0-0-0-0-0-0-0-0-0-0-0-0-0-0-0-0-0-0-0-0-0-0-0-0-0-0-0-0-
[mavros_node-1] [WARN] [1784323055.845337094] [mavros.sys]: FCU: UNK(8): EVENT 1914663 with args -0-10-9-2-40-0-0-0-0-0-0-0-0-0-0-0-0-0-0-0-0-0-0-0-0-0-0-0-0-0-0-0-0-0-0-0-0-0-0-0-
[mavros_node-1] [INFO] [1784323057.508786846] [mavros.sys]: FCU: EVENT 9489139 with args -4-0-0-0-0-0-0-0-0-0-0-0-0-0-0-0-0-0-0-0-0-0-0-0-0-0-0-0-0-0-0-0-0-0-0-0-0-0-0-0-
[mavros_node-1] [INFO] [1784323059.224575758] [mavros.sys]: FCU: EVENT 4277609 with args -0-0-0-0-0-0-0-0-0-0-0-0-0-0-0-0-0-0-0-0-0-0-0-0-0-0-0-0-0-0-0-0-0-0-0-0-0-0-0-0-
[mavros_node-1] [INFO] [1784323066.338099164] [mavros.mission]: WP: item #0  F:2 C:530 p: 0 2 nan nan x: -2.147484e+09 y: -2.147484e+09 z: nan
[mavros_node-1] [INFO] [1784323066.338224928] [mavros.mission]: WP: item #1  F:6 C: 22 p: 0 0 0 nan x: 47.39797 y: 8.546162 z: 50
[mavros_node-1] [INFO] [1784323066.338311080] [mavros.mission]: WP: item #2  F:6 C: 16 p: 0 0 0 nan x: 47.39925 y: 8.546818 z: 50
[mavros_node-1] [INFO] [1784323066.338414343] [mavros.mission]: WP: item #3  F:6 C: 16 p: 0 0 0 nan x: 47.39816 y: 8.549662 z: 50
[mavros_node-1] [INFO] [1784323066.338496296] [mavros.mission]: WP: item #4* F:2 C: 20 p: 0 0 0 0 x: 0 y: 0 z: 0
[mavros_node-1] [INFO] [1784323066.338504701] [mavros.mission]: WP: mission received
[mavros_node-1] [INFO] [1784323071.337539911] [mavros.rallypoint]: RP: mission received
[mavros_node-1] [INFO] [1784323076.337909618] [mavros.geofence]: GF: mission received
[WARNING] [launch]: user interrupted with ctrl-c (SIGINT)
[INFO] [mavros_node-1]: sending signal 'SIGINT' to process[mavros_node-1]
[mavros_node-1] [INFO] [1784323148.695678691] [rclcpp]: signal_handler(SIGINT/SIGTERM)
[mavros_node-1] [WARN] [1784323148.696981104] [mavros.mavros]: UAS Executor terminated
[mavros_node-1] [INFO] [1784323148.782088284] [rclcpp]: signal_handler(SIGINT/SIGTERM)
[INFO] [mavros_node-1]: process has finished cleanly [pid 77228]
