[INFO] [launch]: All log files can be found below /home/drone/.ros/log/2026-07-18-22-52-17-576227-drone-ASUS-TUF-Gaming-F15-FX507VV-FX507VV-122094
[INFO] [launch]: Default logging verbosity is set to INFO
[INFO] [mavros_node-1]: process started with pid [122095]
[mavros_node-1] [INFO] [1784411537.685449967] [mavros.mavros_node]: Starting mavros_node container
[mavros_node-1] [INFO] [1784411537.685504156] [mavros.mavros_node]: FCU URL: udp://:14540@127.0.0.1:14557
[mavros_node-1] [INFO] [1784411537.685509889] [mavros.mavros_node]: GCS URL: 
[mavros_node-1] [INFO] [1784411537.685513048] [mavros.mavros_node]: UAS Prefix: /uas1
[mavros_node-1] [INFO] [1784411537.685515880] [mavros.mavros_node]: Starting mavros router node
[mavros_node-1] [INFO] [1784411537.688429072] [mavros.mavros_router]: Built-in SIMD instructions: SSE, SSE2
[mavros_node-1] [INFO] [1784411537.688442448] [mavros.mavros_router]: Built-in MAVLink package version: 2026.3.3
[mavros_node-1] [INFO] [1784411537.688450470] [mavros.mavros_router]: Known MAVLink dialects: common ardupilotmega ASLUAV AVSSUAS all csAirLink cubepilot development icarous loweheiser marsh matrixpilot paparazzi standard stemstudios storm32 uAvionix ualberta
[mavros_node-1] [INFO] [1784411537.688454014] [mavros.mavros_router]: MAVROS Router started
[mavros_node-1] [INFO] [1784411537.688476525] [mavros.mavros_node]: Starting mavros uas node
[mavros_node-1] [INFO] [1784411537.708526937] [mavros.mavros_router]: Requested to add endpoint: type: 0, url: udp://:14540@127.0.0.1:14557
[mavros_node-1] [INFO] [1784411537.708570431] [mavros.mavros_router]: Endpoint link[1000] created
[mavros_node-1] [INFO] [1784411537.708926974] [mavros.mavros_router]: link[1000] opened successfully
[mavros_node-1] [INFO] [1784411537.708942410] [mavros.mavros_router]: Requested to add endpoint: type: 2, url: /uas1
[mavros_node-1] [INFO] [1784411537.708955873] [mavros.mavros_router]: Endpoint link[1001] created
[mavros_node-1] [INFO] [1784411537.710169819] [mavros.mavros_router]: link[1001] opened successfully
[mavros_node-1] [INFO] [1784411537.712379834] [mavros.mavros_router]: link[1000] detected remote address 1.1
[mavros_node-1] [INFO] [1784411537.718649947] [mavros.mavros]: UAS Executor started, threads: 16
[mavros_node-1] [INFO] [1784411537.735780090] [mavros.mavros]: Plugin actuator_control created
[mavros_node-1] [INFO] [1784411537.735838572] [mavros.mavros]: Plugin actuator_control initialized
[mavros_node-1] [INFO] [1784411537.755516528] [mavros.mavros]: Plugin adsb created
[mavros_node-1] [INFO] [1784411537.755554658] [mavros.mavros]: Plugin adsb initialized
[mavros_node-1] [INFO] [1784411537.758458384] [mavros.mavros]: Plugin altitude created
[mavros_node-1] [INFO] [1784411537.758484340] [mavros.mavros]: Plugin altitude initialized
[mavros_node-1] [INFO] [1784411537.760872086] [mavros.mavros]: Plugin cam_imu_sync created
[mavros_node-1] [INFO] [1784411537.760900175] [mavros.mavros]: Plugin cam_imu_sync initialized
[mavros_node-1] [INFO] [1784411537.763433711] [mavros.mavros]: Plugin camera created
[mavros_node-1] [INFO] [1784411537.763455091] [mavros.mavros]: Plugin camera initialized
[mavros_node-1] [INFO] [1784411537.766149014] [mavros.mavros]: Plugin cellular_status created
[mavros_node-1] [INFO] [1784411537.766179763] [mavros.mavros]: Plugin cellular_status initialized
[mavros_node-1] [INFO] [1784411537.770010389] [mavros.mavros]: Plugin command created
[mavros_node-1] [INFO] [1784411537.770036080] [mavros.mavros]: Plugin command initialized
[mavros_node-1] [INFO] [1784411537.772980910] [mavros.mavros]: Plugin companion_process_status created
[mavros_node-1] [INFO] [1784411537.772997364] [mavros.mavros]: Plugin companion_process_status initialized
[mavros_node-1] [INFO] [1784411537.776081202] [mavros.mavros]: Plugin debug_value created
[mavros_node-1] [INFO] [1784411537.776107948] [mavros.mavros]: Plugin debug_value initialized
[mavros_node-1] [INFO] [1784411537.776113250] [mavros.mavros]: Plugin distance_sensor ignored
[mavros_node-1] [INFO] [1784411537.779200339] [mavros.mavros]: Plugin esc_status created
[mavros_node-1] [INFO] [1784411537.779224837] [mavros.mavros]: Plugin esc_status initialized
[mavros_node-1] [INFO] [1784411537.782343653] [mavros.mavros]: Plugin esc_telemetry created
[mavros_node-1] [INFO] [1784411537.782378777] [mavros.mavros]: Plugin esc_telemetry initialized
[mavros_node-1] [INFO] [1784411537.785999523] [mavros.mavros]: Plugin fake_gps created
[mavros_node-1] [INFO] [1784411537.786029693] [mavros.mavros]: Plugin fake_gps initialized
[mavros_node-1] [INFO] [1784411537.790929229] [mavros.mavros]: Plugin ftp created
[mavros_node-1] [INFO] [1784411537.790951083] [mavros.mavros]: Plugin ftp initialized
[mavros_node-1] [INFO] [1784411537.794934143] [mavros.mavros]: Plugin geofence created
[mavros_node-1] [INFO] [1784411537.794964699] [mavros.mavros]: Plugin geofence initialized
[mavros_node-1] [INFO] [1784411537.800741994] [mavros.mavros]: Plugin gimbal_control created
[mavros_node-1] [INFO] [1784411537.800779990] [mavros.mavros]: Plugin gimbal_control initialized
[mavros_node-1] [INFO] [1784411537.807090204] [mavros.mavros]: Plugin global_position created
[mavros_node-1] [INFO] [1784411537.807141767] [mavros.mavros]: Plugin global_position initialized
[mavros_node-1] [INFO] [1784411537.810907708] [mavros.mavros]: Plugin gps_input created
[mavros_node-1] [INFO] [1784411537.810926617] [mavros.mavros]: Plugin gps_input initialized
[mavros_node-1] [INFO] [1784411537.815312425] [mavros.mavros]: Plugin gps_rtk created
[mavros_node-1] [INFO] [1784411537.815343790] [mavros.mavros]: Plugin gps_rtk initialized
[mavros_node-1] [INFO] [1784411537.820029525] [mavros.mavros]: Plugin gps_status created
[mavros_node-1] [INFO] [1784411537.820075257] [mavros.mavros]: Plugin gps_status initialized
[mavros_node-1] [INFO] [1784411537.824023837] [mavros.mavros]: Plugin guided_target created
[mavros_node-1] [INFO] [1784411537.824057545] [mavros.mavros]: Plugin guided_target initialized
[mavros_node-1] [INFO] [1784411537.829072173] [mavros.mavros]: Plugin hil created
[mavros_node-1] [INFO] [1784411537.829100835] [mavros.mavros]: Plugin hil initialized
[mavros_node-1] [INFO] [1784411537.833662432] [mavros.mavros]: Plugin home_position created
[mavros_node-1] [INFO] [1784411537.833701125] [mavros.mavros]: Plugin home_position initialized
[mavros_node-1] [INFO] [1784411537.838958678] [mavros.mavros]: Plugin imu created
[mavros_node-1] [INFO] [1784411537.838989488] [mavros.mavros]: Plugin imu initialized
[mavros_node-1] [INFO] [1784411537.844015884] [mavros.mavros]: Plugin landing_target created
[mavros_node-1] [INFO] [1784411537.844037121] [mavros.mavros]: Plugin landing_target initialized
[mavros_node-1] [INFO] [1784411537.850001456] [mavros.mavros]: Plugin local_position created
[mavros_node-1] [INFO] [1784411537.850049724] [mavros.mavros]: Plugin local_position initialized
[mavros_node-1] [INFO] [1784411537.855978082] [mavros.mavros]: Plugin log_transfer created
[mavros_node-1] [INFO] [1784411537.856007340] [mavros.mavros]: Plugin log_transfer initialized
[mavros_node-1] [INFO] [1784411537.861054293] [mavros.mavros]: Plugin mag_calibration_status created
[mavros_node-1] [INFO] [1784411537.861101638] [mavros.mavros]: Plugin mag_calibration_status initialized
[mavros_node-1] [INFO] [1784411537.866733648] [mavros.mavros]: Plugin manual_control created
[mavros_node-1] [INFO] [1784411537.866830999] [mavros.mavros]: Plugin manual_control initialized
[mavros_node-1] [INFO] [1784411537.872252624] [mavros.mavros]: Plugin mocap_pose_estimate created
[mavros_node-1] [INFO] [1784411537.872277484] [mavros.mavros]: Plugin mocap_pose_estimate initialized
[mavros_node-1] [INFO] [1784411537.878231336] [mavros.mavros]: Plugin mount_control created
[mavros_node-1] [INFO] [1784411537.878271558] [mavros.mavros]: Plugin mount_control initialized
[mavros_node-1] [INFO] [1784411537.884351497] [mavros.mavros]: Plugin nav_controller_output created
[mavros_node-1] [INFO] [1784411537.884387606] [mavros.mavros]: Plugin nav_controller_output initialized
[mavros_node-1] [INFO] [1784411537.889931192] [mavros.mavros]: Plugin obstacle_distance created
[mavros_node-1] [INFO] [1784411537.889951765] [mavros.mavros]: Plugin obstacle_distance initialized
[mavros_node-1] [INFO] [1784411537.895397372] [mavros.mavros]: Plugin obstacle_distance_3d created
[mavros_node-1] [INFO] [1784411537.895428278] [mavros.mavros]: Plugin obstacle_distance_3d initialized
[mavros_node-1] [INFO] [1784411537.901523779] [mavros.mavros]: Plugin odometry created
[mavros_node-1] [INFO] [1784411537.901579567] [mavros.mavros]: Plugin odometry initialized
[mavros_node-1] [INFO] [1784411537.906888331] [mavros.mavros]: Plugin onboard_computer_status created
[mavros_node-1] [INFO] [1784411537.906907118] [mavros.mavros]: Plugin onboard_computer_status initialized
[mavros_node-1] [INFO] [1784411537.913222901] [mavros.mavros]: Plugin open_drone_id created
[mavros_node-1] [INFO] [1784411537.913251907] [mavros.mavros]: Plugin open_drone_id initialized
[mavros_node-1] [INFO] [1784411537.920196139] [mavros.mavros]: Plugin optical_flow created
[mavros_node-1] [INFO] [1784411537.920227590] [mavros.mavros]: Plugin optical_flow initialized
[mavros_node-1] [INFO] [1784411537.926289279] [mavros.mavros]: Plugin param created
[mavros_node-1] [INFO] [1784411537.926315499] [mavros.mavros]: Plugin param initialized
[mavros_node-1] [INFO] [1784411537.932393959] [mavros.mavros]: Plugin play_tune created
[mavros_node-1] [INFO] [1784411537.932433841] [mavros.mavros]: Plugin play_tune initialized
[mavros_node-1] [INFO] [1784411537.940051721] [mavros.mavros]: Plugin px4flow created
[mavros_node-1] [INFO] [1784411537.940086468] [mavros.mavros]: Plugin px4flow initialized
[mavros_node-1] [INFO] [1784411537.947360106] [mavros.mavros]: Plugin rallypoint created
[mavros_node-1] [INFO] [1784411537.947400621] [mavros.mavros]: Plugin rallypoint initialized
[mavros_node-1] [INFO] [1784411537.947406209] [mavros.mavros]: Plugin rangefinder ignored
[mavros_node-1] [INFO] [1784411537.954652768] [mavros.mavros]: Plugin rc_io created
[mavros_node-1] [INFO] [1784411537.954709994] [mavros.mavros]: Plugin rc_io initialized
[mavros_node-1] [INFO] [1784411537.961066357] [mavros.mavros]: Plugin setpoint_accel created
[mavros_node-1] [INFO] [1784411537.961093327] [mavros.mavros]: Plugin setpoint_accel initialized
[mavros_node-1] [INFO] [1784411537.968414568] [mavros.mavros]: Plugin setpoint_attitude created
[mavros_node-1] [INFO] [1784411537.968444156] [mavros.mavros]: Plugin setpoint_attitude initialized
[mavros_node-1] [INFO] [1784411537.976257338] [mavros.mavros]: Plugin setpoint_position created
[mavros_node-1] [INFO] [1784411537.976284663] [mavros.mavros]: Plugin setpoint_position initialized
[mavros_node-1] [INFO] [1784411537.985094436] [mavros.mavros]: Plugin setpoint_raw created
[mavros_node-1] [INFO] [1784411537.985131487] [mavros.mavros]: Plugin setpoint_raw initialized
[mavros_node-1] [INFO] [1784411537.993262751] [mavros.mavros]: Plugin setpoint_trajectory created
[mavros_node-1] [INFO] [1784411537.993288333] [mavros.mavros]: Plugin setpoint_trajectory initialized
[mavros_node-1] [INFO] [1784411538.001054056] [mavros.mavros]: Plugin setpoint_velocity created
[mavros_node-1] [INFO] [1784411538.001090269] [mavros.mavros]: Plugin setpoint_velocity initialized
[mavros_node-1] [INFO] [1784411538.011653283] [mavros.mavros]: Plugin sim_state created
[mavros_node-1] [INFO] [1784411538.011713264] [mavros.mavros]: Plugin sim_state initialized
[mavros_node-1] [INFO] [1784411538.025939086] [mavros.mavros]: Plugin sys_status created
[mavros_node-1] [INFO] [1784411538.026013399] [mavros.mavros]: Plugin sys_status initialized
[mavros_node-1] [INFO] [1784411538.034181155] [mavros.time]: TM: Timesync mode: MAVLINK
[mavros_node-1] [INFO] [1784411538.036993719] [mavros.mavros]: Plugin sys_time created
[mavros_node-1] [INFO] [1784411538.037029904] [mavros.mavros]: Plugin sys_time initialized
[mavros_node-1] [INFO] [1784411538.045427789] [mavros.mavros]: Plugin tdr_radio created
[mavros_node-1] [INFO] [1784411538.045464062] [mavros.mavros]: Plugin tdr_radio initialized
[mavros_node-1] [INFO] [1784411538.054707622] [mavros.mavros]: Plugin terrain created
[mavros_node-1] [INFO] [1784411538.054753770] [mavros.mavros]: Plugin terrain initialized
[mavros_node-1] [INFO] [1784411538.063709279] [mavros.mavros]: Plugin trajectory created
[mavros_node-1] [INFO] [1784411538.063749181] [mavros.mavros]: Plugin trajectory initialized
[mavros_node-1] [INFO] [1784411538.072635507] [mavros.mavros]: Plugin tunnel created
[mavros_node-1] [INFO] [1784411538.072676460] [mavros.mavros]: Plugin tunnel initialized
[mavros_node-1] [INFO] [1784411538.081212140] [mavros.mavros]: Plugin vfr_hud created
[mavros_node-1] [INFO] [1784411538.081246975] [mavros.mavros]: Plugin vfr_hud initialized
[mavros_node-1] [INFO] [1784411538.081252561] [mavros.mavros]: Plugin vibration ignored
[mavros_node-1] [INFO] [1784411538.090714607] [mavros.mavros]: Plugin vision_pose created
[mavros_node-1] [INFO] [1784411538.090758513] [mavros.mavros]: Plugin vision_pose initialized
[mavros_node-1] [INFO] [1784411538.101047278] [mavros.mavros]: Plugin vision_speed created
[mavros_node-1] [INFO] [1784411538.101078926] [mavros.mavros]: Plugin vision_speed initialized
[mavros_node-1] [INFO] [1784411538.112212249] [mavros.mavros]: Plugin waypoint created
[mavros_node-1] [INFO] [1784411538.112255923] [mavros.mavros]: Plugin waypoint initialized
[mavros_node-1] [INFO] [1784411538.112261419] [mavros.mavros]: Plugin wheel_odometry ignored
[mavros_node-1] [INFO] [1784411538.122547026] [mavros.mavros]: Plugin wind_estimation created
[mavros_node-1] [INFO] [1784411538.122642556] [mavros.mavros]: Plugin wind_estimation initialized
[mavros_node-1] [INFO] [1784411538.123831209] [mavros.mavros]: Built-in SIMD instructions: SSE, SSE2
[mavros_node-1] [INFO] [1784411538.123846695] [mavros.mavros]: Built-in MAVLink package version: 2026.3.3
[mavros_node-1] [INFO] [1784411538.123850385] [mavros.mavros]: Known MAVLink dialects: common ardupilotmega ASLUAV AVSSUAS all csAirLink cubepilot development icarous loweheiser marsh matrixpilot paparazzi standard stemstudios storm32 uAvionix ualberta
[mavros_node-1] [INFO] [1784411538.123853845] [mavros.mavros]: MAVROS UAS via /uas1 started. MY ID 1.191, TARGET ID 1.1
[mavros_node-1] [INFO] [1784411538.132534665] [mavros.imu]: IMU: Attitude quaternion IMU detected!
[mavros_node-1] [INFO] [1784411538.135026271] [mavros.mavros_router]: link[1001] detected remote address 1.191
[mavros_node-1] [INFO] [1784411538.140312046] [mavros.imu]: IMU: High resolution IMU detected!
[mavros_node-1] [INFO] [1784411538.680568801] [mavros.mavros]: CON: Got HEARTBEAT, connected. FCU: PX4 Autopilot
[mavros_node-1] [INFO] [1784411538.680896006] [mavros.mission]: WP: detected enable_partial_push: 0
[mavros_node-1] [INFO] [1784411538.681228755] [mavros.imu]: IMU: High resolution IMU detected!
[mavros_node-1] [INFO] [1784411538.692660717] [mavros.imu]: IMU: Attitude quaternion IMU detected!
[mavros_node-1] [WARN] [1784411538.984574740] [mavros.sys]: FCU: UNK(8): EVENT 11047904 with args -0-0-0-16-0-128-0-0-0-184-59-127-128-184-59-127-128-0-0-0-0-0-0-0-0-0-0-0-0-0-0-0-0-0-0-0-0-0-0-0-
[mavros_node-1] [ERROR] [1784411538.984772991] [mavros.sys]: FCU: EVENT 3087815 with args -0-64-0-0-20-0-0-0-0-0-0-0-0-0-0-0-0-0-0-0-0-0-0-0-0-0-0-0-0-0-0-0-0-0-0-0-0-0-0-0-
[mavros_node-1] [WARN] [1784411538.984968325] [mavros.sys]: FCU: EVENT 453929 with args -255-255-255-255-7-0-0-0-0-0-0-0-0-0-0-0-0-0-0-0-0-0-0-0-0-0-0-0-0-0-0-0-0-0-0-0-0-0-0-0-
[mavros_node-1] [INFO] [1784411538.985101951] [mavros.sys]: FCU: EVENT 6801787 with args -255-255-255-255-12-0-0-0-0-0-0-0-0-0-0-0-0-0-0-0-0-0-0-0-0-0-0-0-0-0-0-0-0-0-0-0-0-0-0-0-
[mavros_node-1] [WARN] [1784411538.985227960] [mavros.sys]: FCU: UNK(8): EVENT 1914663 with args -0-10-9-2-40-0-0-0-0-0-0-0-0-0-0-0-0-0-0-0-0-0-0-0-0-0-0-0-0-0-0-0-0-0-0-0-0-0-0-0-
[mavros_node-1] [INFO] [1784411539.692539232] [mavros.geofence]: GF: Using MISSION_ITEM_INT
[mavros_node-1] [INFO] [1784411539.692599528] [mavros.rallypoint]: RP: Using MISSION_ITEM_INT
[mavros_node-1] [INFO] [1784411539.692613070] [mavros.mission]: WP: Using MISSION_ITEM_INT
[mavros_node-1] [INFO] [1784411539.692624819] [mavros.sys]: VER: 1.1: Capabilities         0x000000000000e8ff
[mavros_node-1] [INFO] [1784411539.692639168] [mavros.sys]: VER: 1.1: Flight software:     010f04ff (99c40407ff000000)
[mavros_node-1] [INFO] [1784411539.692648493] [mavros.sys]: VER: 1.1: Middleware software: 010f04ff (99c40407ff000000)
[mavros_node-1] [INFO] [1784411539.692655875] [mavros.sys]: VER: 1.1: OS software:         060800ff (5d74bc138955e6f0)
[mavros_node-1] [INFO] [1784411539.692662749] [mavros.sys]: VER: 1.1: Board hardware:      00000001
[mavros_node-1] [INFO] [1784411539.692669709] [mavros.sys]: VER: 1.1: VID/PID:             0000:0000
[mavros_node-1] [INFO] [1784411539.692680952] [mavros.sys]: VER: 1.1: UID:                 4954414c44494e4f
[mavros_node-1] [WARN] [1784411539.696619580] [mavros.cmd]: CMD: Unexpected command 520, result 0
[mavros_node-1] [WARN] [1784411543.544913446] [mavros.sys]: FCU: UNK(8): EVENT 11047904 with args -0-0-0-0-0-128-0-0-0-184-123-127-128-184-123-127-128-0-0-0-0-0-0-0-0-0-0-0-0-0-0-0-0-0-0-0-0-0-0-0-
[mavros_node-1] [WARN] [1784411543.545192859] [mavros.sys]: FCU: EVENT 453929 with args -255-255-255-255-7-0-0-0-0-0-0-0-0-0-0-0-0-0-0-0-0-0-0-0-0-0-0-0-0-0-0-0-0-0-0-0-0-0-0-0-
[mavros_node-1] [INFO] [1784411543.545448346] [mavros.sys]: FCU: EVENT 6801787 with args -255-255-255-255-12-0-0-0-0-0-0-0-0-0-0-0-0-0-0-0-0-0-0-0-0-0-0-0-0-0-0-0-0-0-0-0-0-0-0-0-
[mavros_node-1] [WARN] [1784411543.545637441] [mavros.sys]: FCU: UNK(8): EVENT 1914663 with args -0-10-9-2-40-0-0-0-0-0-0-0-0-0-0-0-0-0-0-0-0-0-0-0-0-0-0-0-0-0-0-0-0-0-0-0-0-0-0-0-
[mavros_node-1] [INFO] [1784411544.564693746] [mavros.sys]: FCU: EVENT 9489139 with args -4-0-0-0-0-0-0-0-0-0-0-0-0-0-0-0-0-0-0-0-0-0-0-0-0-0-0-0-0-0-0-0-0-0-0-0-0-0-0-0-
[mavros_node-1] [INFO] [1784411546.316556000] [mavros.sys]: FCU: EVENT 4277609 with args -0-0-0-0-0-0-0-0-0-0-0-0-0-0-0-0-0-0-0-0-0-0-0-0-0-0-0-0-0-0-0-0-0-0-0-0-0-0-0-0-
[mavros_node-1] [INFO] [1784411553.681741450] [mavros.mission]: WP: item #0  F:2 C:530 p: 0 2 nan nan x: -2.147484e+09 y: -2.147484e+09 z: nan
[mavros_node-1] [INFO] [1784411553.681859506] [mavros.mission]: WP: item #1  F:6 C: 22 p: 0 0 0 nan x: 47.39797 y: 8.546162 z: 50
[mavros_node-1] [INFO] [1784411553.681954821] [mavros.mission]: WP: item #2  F:6 C: 16 p: 0 0 0 nan x: 47.39925 y: 8.546818 z: 50
[mavros_node-1] [INFO] [1784411553.682088448] [mavros.mission]: WP: item #3  F:6 C: 16 p: 0 0 0 nan x: 47.39816 y: 8.549662 z: 50
[mavros_node-1] [INFO] [1784411553.682216424] [mavros.mission]: WP: item #4* F:2 C: 20 p: 0 0 0 0 x: 0 y: 0 z: 0
[mavros_node-1] [INFO] [1784411553.682241234] [mavros.mission]: WP: mission received
[mavros_node-1] [INFO] [1784411558.681770858] [mavros.rallypoint]: RP: mission received
[mavros_node-1] [INFO] [1784411563.681821524] [mavros.geofence]: GF: mission received
[WARNING] [launch]: user interrupted with ctrl-c (SIGINT)
[INFO] [mavros_node-1]: sending signal 'SIGINT' to process[mavros_node-1]
[mavros_node-1] [INFO] [1784411635.827808416] [rclcpp]: signal_handler(SIGINT/SIGTERM)
[mavros_node-1] [WARN] [1784411635.828432972] [mavros.mavros]: UAS Executor terminated
[mavros_node-1] [INFO] [1784411635.917457376] [rclcpp]: signal_handler(SIGINT/SIGTERM)
[INFO] [mavros_node-1]: process has finished cleanly [pid 122095]
