[INFO] [launch]: All log files can be found below /home/drone/.ros/log/2026-07-17-21-30-53-207116-drone-ASUS-TUF-Gaming-F15-FX507VV-FX507VV-70645
[INFO] [launch]: Default logging verbosity is set to INFO
[INFO] [mavros_node-1]: process started with pid [70646]
[mavros_node-1] [INFO] [1784320253.307065778] [mavros.mavros_node]: Starting mavros_node container
[mavros_node-1] [INFO] [1784320253.307108073] [mavros.mavros_node]: FCU URL: udp://:14540@127.0.0.1:14557
[mavros_node-1] [INFO] [1784320253.307112939] [mavros.mavros_node]: GCS URL: 
[mavros_node-1] [INFO] [1784320253.307115996] [mavros.mavros_node]: UAS Prefix: /uas1
[mavros_node-1] [INFO] [1784320253.307118704] [mavros.mavros_node]: Starting mavros router node
[mavros_node-1] [INFO] [1784320253.310133754] [mavros.mavros_router]: Built-in SIMD instructions: SSE, SSE2
[mavros_node-1] [INFO] [1784320253.310147915] [mavros.mavros_router]: Built-in MAVLink package version: 2026.3.3
[mavros_node-1] [INFO] [1784320253.310154889] [mavros.mavros_router]: Known MAVLink dialects: common ardupilotmega ASLUAV AVSSUAS all csAirLink cubepilot development icarous loweheiser marsh matrixpilot paparazzi standard stemstudios storm32 uAvionix ualberta
[mavros_node-1] [INFO] [1784320253.310159397] [mavros.mavros_router]: MAVROS Router started
[mavros_node-1] [INFO] [1784320253.310181266] [mavros.mavros_node]: Starting mavros uas node
[mavros_node-1] [INFO] [1784320253.327487910] [mavros.mavros_router]: Requested to add endpoint: type: 0, url: udp://:14540@127.0.0.1:14557
[mavros_node-1] [INFO] [1784320253.327513548] [mavros.mavros_router]: Endpoint link[1000] created
[mavros_node-1] [INFO] [1784320253.327734316] [mavros.mavros_router]: link[1000] opened successfully
[mavros_node-1] [INFO] [1784320253.327743286] [mavros.mavros_router]: Requested to add endpoint: type: 2, url: /uas1
[mavros_node-1] [INFO] [1784320253.327751620] [mavros.mavros_router]: Endpoint link[1001] created
[mavros_node-1] [INFO] [1784320253.328590364] [mavros.mavros_router]: link[1001] opened successfully
[mavros_node-1] [INFO] [1784320253.330753434] [mavros.mavros_router]: link[1000] detected remote address 1.1
[mavros_node-1] [INFO] [1784320253.337536620] [mavros.mavros]: UAS Executor started, threads: 16
[mavros_node-1] [INFO] [1784320253.345586467] [mavros.mavros]: Plugin actuator_control created
[mavros_node-1] [INFO] [1784320253.345609816] [mavros.mavros]: Plugin actuator_control initialized
[mavros_node-1] [INFO] [1784320253.356158942] [mavros.mavros]: Plugin adsb created
[mavros_node-1] [INFO] [1784320253.356181087] [mavros.mavros]: Plugin adsb initialized
[mavros_node-1] [INFO] [1784320253.358548781] [mavros.mavros]: Plugin altitude created
[mavros_node-1] [INFO] [1784320253.358567267] [mavros.mavros]: Plugin altitude initialized
[mavros_node-1] [INFO] [1784320253.360898781] [mavros.mavros]: Plugin cam_imu_sync created
[mavros_node-1] [INFO] [1784320253.360916257] [mavros.mavros]: Plugin cam_imu_sync initialized
[mavros_node-1] [INFO] [1784320253.363346001] [mavros.mavros]: Plugin camera created
[mavros_node-1] [INFO] [1784320253.363364024] [mavros.mavros]: Plugin camera initialized
[mavros_node-1] [INFO] [1784320253.365902858] [mavros.mavros]: Plugin cellular_status created
[mavros_node-1] [INFO] [1784320253.365917368] [mavros.mavros]: Plugin cellular_status initialized
[mavros_node-1] [INFO] [1784320253.369690355] [mavros.mavros]: Plugin command created
[mavros_node-1] [INFO] [1784320253.369711821] [mavros.mavros]: Plugin command initialized
[mavros_node-1] [INFO] [1784320253.372397205] [mavros.mavros]: Plugin companion_process_status created
[mavros_node-1] [INFO] [1784320253.372411849] [mavros.mavros]: Plugin companion_process_status initialized
[mavros_node-1] [INFO] [1784320253.375462124] [mavros.mavros]: Plugin debug_value created
[mavros_node-1] [INFO] [1784320253.375486188] [mavros.mavros]: Plugin debug_value initialized
[mavros_node-1] [INFO] [1784320253.375490710] [mavros.mavros]: Plugin distance_sensor ignored
[mavros_node-1] [INFO] [1784320253.378528597] [mavros.mavros]: Plugin esc_status created
[mavros_node-1] [INFO] [1784320253.378549210] [mavros.mavros]: Plugin esc_status initialized
[mavros_node-1] [INFO] [1784320253.381538360] [mavros.mavros]: Plugin esc_telemetry created
[mavros_node-1] [INFO] [1784320253.381560063] [mavros.mavros]: Plugin esc_telemetry initialized
[mavros_node-1] [INFO] [1784320253.385034477] [mavros.mavros]: Plugin fake_gps created
[mavros_node-1] [INFO] [1784320253.385050446] [mavros.mavros]: Plugin fake_gps initialized
[mavros_node-1] [INFO] [1784320253.389876321] [mavros.mavros]: Plugin ftp created
[mavros_node-1] [INFO] [1784320253.389898811] [mavros.mavros]: Plugin ftp initialized
[mavros_node-1] [INFO] [1784320253.393678019] [mavros.mavros]: Plugin geofence created
[mavros_node-1] [INFO] [1784320253.393704583] [mavros.mavros]: Plugin geofence initialized
[mavros_node-1] [INFO] [1784320253.398971977] [mavros.mavros]: Plugin gimbal_control created
[mavros_node-1] [INFO] [1784320253.398996548] [mavros.mavros]: Plugin gimbal_control initialized
[mavros_node-1] [INFO] [1784320253.404927822] [mavros.mavros]: Plugin global_position created
[mavros_node-1] [INFO] [1784320253.404968963] [mavros.mavros]: Plugin global_position initialized
[mavros_node-1] [INFO] [1784320253.408517959] [mavros.mavros]: Plugin gps_input created
[mavros_node-1] [INFO] [1784320253.408540143] [mavros.mavros]: Plugin gps_input initialized
[mavros_node-1] [INFO] [1784320253.412216258] [mavros.mavros]: Plugin gps_rtk created
[mavros_node-1] [INFO] [1784320253.412235213] [mavros.mavros]: Plugin gps_rtk initialized
[mavros_node-1] [INFO] [1784320253.416231226] [mavros.mavros]: Plugin gps_status created
[mavros_node-1] [INFO] [1784320253.416258873] [mavros.mavros]: Plugin gps_status initialized
[mavros_node-1] [INFO] [1784320253.420095768] [mavros.mavros]: Plugin guided_target created
[mavros_node-1] [INFO] [1784320253.420114653] [mavros.mavros]: Plugin guided_target initialized
[mavros_node-1] [INFO] [1784320253.424832462] [mavros.mavros]: Plugin hil created
[mavros_node-1] [INFO] [1784320253.424856778] [mavros.mavros]: Plugin hil initialized
[mavros_node-1] [INFO] [1784320253.429008789] [mavros.mavros]: Plugin home_position created
[mavros_node-1] [INFO] [1784320253.429028203] [mavros.mavros]: Plugin home_position initialized
[mavros_node-1] [INFO] [1784320253.434074009] [mavros.mavros]: Plugin imu created
[mavros_node-1] [INFO] [1784320253.434101661] [mavros.mavros]: Plugin imu initialized
[mavros_node-1] [INFO] [1784320253.439277531] [mavros.mavros]: Plugin landing_target created
[mavros_node-1] [INFO] [1784320253.439303587] [mavros.mavros]: Plugin landing_target initialized
[mavros_node-1] [INFO] [1784320253.444795079] [mavros.mavros]: Plugin local_position created
[mavros_node-1] [INFO] [1784320253.444818905] [mavros.mavros]: Plugin local_position initialized
[mavros_node-1] [INFO] [1784320253.450429862] [mavros.mavros]: Plugin log_transfer created
[mavros_node-1] [INFO] [1784320253.450456009] [mavros.mavros]: Plugin log_transfer initialized
[mavros_node-1] [INFO] [1784320253.456102432] [mavros.mavros]: Plugin mag_calibration_status created
[mavros_node-1] [INFO] [1784320253.456143469] [mavros.mavros]: Plugin mag_calibration_status initialized
[mavros_node-1] [INFO] [1784320253.462127496] [mavros.mavros]: Plugin manual_control created
[mavros_node-1] [INFO] [1784320253.462150695] [mavros.mavros]: Plugin manual_control initialized
[mavros_node-1] [INFO] [1784320253.467099562] [mavros.mavros]: Plugin mocap_pose_estimate created
[mavros_node-1] [INFO] [1784320253.467134226] [mavros.mavros]: Plugin mocap_pose_estimate initialized
[mavros_node-1] [INFO] [1784320253.472860407] [mavros.mavros]: Plugin mount_control created
[mavros_node-1] [INFO] [1784320253.472884713] [mavros.mavros]: Plugin mount_control initialized
[mavros_node-1] [INFO] [1784320253.477888339] [mavros.mavros]: Plugin nav_controller_output created
[mavros_node-1] [INFO] [1784320253.477910052] [mavros.mavros]: Plugin nav_controller_output initialized
[mavros_node-1] [INFO] [1784320253.482769773] [mavros.mavros]: Plugin obstacle_distance created
[mavros_node-1] [INFO] [1784320253.482808241] [mavros.mavros]: Plugin obstacle_distance initialized
[mavros_node-1] [INFO] [1784320253.487839933] [mavros.mavros]: Plugin obstacle_distance_3d created
[mavros_node-1] [INFO] [1784320253.487871434] [mavros.mavros]: Plugin obstacle_distance_3d initialized
[mavros_node-1] [INFO] [1784320253.493190218] [mavros.mavros]: Plugin odometry created
[mavros_node-1] [INFO] [1784320253.493213831] [mavros.mavros]: Plugin odometry initialized
[mavros_node-1] [INFO] [1784320253.498470630] [mavros.mavros]: Plugin onboard_computer_status created
[mavros_node-1] [INFO] [1784320253.498520757] [mavros.mavros]: Plugin onboard_computer_status initialized
[mavros_node-1] [INFO] [1784320253.504621759] [mavros.mavros]: Plugin open_drone_id created
[mavros_node-1] [INFO] [1784320253.504659074] [mavros.mavros]: Plugin open_drone_id initialized
[mavros_node-1] [INFO] [1784320253.510933027] [mavros.mavros]: Plugin optical_flow created
[mavros_node-1] [INFO] [1784320253.510957326] [mavros.mavros]: Plugin optical_flow initialized
[mavros_node-1] [INFO] [1784320253.516662129] [mavros.mavros]: Plugin param created
[mavros_node-1] [INFO] [1784320253.516686697] [mavros.mavros]: Plugin param initialized
[mavros_node-1] [INFO] [1784320253.522262073] [mavros.mavros]: Plugin play_tune created
[mavros_node-1] [INFO] [1784320253.522283098] [mavros.mavros]: Plugin play_tune initialized
[mavros_node-1] [INFO] [1784320253.529039962] [mavros.mavros]: Plugin px4flow created
[mavros_node-1] [INFO] [1784320253.529110521] [mavros.mavros]: Plugin px4flow initialized
[mavros_node-1] [INFO] [1784320253.536532026] [mavros.mavros]: Plugin rallypoint created
[mavros_node-1] [INFO] [1784320253.536564365] [mavros.mavros]: Plugin rallypoint initialized
[mavros_node-1] [INFO] [1784320253.536569529] [mavros.mavros]: Plugin rangefinder ignored
[mavros_node-1] [INFO] [1784320253.543315386] [mavros.mavros]: Plugin rc_io created
[mavros_node-1] [INFO] [1784320253.543365731] [mavros.mavros]: Plugin rc_io initialized
[mavros_node-1] [INFO] [1784320253.549713347] [mavros.mavros]: Plugin setpoint_accel created
[mavros_node-1] [INFO] [1784320253.549734898] [mavros.mavros]: Plugin setpoint_accel initialized
[mavros_node-1] [INFO] [1784320253.556917182] [mavros.mavros]: Plugin setpoint_attitude created
[mavros_node-1] [INFO] [1784320253.556947104] [mavros.mavros]: Plugin setpoint_attitude initialized
[mavros_node-1] [INFO] [1784320253.564501799] [mavros.mavros]: Plugin setpoint_position created
[mavros_node-1] [INFO] [1784320253.564526373] [mavros.mavros]: Plugin setpoint_position initialized
[mavros_node-1] [INFO] [1784320253.573050603] [mavros.mavros]: Plugin setpoint_raw created
[mavros_node-1] [INFO] [1784320253.573083367] [mavros.mavros]: Plugin setpoint_raw initialized
[mavros_node-1] [INFO] [1784320253.581529124] [mavros.mavros]: Plugin setpoint_trajectory created
[mavros_node-1] [INFO] [1784320253.581552726] [mavros.mavros]: Plugin setpoint_trajectory initialized
[mavros_node-1] [INFO] [1784320253.588565918] [mavros.mavros]: Plugin setpoint_velocity created
[mavros_node-1] [INFO] [1784320253.588589636] [mavros.mavros]: Plugin setpoint_velocity initialized
[mavros_node-1] [INFO] [1784320253.596601069] [mavros.mavros]: Plugin sim_state created
[mavros_node-1] [INFO] [1784320253.596628847] [mavros.mavros]: Plugin sim_state initialized
[mavros_node-1] [INFO] [1784320253.608613197] [mavros.mavros]: Plugin sys_status created
[mavros_node-1] [INFO] [1784320253.608658565] [mavros.mavros]: Plugin sys_status initialized
[mavros_node-1] [INFO] [1784320253.615236853] [mavros.time]: TM: Timesync mode: MAVLINK
[mavros_node-1] [INFO] [1784320253.617584457] [mavros.mavros]: Plugin sys_time created
[mavros_node-1] [INFO] [1784320253.617606803] [mavros.mavros]: Plugin sys_time initialized
[mavros_node-1] [INFO] [1784320253.625086411] [mavros.mavros]: Plugin tdr_radio created
[mavros_node-1] [INFO] [1784320253.625117635] [mavros.mavros]: Plugin tdr_radio initialized
[mavros_node-1] [INFO] [1784320253.632411369] [mavros.mavros]: Plugin terrain created
[mavros_node-1] [INFO] [1784320253.632443481] [mavros.mavros]: Plugin terrain initialized
[mavros_node-1] [INFO] [1784320253.640653622] [mavros.mavros]: Plugin trajectory created
[mavros_node-1] [INFO] [1784320253.640682711] [mavros.mavros]: Plugin trajectory initialized
[mavros_node-1] [INFO] [1784320253.648505100] [mavros.mavros]: Plugin tunnel created
[mavros_node-1] [INFO] [1784320253.648546974] [mavros.mavros]: Plugin tunnel initialized
[mavros_node-1] [INFO] [1784320253.656676707] [mavros.mavros]: Plugin vfr_hud created
[mavros_node-1] [INFO] [1784320253.656708301] [mavros.mavros]: Plugin vfr_hud initialized
[mavros_node-1] [INFO] [1784320253.656713506] [mavros.mavros]: Plugin vibration ignored
[mavros_node-1] [INFO] [1784320253.665340148] [mavros.mavros]: Plugin vision_pose created
[mavros_node-1] [INFO] [1784320253.665367902] [mavros.mavros]: Plugin vision_pose initialized
[mavros_node-1] [INFO] [1784320253.673716461] [mavros.mavros]: Plugin vision_speed created
[mavros_node-1] [INFO] [1784320253.673744261] [mavros.mavros]: Plugin vision_speed initialized
[mavros_node-1] [INFO] [1784320253.684369297] [mavros.mavros]: Plugin waypoint created
[mavros_node-1] [INFO] [1784320253.684410972] [mavros.mavros]: Plugin waypoint initialized
[mavros_node-1] [INFO] [1784320253.684416200] [mavros.mavros]: Plugin wheel_odometry ignored
[mavros_node-1] [INFO] [1784320253.692535732] [mavros.mavros]: Plugin wind_estimation created
[mavros_node-1] [INFO] [1784320253.692569344] [mavros.mavros]: Plugin wind_estimation initialized
[mavros_node-1] [INFO] [1784320253.693345670] [mavros.mavros]: Built-in SIMD instructions: SSE, SSE2
[mavros_node-1] [INFO] [1784320253.693356099] [mavros.mavros]: Built-in MAVLink package version: 2026.3.3
[mavros_node-1] [INFO] [1784320253.693359712] [mavros.mavros]: Known MAVLink dialects: common ardupilotmega ASLUAV AVSSUAS all csAirLink cubepilot development icarous loweheiser marsh matrixpilot paparazzi standard stemstudios storm32 uAvionix ualberta
[mavros_node-1] [INFO] [1784320253.693363045] [mavros.mavros]: MAVROS UAS via /uas1 started. MY ID 1.191, TARGET ID 1.1
[mavros_node-1] [INFO] [1784320253.694819173] [mavros.imu]: IMU: Attitude quaternion IMU detected!
[mavros_node-1] [INFO] [1784320253.710790845] [mavros.imu]: IMU: High resolution IMU detected!
[mavros_node-1] [INFO] [1784320253.716486446] [mavros.mavros_router]: link[1001] detected remote address 1.191
[mavros_node-1] [INFO] [1784320254.170835158] [mavros.mavros]: CON: Got HEARTBEAT, connected. FCU: PX4 Autopilot
[mavros_node-1] [INFO] [1784320254.171076623] [mavros.mission]: WP: detected enable_partial_push: 0
[mavros_node-1] [INFO] [1784320254.171473194] [mavros.imu]: IMU: High resolution IMU detected!
[mavros_node-1] [INFO] [1784320254.174845638] [mavros.imu]: IMU: Attitude quaternion IMU detected!
[mavros_node-1] [WARN] [1784320254.558871791] [mavros.sys]: FCU: UNK(8): EVENT 11047904 with args -0-0-0-16-0-128-0-0-0-184-59-127-128-184-59-127-128-0-0-0-0-0-0-0-0-0-0-0-0-0-0-0-0-0-0-0-0-0-0-0-
[mavros_node-1] [ERROR] [1784320254.559171606] [mavros.sys]: FCU: EVENT 3087815 with args -0-64-0-0-20-0-0-0-0-0-0-0-0-0-0-0-0-0-0-0-0-0-0-0-0-0-0-0-0-0-0-0-0-0-0-0-0-0-0-0-
[mavros_node-1] [WARN] [1784320254.559421047] [mavros.sys]: FCU: EVENT 453929 with args -255-255-255-255-7-0-0-0-0-0-0-0-0-0-0-0-0-0-0-0-0-0-0-0-0-0-0-0-0-0-0-0-0-0-0-0-0-0-0-0-
[mavros_node-1] [INFO] [1784320254.559582769] [mavros.sys]: FCU: EVENT 6801787 with args -255-255-255-255-12-0-0-0-0-0-0-0-0-0-0-0-0-0-0-0-0-0-0-0-0-0-0-0-0-0-0-0-0-0-0-0-0-0-0-0-
[mavros_node-1] [WARN] [1784320254.559710942] [mavros.sys]: FCU: UNK(8): EVENT 1914663 with args -0-10-9-2-40-0-0-0-0-0-0-0-0-0-0-0-0-0-0-0-0-0-0-0-0-0-0-0-0-0-0-0-0-0-0-0-0-0-0-0-
[mavros_node-1] [INFO] [1784320255.182828217] [mavros.geofence]: GF: Using MISSION_ITEM_INT
[mavros_node-1] [INFO] [1784320255.182895089] [mavros.rallypoint]: RP: Using MISSION_ITEM_INT
[mavros_node-1] [INFO] [1784320255.182920171] [mavros.mission]: WP: Using MISSION_ITEM_INT
[mavros_node-1] [INFO] [1784320255.182940382] [mavros.sys]: VER: 1.1: Capabilities         0x000000000000e8ff
[mavros_node-1] [INFO] [1784320255.182964774] [mavros.sys]: VER: 1.1: Flight software:     010f04ff (99c40407ff000000)
[mavros_node-1] [INFO] [1784320255.182982649] [mavros.sys]: VER: 1.1: Middleware software: 010f04ff (99c40407ff000000)
[mavros_node-1] [INFO] [1784320255.182998470] [mavros.sys]: VER: 1.1: OS software:         060800ff (5d74bc138955e6f0)
[mavros_node-1] [INFO] [1784320255.183012679] [mavros.sys]: VER: 1.1: Board hardware:      00000001
[mavros_node-1] [INFO] [1784320255.183026552] [mavros.sys]: VER: 1.1: VID/PID:             0000:0000
[mavros_node-1] [INFO] [1784320255.183041465] [mavros.sys]: VER: 1.1: UID:                 4954414c44494e4f
[mavros_node-1] [WARN] [1784320255.186818228] [mavros.cmd]: CMD: Unexpected command 520, result 0
[mavros_node-1] [WARN] [1784320256.610910727] [mavros.sys]: FCU: UNK(8): EVENT 11047904 with args -0-0-0-16-0-128-0-0-0-184-59-127-128-184-59-127-128-0-0-0-0-0-0-0-0-0-0-0-0-0-0-0-0-0-0-0-0-0-0-0-
[mavros_node-1] [ERROR] [1784320256.611102648] [mavros.sys]: FCU: EVENT 3087815 with args -0-64-0-0-20-0-0-0-0-0-0-0-0-0-0-0-0-0-0-0-0-0-0-0-0-0-0-0-0-0-0-0-0-0-0-0-0-0-0-0-
[mavros_node-1] [WARN] [1784320256.611278794] [mavros.sys]: FCU: EVENT 453929 with args -255-255-255-255-7-0-0-0-0-0-0-0-0-0-0-0-0-0-0-0-0-0-0-0-0-0-0-0-0-0-0-0-0-0-0-0-0-0-0-0-
[mavros_node-1] [INFO] [1784320256.611404380] [mavros.sys]: FCU: EVENT 6801787 with args -255-255-255-255-12-0-0-0-0-0-0-0-0-0-0-0-0-0-0-0-0-0-0-0-0-0-0-0-0-0-0-0-0-0-0-0-0-0-0-0-
[mavros_node-1] [WARN] [1784320256.611526705] [mavros.sys]: FCU: UNK(8): EVENT 1914663 with args -0-10-9-2-40-0-0-0-0-0-0-0-0-0-0-0-0-0-0-0-0-0-0-0-0-0-0-0-0-0-0-0-0-0-0-0-0-0-0-0-
[mavros_node-1] [WARN] [1784320258.662860672] [mavros.sys]: FCU: UNK(8): EVENT 11047904 with args -0-0-0-0-0-128-0-0-0-184-123-127-128-184-123-127-128-0-0-0-0-0-0-0-0-0-0-0-0-0-0-0-0-0-0-0-0-0-0-0-
[mavros_node-1] [WARN] [1784320258.663053301] [mavros.sys]: FCU: EVENT 453929 with args -255-255-255-255-7-0-0-0-0-0-0-0-0-0-0-0-0-0-0-0-0-0-0-0-0-0-0-0-0-0-0-0-0-0-0-0-0-0-0-0-
[mavros_node-1] [INFO] [1784320258.663254481] [mavros.sys]: FCU: EVENT 6801787 with args -255-255-255-255-12-0-0-0-0-0-0-0-0-0-0-0-0-0-0-0-0-0-0-0-0-0-0-0-0-0-0-0-0-0-0-0-0-0-0-0-
[mavros_node-1] [WARN] [1784320258.663454067] [mavros.sys]: FCU: UNK(8): EVENT 1914663 with args -0-10-9-2-40-0-0-0-0-0-0-0-0-0-0-0-0-0-0-0-0-0-0-0-0-0-0-0-0-0-0-0-0-0-0-0-0-0-0-0-
[mavros_node-1] [INFO] [1784320260.331103233] [mavros.sys]: FCU: EVENT 9489139 with args -4-0-0-0-0-0-0-0-0-0-0-0-0-0-0-0-0-0-0-0-0-0-0-0-0-0-0-0-0-0-0-0-0-0-0-0-0-0-0-0-
[mavros_node-1] [INFO] [1784320262.071798626] [mavros.sys]: FCU: EVENT 4277609 with args -0-0-0-0-0-0-0-0-0-0-0-0-0-0-0-0-0-0-0-0-0-0-0-0-0-0-0-0-0-0-0-0-0-0-0-0-0-0-0-0-
[mavros_node-1] [INFO] [1784320269.172738656] [mavros.mission]: WP: item #0  F:2 C:530 p: 0 2 nan nan x: -2.147484e+09 y: -2.147484e+09 z: nan
[mavros_node-1] [INFO] [1784320269.172870759] [mavros.mission]: WP: item #1  F:6 C: 22 p: 0 0 0 nan x: 47.39797 y: 8.546162 z: 50
[mavros_node-1] [INFO] [1784320269.172968664] [mavros.mission]: WP: item #2  F:6 C: 16 p: 0 0 0 nan x: 47.39925 y: 8.546818 z: 50
[mavros_node-1] [INFO] [1784320269.173043097] [mavros.mission]: WP: item #3  F:6 C: 16 p: 0 0 0 nan x: 47.39816 y: 8.549662 z: 50
[mavros_node-1] [INFO] [1784320269.173114077] [mavros.mission]: WP: item #4* F:2 C: 20 p: 0 0 0 0 x: 0 y: 0 z: 0
[mavros_node-1] [INFO] [1784320269.173126258] [mavros.mission]: WP: mission received
[mavros_node-1] [INFO] [1784320274.173138646] [mavros.rallypoint]: RP: mission received
[mavros_node-1] [INFO] [1784320279.172631616] [mavros.geofence]: GF: mission received
[WARNING] [launch]: user interrupted with ctrl-c (SIGINT)
[INFO] [mavros_node-1]: sending signal 'SIGINT' to process[mavros_node-1]
[mavros_node-1] [INFO] [1784320351.511473290] [rclcpp]: signal_handler(SIGINT/SIGTERM)
[mavros_node-1] [WARN] [1784320351.512597420] [mavros.mavros]: UAS Executor terminated
[mavros_node-1] [INFO] [1784320351.598612831] [rclcpp]: signal_handler(SIGINT/SIGTERM)
[INFO] [mavros_node-1]: process has finished cleanly [pid 70646]
