[INFO] [launch]: All log files can be found below /home/drone/.ros/log/2026-07-19-00-14-40-112229-drone-ASUS-TUF-Gaming-F15-FX507VV-FX507VV-133786
[INFO] [launch]: Default logging verbosity is set to INFO
[INFO] [mavros_node-1]: process started with pid [133787]
[mavros_node-1] [INFO] [1784416480.217310888] [mavros.mavros_node]: Starting mavros_node container
[mavros_node-1] [INFO] [1784416480.217355833] [mavros.mavros_node]: FCU URL: udp://:14540@127.0.0.1:14557
[mavros_node-1] [INFO] [1784416480.217360833] [mavros.mavros_node]: GCS URL: 
[mavros_node-1] [INFO] [1784416480.217363882] [mavros.mavros_node]: UAS Prefix: /uas1
[mavros_node-1] [INFO] [1784416480.217366698] [mavros.mavros_node]: Starting mavros router node
[mavros_node-1] [INFO] [1784416480.220518513] [mavros.mavros_router]: Built-in SIMD instructions: SSE, SSE2
[mavros_node-1] [INFO] [1784416480.220532519] [mavros.mavros_router]: Built-in MAVLink package version: 2026.3.3
[mavros_node-1] [INFO] [1784416480.220539744] [mavros.mavros_router]: Known MAVLink dialects: common ardupilotmega ASLUAV AVSSUAS all csAirLink cubepilot development icarous loweheiser marsh matrixpilot paparazzi standard stemstudios storm32 uAvionix ualberta
[mavros_node-1] [INFO] [1784416480.220544514] [mavros.mavros_router]: MAVROS Router started
[mavros_node-1] [INFO] [1784416480.220565214] [mavros.mavros_node]: Starting mavros uas node
[mavros_node-1] [INFO] [1784416480.238575017] [mavros.mavros_router]: Requested to add endpoint: type: 0, url: udp://:14540@127.0.0.1:14557
[mavros_node-1] [INFO] [1784416480.238603258] [mavros.mavros_router]: Endpoint link[1000] created
[mavros_node-1] [INFO] [1784416480.238833149] [mavros.mavros_router]: link[1000] opened successfully
[mavros_node-1] [INFO] [1784416480.238841485] [mavros.mavros_router]: Requested to add endpoint: type: 2, url: /uas1
[mavros_node-1] [INFO] [1784416480.238853604] [mavros.mavros_router]: Endpoint link[1001] created
[mavros_node-1] [INFO] [1784416480.238953827] [mavros.mavros_router]: link[1000] detected remote address 1.1
[mavros_node-1] [INFO] [1784416480.239736913] [mavros.mavros_router]: link[1001] opened successfully
[mavros_node-1] [INFO] [1784416480.248644154] [mavros.mavros]: UAS Executor started, threads: 16
[mavros_node-1] [INFO] [1784416480.257064630] [mavros.mavros]: Plugin actuator_control created
[mavros_node-1] [INFO] [1784416480.257090550] [mavros.mavros]: Plugin actuator_control initialized
[mavros_node-1] [INFO] [1784416480.268020216] [mavros.mavros]: Plugin adsb created
[mavros_node-1] [INFO] [1784416480.268044862] [mavros.mavros]: Plugin adsb initialized
[mavros_node-1] [INFO] [1784416480.270725534] [mavros.mavros]: Plugin altitude created
[mavros_node-1] [INFO] [1784416480.270745163] [mavros.mavros]: Plugin altitude initialized
[mavros_node-1] [INFO] [1784416480.273385040] [mavros.mavros]: Plugin cam_imu_sync created
[mavros_node-1] [INFO] [1784416480.273404864] [mavros.mavros]: Plugin cam_imu_sync initialized
[mavros_node-1] [INFO] [1784416480.276236234] [mavros.mavros]: Plugin camera created
[mavros_node-1] [INFO] [1784416480.276254801] [mavros.mavros]: Plugin camera initialized
[mavros_node-1] [INFO] [1784416480.279106379] [mavros.mavros]: Plugin cellular_status created
[mavros_node-1] [INFO] [1784416480.279127490] [mavros.mavros]: Plugin cellular_status initialized
[mavros_node-1] [INFO] [1784416480.283813515] [mavros.mavros]: Plugin command created
[mavros_node-1] [INFO] [1784416480.283838801] [mavros.mavros]: Plugin command initialized
[mavros_node-1] [INFO] [1784416480.286664737] [mavros.mavros]: Plugin companion_process_status created
[mavros_node-1] [INFO] [1784416480.286689901] [mavros.mavros]: Plugin companion_process_status initialized
[mavros_node-1] [INFO] [1784416480.289933834] [mavros.mavros]: Plugin debug_value created
[mavros_node-1] [INFO] [1784416480.289960674] [mavros.mavros]: Plugin debug_value initialized
[mavros_node-1] [INFO] [1784416480.289965515] [mavros.mavros]: Plugin distance_sensor ignored
[mavros_node-1] [INFO] [1784416480.293285859] [mavros.mavros]: Plugin esc_status created
[mavros_node-1] [INFO] [1784416480.293312614] [mavros.mavros]: Plugin esc_status initialized
[mavros_node-1] [INFO] [1784416480.296777685] [mavros.mavros]: Plugin esc_telemetry created
[mavros_node-1] [INFO] [1784416480.296800691] [mavros.mavros]: Plugin esc_telemetry initialized
[mavros_node-1] [INFO] [1784416480.300416273] [mavros.mavros]: Plugin fake_gps created
[mavros_node-1] [INFO] [1784416480.300432261] [mavros.mavros]: Plugin fake_gps initialized
[mavros_node-1] [INFO] [1784416480.305651935] [mavros.mavros]: Plugin ftp created
[mavros_node-1] [INFO] [1784416480.305673062] [mavros.mavros]: Plugin ftp initialized
[mavros_node-1] [INFO] [1784416480.309651292] [mavros.mavros]: Plugin geofence created
[mavros_node-1] [INFO] [1784416480.309678821] [mavros.mavros]: Plugin geofence initialized
[mavros_node-1] [INFO] [1784416480.315429726] [mavros.mavros]: Plugin gimbal_control created
[mavros_node-1] [INFO] [1784416480.315462830] [mavros.mavros]: Plugin gimbal_control initialized
[mavros_node-1] [INFO] [1784416480.321574126] [mavros.mavros]: Plugin global_position created
[mavros_node-1] [INFO] [1784416480.321621543] [mavros.mavros]: Plugin global_position initialized
[mavros_node-1] [INFO] [1784416480.325409896] [mavros.mavros]: Plugin gps_input created
[mavros_node-1] [INFO] [1784416480.325425989] [mavros.mavros]: Plugin gps_input initialized
[mavros_node-1] [INFO] [1784416480.329291499] [mavros.mavros]: Plugin gps_rtk created
[mavros_node-1] [INFO] [1784416480.329312615] [mavros.mavros]: Plugin gps_rtk initialized
[mavros_node-1] [INFO] [1784416480.333542141] [mavros.mavros]: Plugin gps_status created
[mavros_node-1] [INFO] [1784416480.333570113] [mavros.mavros]: Plugin gps_status initialized
[mavros_node-1] [INFO] [1784416480.337532291] [mavros.mavros]: Plugin guided_target created
[mavros_node-1] [INFO] [1784416480.337556875] [mavros.mavros]: Plugin guided_target initialized
[mavros_node-1] [INFO] [1784416480.342482732] [mavros.mavros]: Plugin hil created
[mavros_node-1] [INFO] [1784416480.342507358] [mavros.mavros]: Plugin hil initialized
[mavros_node-1] [INFO] [1784416480.346965821] [mavros.mavros]: Plugin home_position created
[mavros_node-1] [INFO] [1784416480.346988300] [mavros.mavros]: Plugin home_position initialized
[mavros_node-1] [INFO] [1784416480.352323891] [mavros.mavros]: Plugin imu created
[mavros_node-1] [INFO] [1784416480.352353579] [mavros.mavros]: Plugin imu initialized
[mavros_node-1] [INFO] [1784416480.357571575] [mavros.mavros]: Plugin landing_target created
[mavros_node-1] [INFO] [1784416480.357619111] [mavros.mavros]: Plugin landing_target initialized
[mavros_node-1] [INFO] [1784416480.363162430] [mavros.mavros]: Plugin local_position created
[mavros_node-1] [INFO] [1784416480.363187456] [mavros.mavros]: Plugin local_position initialized
[mavros_node-1] [INFO] [1784416480.369035635] [mavros.mavros]: Plugin log_transfer created
[mavros_node-1] [INFO] [1784416480.369069676] [mavros.mavros]: Plugin log_transfer initialized
[mavros_node-1] [INFO] [1784416480.374238050] [mavros.mavros]: Plugin mag_calibration_status created
[mavros_node-1] [INFO] [1784416480.374278992] [mavros.mavros]: Plugin mag_calibration_status initialized
[mavros_node-1] [INFO] [1784416480.381013637] [mavros.mavros]: Plugin manual_control created
[mavros_node-1] [INFO] [1784416480.381049337] [mavros.mavros]: Plugin manual_control initialized
[mavros_node-1] [INFO] [1784416480.388489497] [mavros.mavros]: Plugin mocap_pose_estimate created
[mavros_node-1] [INFO] [1784416480.388524533] [mavros.mavros]: Plugin mocap_pose_estimate initialized
[mavros_node-1] [INFO] [1784416480.396200790] [mavros.mavros]: Plugin mount_control created
[mavros_node-1] [INFO] [1784416480.396237907] [mavros.mavros]: Plugin mount_control initialized
[mavros_node-1] [INFO] [1784416480.402305691] [mavros.mavros]: Plugin nav_controller_output created
[mavros_node-1] [INFO] [1784416480.402341795] [mavros.mavros]: Plugin nav_controller_output initialized
[mavros_node-1] [INFO] [1784416480.408352922] [mavros.mavros]: Plugin obstacle_distance created
[mavros_node-1] [INFO] [1784416480.408385436] [mavros.mavros]: Plugin obstacle_distance initialized
[mavros_node-1] [INFO] [1784416480.414817319] [mavros.mavros]: Plugin obstacle_distance_3d created
[mavros_node-1] [INFO] [1784416480.414863736] [mavros.mavros]: Plugin obstacle_distance_3d initialized
[mavros_node-1] [INFO] [1784416480.422547009] [mavros.mavros]: Plugin odometry created
[mavros_node-1] [INFO] [1784416480.422582870] [mavros.mavros]: Plugin odometry initialized
[mavros_node-1] [INFO] [1784416480.428705246] [mavros.mavros]: Plugin onboard_computer_status created
[mavros_node-1] [INFO] [1784416480.428740953] [mavros.mavros]: Plugin onboard_computer_status initialized
[mavros_node-1] [INFO] [1784416480.435638605] [mavros.mavros]: Plugin open_drone_id created
[mavros_node-1] [INFO] [1784416480.435671044] [mavros.mavros]: Plugin open_drone_id initialized
[mavros_node-1] [INFO] [1784416480.443563826] [mavros.mavros]: Plugin optical_flow created
[mavros_node-1] [INFO] [1784416480.443619521] [mavros.mavros]: Plugin optical_flow initialized
[mavros_node-1] [INFO] [1784416480.451079461] [mavros.mavros]: Plugin param created
[mavros_node-1] [INFO] [1784416480.451110940] [mavros.mavros]: Plugin param initialized
[mavros_node-1] [INFO] [1784416480.457167932] [mavros.mavros]: Plugin play_tune created
[mavros_node-1] [INFO] [1784416480.457188578] [mavros.mavros]: Plugin play_tune initialized
[mavros_node-1] [INFO] [1784416480.464569312] [mavros.mavros]: Plugin px4flow created
[mavros_node-1] [INFO] [1784416480.464600416] [mavros.mavros]: Plugin px4flow initialized
[mavros_node-1] [INFO] [1784416480.471916898] [mavros.mavros]: Plugin rallypoint created
[mavros_node-1] [INFO] [1784416480.471969611] [mavros.mavros]: Plugin rallypoint initialized
[mavros_node-1] [INFO] [1784416480.471975165] [mavros.mavros]: Plugin rangefinder ignored
[mavros_node-1] [INFO] [1784416480.478708945] [mavros.mavros]: Plugin rc_io created
[mavros_node-1] [INFO] [1784416480.478768268] [mavros.mavros]: Plugin rc_io initialized
[mavros_node-1] [INFO] [1784416480.485388943] [mavros.mavros]: Plugin setpoint_accel created
[mavros_node-1] [INFO] [1784416480.485421928] [mavros.mavros]: Plugin setpoint_accel initialized
[mavros_node-1] [INFO] [1784416480.492395425] [mavros.mavros]: Plugin setpoint_attitude created
[mavros_node-1] [INFO] [1784416480.492417972] [mavros.mavros]: Plugin setpoint_attitude initialized
[mavros_node-1] [INFO] [1784416480.499991616] [mavros.mavros]: Plugin setpoint_position created
[mavros_node-1] [INFO] [1784416480.500031017] [mavros.mavros]: Plugin setpoint_position initialized
[mavros_node-1] [INFO] [1784416480.508275349] [mavros.mavros]: Plugin setpoint_raw created
[mavros_node-1] [INFO] [1784416480.508313614] [mavros.mavros]: Plugin setpoint_raw initialized
[mavros_node-1] [INFO] [1784416480.516801129] [mavros.mavros]: Plugin setpoint_trajectory created
[mavros_node-1] [INFO] [1784416480.516829005] [mavros.mavros]: Plugin setpoint_trajectory initialized
[mavros_node-1] [INFO] [1784416480.524504574] [mavros.mavros]: Plugin setpoint_velocity created
[mavros_node-1] [INFO] [1784416480.524531599] [mavros.mavros]: Plugin setpoint_velocity initialized
[mavros_node-1] [INFO] [1784416480.533392652] [mavros.mavros]: Plugin sim_state created
[mavros_node-1] [INFO] [1784416480.533427013] [mavros.mavros]: Plugin sim_state initialized
[mavros_node-1] [INFO] [1784416480.545627809] [mavros.mavros]: Plugin sys_status created
[mavros_node-1] [INFO] [1784416480.545680916] [mavros.mavros]: Plugin sys_status initialized
[mavros_node-1] [INFO] [1784416480.553186849] [mavros.time]: TM: Timesync mode: MAVLINK
[mavros_node-1] [INFO] [1784416480.555651358] [mavros.mavros]: Plugin sys_time created
[mavros_node-1] [INFO] [1784416480.555684115] [mavros.mavros]: Plugin sys_time initialized
[mavros_node-1] [INFO] [1784416480.563351460] [mavros.mavros]: Plugin tdr_radio created
[mavros_node-1] [INFO] [1784416480.563391007] [mavros.mavros]: Plugin tdr_radio initialized
[mavros_node-1] [INFO] [1784416480.571213380] [mavros.mavros]: Plugin terrain created
[mavros_node-1] [INFO] [1784416480.571269053] [mavros.mavros]: Plugin terrain initialized
[mavros_node-1] [INFO] [1784416480.579548193] [mavros.mavros]: Plugin trajectory created
[mavros_node-1] [INFO] [1784416480.579578219] [mavros.mavros]: Plugin trajectory initialized
[mavros_node-1] [INFO] [1784416480.587997141] [mavros.mavros]: Plugin tunnel created
[mavros_node-1] [INFO] [1784416480.588028866] [mavros.mavros]: Plugin tunnel initialized
[mavros_node-1] [INFO] [1784416480.596129844] [mavros.mavros]: Plugin vfr_hud created
[mavros_node-1] [INFO] [1784416480.596167876] [mavros.mavros]: Plugin vfr_hud initialized
[mavros_node-1] [INFO] [1784416480.596173236] [mavros.mavros]: Plugin vibration ignored
[mavros_node-1] [INFO] [1784416480.605153489] [mavros.mavros]: Plugin vision_pose created
[mavros_node-1] [INFO] [1784416480.605184013] [mavros.mavros]: Plugin vision_pose initialized
[mavros_node-1] [INFO] [1784416480.614155826] [mavros.mavros]: Plugin vision_speed created
[mavros_node-1] [INFO] [1784416480.614201559] [mavros.mavros]: Plugin vision_speed initialized
[mavros_node-1] [INFO] [1784416480.625766661] [mavros.mavros]: Plugin waypoint created
[mavros_node-1] [INFO] [1784416480.625835450] [mavros.mavros]: Plugin waypoint initialized
[mavros_node-1] [INFO] [1784416480.625841209] [mavros.mavros]: Plugin wheel_odometry ignored
[mavros_node-1] [INFO] [1784416480.634846262] [mavros.mavros]: Plugin wind_estimation created
[mavros_node-1] [INFO] [1784416480.634883788] [mavros.mavros]: Plugin wind_estimation initialized
[mavros_node-1] [INFO] [1784416480.635711381] [mavros.mavros]: Built-in SIMD instructions: SSE, SSE2
[mavros_node-1] [INFO] [1784416480.635722601] [mavros.mavros]: Built-in MAVLink package version: 2026.3.3
[mavros_node-1] [INFO] [1784416480.635725922] [mavros.mavros]: Known MAVLink dialects: common ardupilotmega ASLUAV AVSSUAS all csAirLink cubepilot development icarous loweheiser marsh matrixpilot paparazzi standard stemstudios storm32 uAvionix ualberta
[mavros_node-1] [INFO] [1784416480.635729254] [mavros.mavros]: MAVROS UAS via /uas1 started. MY ID 1.191, TARGET ID 1.1
[mavros_node-1] [INFO] [1784416480.651011263] [mavros.imu]: IMU: High resolution IMU detected!
[mavros_node-1] [INFO] [1784416480.651166680] [mavros.imu]: IMU: Attitude quaternion IMU detected!
[mavros_node-1] [INFO] [1784416480.654110616] [mavros.mavros_router]: link[1001] detected remote address 1.191
[mavros_node-1] [INFO] [1784416481.171033992] [mavros.mavros]: CON: Got HEARTBEAT, connected. FCU: PX4 Autopilot
[mavros_node-1] [INFO] [1784416481.171201304] [mavros.mission]: WP: detected enable_partial_push: 0
[mavros_node-1] [INFO] [1784416481.171434915] [mavros.imu]: IMU: High resolution IMU detected!
[mavros_node-1] [INFO] [1784416481.172487847] [mavros.imu]: IMU: Attitude quaternion IMU detected!
[mavros_node-1] [WARN] [1784416481.547251058] [mavros.sys]: FCU: UNK(8): EVENT 11047904 with args -0-0-0-16-0-128-0-0-0-184-59-127-128-184-59-127-128-0-0-0-0-0-0-0-0-0-0-0-0-0-0-0-0-0-0-0-0-0-0-0-
[mavros_node-1] [ERROR] [1784416481.547469695] [mavros.sys]: FCU: EVENT 3087815 with args -0-64-0-0-20-0-0-0-0-0-0-0-0-0-0-0-0-0-0-0-0-0-0-0-0-0-0-0-0-0-0-0-0-0-0-0-0-0-0-0-
[mavros_node-1] [WARN] [1784416481.547689032] [mavros.sys]: FCU: EVENT 453929 with args -255-255-255-255-7-0-0-0-0-0-0-0-0-0-0-0-0-0-0-0-0-0-0-0-0-0-0-0-0-0-0-0-0-0-0-0-0-0-0-0-
[mavros_node-1] [INFO] [1784416481.547844853] [mavros.sys]: FCU: EVENT 6801787 with args -255-255-255-255-12-0-0-0-0-0-0-0-0-0-0-0-0-0-0-0-0-0-0-0-0-0-0-0-0-0-0-0-0-0-0-0-0-0-0-0-
[mavros_node-1] [WARN] [1784416481.547977486] [mavros.sys]: FCU: UNK(8): EVENT 1914663 with args -0-10-9-2-40-0-0-0-0-0-0-0-0-0-0-0-0-0-0-0-0-0-0-0-0-0-0-0-0-0-0-0-0-0-0-0-0-0-0-0-
[mavros_node-1] [INFO] [1784416482.179020094] [mavros.geofence]: GF: Using MISSION_ITEM_INT
[mavros_node-1] [INFO] [1784416482.179052062] [mavros.rallypoint]: RP: Using MISSION_ITEM_INT
[mavros_node-1] [INFO] [1784416482.179058669] [mavros.mission]: WP: Using MISSION_ITEM_INT
[mavros_node-1] [INFO] [1784416482.179064101] [mavros.sys]: VER: 1.1: Capabilities         0x000000000000e8ff
[mavros_node-1] [INFO] [1784416482.179070995] [mavros.sys]: VER: 1.1: Flight software:     010f04ff (99c40407ff000000)
[mavros_node-1] [INFO] [1784416482.179074912] [mavros.sys]: VER: 1.1: Middleware software: 010f04ff (99c40407ff000000)
[mavros_node-1] [INFO] [1784416482.179078036] [mavros.sys]: VER: 1.1: OS software:         060800ff (5d74bc138955e6f0)
[mavros_node-1] [INFO] [1784416482.179082329] [mavros.sys]: VER: 1.1: Board hardware:      00000001
[mavros_node-1] [INFO] [1784416482.179086577] [mavros.sys]: VER: 1.1: VID/PID:             0000:0000
[mavros_node-1] [INFO] [1784416482.179090987] [mavros.sys]: VER: 1.1: UID:                 4954414c44494e4f
[mavros_node-1] [WARN] [1784416482.182944559] [mavros.cmd]: CMD: Unexpected command 520, result 0
[mavros_node-1] [WARN] [1784416485.099162184] [mavros.sys]: FCU: UNK(8): EVENT 11047904 with args -0-0-0-0-0-128-0-0-0-184-123-127-128-184-123-127-128-0-0-0-0-0-0-0-0-0-0-0-0-0-0-0-0-0-0-0-0-0-0-0-
[mavros_node-1] [WARN] [1784416485.099362521] [mavros.sys]: FCU: EVENT 453929 with args -255-255-255-255-7-0-0-0-0-0-0-0-0-0-0-0-0-0-0-0-0-0-0-0-0-0-0-0-0-0-0-0-0-0-0-0-0-0-0-0-
[mavros_node-1] [INFO] [1784416485.099565896] [mavros.sys]: FCU: EVENT 6801787 with args -255-255-255-255-12-0-0-0-0-0-0-0-0-0-0-0-0-0-0-0-0-0-0-0-0-0-0-0-0-0-0-0-0-0-0-0-0-0-0-0-
[mavros_node-1] [WARN] [1784416485.099745556] [mavros.sys]: FCU: UNK(8): EVENT 1914663 with args -0-10-9-2-40-0-0-0-0-0-0-0-0-0-0-0-0-0-0-0-0-0-0-0-0-0-0-0-0-0-0-0-0-0-0-0-0-0-0-0-
[mavros_node-1] [INFO] [1784416487.103266243] [mavros.sys]: FCU: EVENT 9489139 with args -4-0-0-0-0-0-0-0-0-0-0-0-0-0-0-0-0-0-0-0-0-0-0-0-0-0-0-0-0-0-0-0-0-0-0-0-0-0-0-0-
[mavros_node-1] [INFO] [1784416488.791173870] [mavros.sys]: FCU: EVENT 4277609 with args -0-0-0-0-0-0-0-0-0-0-0-0-0-0-0-0-0-0-0-0-0-0-0-0-0-0-0-0-0-0-0-0-0-0-0-0-0-0-0-0-
[mavros_node-1] [INFO] [1784416496.173564915] [mavros.mission]: WP: item #0  F:2 C:530 p: 0 2 nan nan x: -2.147484e+09 y: -2.147484e+09 z: nan
[mavros_node-1] [INFO] [1784416496.173757225] [mavros.mission]: WP: item #1  F:6 C: 22 p: 0 0 0 nan x: 47.39797 y: 8.546162 z: 50
[mavros_node-1] [INFO] [1784416496.173868658] [mavros.mission]: WP: item #2  F:6 C: 16 p: 0 0 0 nan x: 47.39925 y: 8.546818 z: 50
[mavros_node-1] [INFO] [1784416496.173972932] [mavros.mission]: WP: item #3  F:6 C: 16 p: 0 0 0 nan x: 47.39816 y: 8.549662 z: 50
[mavros_node-1] [INFO] [1784416496.174140018] [mavros.mission]: WP: item #4* F:2 C: 20 p: 0 0 0 0 x: 0 y: 0 z: 0
[mavros_node-1] [INFO] [1784416496.174170510] [mavros.mission]: WP: mission received
[mavros_node-1] [INFO] [1784416501.172211313] [mavros.rallypoint]: RP: mission received
[mavros_node-1] [INFO] [1784416506.172577690] [mavros.geofence]: GF: mission received
[WARNING] [launch]: user interrupted with ctrl-c (SIGINT)
[INFO] [mavros_node-1]: sending signal 'SIGINT' to process[mavros_node-1]
[mavros_node-1] [INFO] [1784416578.366474384] [rclcpp]: signal_handler(SIGINT/SIGTERM)
[mavros_node-1] [WARN] [1784416578.367524763] [mavros.mavros]: UAS Executor terminated
[mavros_node-1] [INFO] [1784416578.456267351] [rclcpp]: signal_handler(SIGINT/SIGTERM)
[INFO] [mavros_node-1]: process has finished cleanly [pid 133787]
