[INFO] [launch]: All log files can be found below /home/drone/.ros/log/2026-07-17-22-37-45-074141-drone-ASUS-TUF-Gaming-F15-FX507VV-FX507VV-82535
[INFO] [launch]: Default logging verbosity is set to INFO
[INFO] [mavros_node-1]: process started with pid [82536]
[mavros_node-1] [INFO] [1784324265.171275379] [mavros.mavros_node]: Starting mavros_node container
[mavros_node-1] [INFO] [1784324265.171321418] [mavros.mavros_node]: FCU URL: udp://:14540@127.0.0.1:14557
[mavros_node-1] [INFO] [1784324265.171326212] [mavros.mavros_node]: GCS URL: 
[mavros_node-1] [INFO] [1784324265.171329284] [mavros.mavros_node]: UAS Prefix: /uas1
[mavros_node-1] [INFO] [1784324265.171331993] [mavros.mavros_node]: Starting mavros router node
[mavros_node-1] [INFO] [1784324265.174417066] [mavros.mavros_router]: Built-in SIMD instructions: SSE, SSE2
[mavros_node-1] [INFO] [1784324265.174435346] [mavros.mavros_router]: Built-in MAVLink package version: 2026.3.3
[mavros_node-1] [INFO] [1784324265.174446348] [mavros.mavros_router]: Known MAVLink dialects: common ardupilotmega ASLUAV AVSSUAS all csAirLink cubepilot development icarous loweheiser marsh matrixpilot paparazzi standard stemstudios storm32 uAvionix ualberta
[mavros_node-1] [INFO] [1784324265.174452088] [mavros.mavros_router]: MAVROS Router started
[mavros_node-1] [INFO] [1784324265.174474261] [mavros.mavros_node]: Starting mavros uas node
[mavros_node-1] [INFO] [1784324265.191973910] [mavros.mavros_router]: Requested to add endpoint: type: 0, url: udp://:14540@127.0.0.1:14557
[mavros_node-1] [INFO] [1784324265.192002710] [mavros.mavros_router]: Endpoint link[1000] created
[mavros_node-1] [INFO] [1784324265.192232583] [mavros.mavros_router]: link[1000] opened successfully
[mavros_node-1] [INFO] [1784324265.192241776] [mavros.mavros_router]: Requested to add endpoint: type: 2, url: /uas1
[mavros_node-1] [INFO] [1784324265.192249870] [mavros.mavros_router]: Endpoint link[1001] created
[mavros_node-1] [INFO] [1784324265.193107020] [mavros.mavros_router]: link[1001] opened successfully
[mavros_node-1] [INFO] [1784324265.194808004] [mavros.mavros_router]: link[1000] detected remote address 1.1
[mavros_node-1] [INFO] [1784324265.202059843] [mavros.mavros]: UAS Executor started, threads: 16
[mavros_node-1] [INFO] [1784324265.210049231] [mavros.mavros]: Plugin actuator_control created
[mavros_node-1] [INFO] [1784324265.210073040] [mavros.mavros]: Plugin actuator_control initialized
[mavros_node-1] [INFO] [1784324265.220630158] [mavros.mavros]: Plugin adsb created
[mavros_node-1] [INFO] [1784324265.220650201] [mavros.mavros]: Plugin adsb initialized
[mavros_node-1] [INFO] [1784324265.222958048] [mavros.mavros]: Plugin altitude created
[mavros_node-1] [INFO] [1784324265.222976764] [mavros.mavros]: Plugin altitude initialized
[mavros_node-1] [INFO] [1784324265.225513085] [mavros.mavros]: Plugin cam_imu_sync created
[mavros_node-1] [INFO] [1784324265.225531286] [mavros.mavros]: Plugin cam_imu_sync initialized
[mavros_node-1] [INFO] [1784324265.228244494] [mavros.mavros]: Plugin camera created
[mavros_node-1] [INFO] [1784324265.228263380] [mavros.mavros]: Plugin camera initialized
[mavros_node-1] [INFO] [1784324265.230931015] [mavros.mavros]: Plugin cellular_status created
[mavros_node-1] [INFO] [1784324265.230950396] [mavros.mavros]: Plugin cellular_status initialized
[mavros_node-1] [INFO] [1784324265.235109288] [mavros.mavros]: Plugin command created
[mavros_node-1] [INFO] [1784324265.235134146] [mavros.mavros]: Plugin command initialized
[mavros_node-1] [INFO] [1784324265.237967029] [mavros.mavros]: Plugin companion_process_status created
[mavros_node-1] [INFO] [1784324265.237981796] [mavros.mavros]: Plugin companion_process_status initialized
[mavros_node-1] [INFO] [1784324265.241404141] [mavros.mavros]: Plugin debug_value created
[mavros_node-1] [INFO] [1784324265.241429777] [mavros.mavros]: Plugin debug_value initialized
[mavros_node-1] [INFO] [1784324265.241434538] [mavros.mavros]: Plugin distance_sensor ignored
[mavros_node-1] [INFO] [1784324265.244602102] [mavros.mavros]: Plugin esc_status created
[mavros_node-1] [INFO] [1784324265.244623931] [mavros.mavros]: Plugin esc_status initialized
[mavros_node-1] [INFO] [1784324265.247590239] [mavros.mavros]: Plugin esc_telemetry created
[mavros_node-1] [INFO] [1784324265.247618100] [mavros.mavros]: Plugin esc_telemetry initialized
[mavros_node-1] [INFO] [1784324265.251406028] [mavros.mavros]: Plugin fake_gps created
[mavros_node-1] [INFO] [1784324265.251422792] [mavros.mavros]: Plugin fake_gps initialized
[mavros_node-1] [INFO] [1784324265.256605242] [mavros.mavros]: Plugin ftp created
[mavros_node-1] [INFO] [1784324265.256627889] [mavros.mavros]: Plugin ftp initialized
[mavros_node-1] [INFO] [1784324265.260415653] [mavros.mavros]: Plugin geofence created
[mavros_node-1] [INFO] [1784324265.260442647] [mavros.mavros]: Plugin geofence initialized
[mavros_node-1] [INFO] [1784324265.265940901] [mavros.mavros]: Plugin gimbal_control created
[mavros_node-1] [INFO] [1784324265.265967797] [mavros.mavros]: Plugin gimbal_control initialized
[mavros_node-1] [INFO] [1784324265.272370706] [mavros.mavros]: Plugin global_position created
[mavros_node-1] [INFO] [1784324265.272412374] [mavros.mavros]: Plugin global_position initialized
[mavros_node-1] [INFO] [1784324265.276167042] [mavros.mavros]: Plugin gps_input created
[mavros_node-1] [INFO] [1784324265.276184042] [mavros.mavros]: Plugin gps_input initialized
[mavros_node-1] [INFO] [1784324265.280131854] [mavros.mavros]: Plugin gps_rtk created
[mavros_node-1] [INFO] [1784324265.280151211] [mavros.mavros]: Plugin gps_rtk initialized
[mavros_node-1] [INFO] [1784324265.284424991] [mavros.mavros]: Plugin gps_status created
[mavros_node-1] [INFO] [1784324265.284448647] [mavros.mavros]: Plugin gps_status initialized
[mavros_node-1] [INFO] [1784324265.288538560] [mavros.mavros]: Plugin guided_target created
[mavros_node-1] [INFO] [1784324265.288558317] [mavros.mavros]: Plugin guided_target initialized
[mavros_node-1] [INFO] [1784324265.293788219] [mavros.mavros]: Plugin hil created
[mavros_node-1] [INFO] [1784324265.293813297] [mavros.mavros]: Plugin hil initialized
[mavros_node-1] [INFO] [1784324265.298394324] [mavros.mavros]: Plugin home_position created
[mavros_node-1] [INFO] [1784324265.298415419] [mavros.mavros]: Plugin home_position initialized
[mavros_node-1] [INFO] [1784324265.303970399] [mavros.mavros]: Plugin imu created
[mavros_node-1] [INFO] [1784324265.304005405] [mavros.mavros]: Plugin imu initialized
[mavros_node-1] [INFO] [1784324265.309328807] [mavros.mavros]: Plugin landing_target created
[mavros_node-1] [INFO] [1784324265.309350766] [mavros.mavros]: Plugin landing_target initialized
[mavros_node-1] [INFO] [1784324265.315023846] [mavros.mavros]: Plugin local_position created
[mavros_node-1] [INFO] [1784324265.315048253] [mavros.mavros]: Plugin local_position initialized
[mavros_node-1] [INFO] [1784324265.320711316] [mavros.mavros]: Plugin log_transfer created
[mavros_node-1] [INFO] [1784324265.320740455] [mavros.mavros]: Plugin log_transfer initialized
[mavros_node-1] [INFO] [1784324265.325260587] [mavros.mavros]: Plugin mag_calibration_status created
[mavros_node-1] [INFO] [1784324265.325328672] [mavros.mavros]: Plugin mag_calibration_status initialized
[mavros_node-1] [INFO] [1784324265.329832459] [mavros.mavros]: Plugin manual_control created
[mavros_node-1] [INFO] [1784324265.329854604] [mavros.mavros]: Plugin manual_control initialized
[mavros_node-1] [INFO] [1784324265.334377750] [mavros.mavros]: Plugin mocap_pose_estimate created
[mavros_node-1] [INFO] [1784324265.334396650] [mavros.mavros]: Plugin mocap_pose_estimate initialized
[mavros_node-1] [INFO] [1784324265.340035858] [mavros.mavros]: Plugin mount_control created
[mavros_node-1] [INFO] [1784324265.340069802] [mavros.mavros]: Plugin mount_control initialized
[mavros_node-1] [INFO] [1784324265.344919920] [mavros.mavros]: Plugin nav_controller_output created
[mavros_node-1] [INFO] [1784324265.344943224] [mavros.mavros]: Plugin nav_controller_output initialized
[mavros_node-1] [INFO] [1784324265.349765131] [mavros.mavros]: Plugin obstacle_distance created
[mavros_node-1] [INFO] [1784324265.349784318] [mavros.mavros]: Plugin obstacle_distance initialized
[mavros_node-1] [INFO] [1784324265.354930113] [mavros.mavros]: Plugin obstacle_distance_3d created
[mavros_node-1] [INFO] [1784324265.354997661] [mavros.mavros]: Plugin obstacle_distance_3d initialized
[mavros_node-1] [INFO] [1784324265.360237233] [mavros.mavros]: Plugin odometry created
[mavros_node-1] [INFO] [1784324265.360258300] [mavros.mavros]: Plugin odometry initialized
[mavros_node-1] [INFO] [1784324265.365421077] [mavros.mavros]: Plugin onboard_computer_status created
[mavros_node-1] [INFO] [1784324265.365439603] [mavros.mavros]: Plugin onboard_computer_status initialized
[mavros_node-1] [INFO] [1784324265.371538314] [mavros.mavros]: Plugin open_drone_id created
[mavros_node-1] [INFO] [1784324265.371558688] [mavros.mavros]: Plugin open_drone_id initialized
[mavros_node-1] [INFO] [1784324265.377631715] [mavros.mavros]: Plugin optical_flow created
[mavros_node-1] [INFO] [1784324265.377663182] [mavros.mavros]: Plugin optical_flow initialized
[mavros_node-1] [INFO] [1784324265.383310274] [mavros.mavros]: Plugin param created
[mavros_node-1] [INFO] [1784324265.383334980] [mavros.mavros]: Plugin param initialized
[mavros_node-1] [INFO] [1784324265.388811265] [mavros.mavros]: Plugin play_tune created
[mavros_node-1] [INFO] [1784324265.388837342] [mavros.mavros]: Plugin play_tune initialized
[mavros_node-1] [INFO] [1784324265.395317511] [mavros.mavros]: Plugin px4flow created
[mavros_node-1] [INFO] [1784324265.395344142] [mavros.mavros]: Plugin px4flow initialized
[mavros_node-1] [INFO] [1784324265.402187776] [mavros.mavros]: Plugin rallypoint created
[mavros_node-1] [INFO] [1784324265.402221467] [mavros.mavros]: Plugin rallypoint initialized
[mavros_node-1] [INFO] [1784324265.402226687] [mavros.mavros]: Plugin rangefinder ignored
[mavros_node-1] [INFO] [1784324265.408508552] [mavros.mavros]: Plugin rc_io created
[mavros_node-1] [INFO] [1784324265.408553828] [mavros.mavros]: Plugin rc_io initialized
[mavros_node-1] [INFO] [1784324265.414445958] [mavros.mavros]: Plugin setpoint_accel created
[mavros_node-1] [INFO] [1784324265.414473451] [mavros.mavros]: Plugin setpoint_accel initialized
[mavros_node-1] [INFO] [1784324265.420990683] [mavros.mavros]: Plugin setpoint_attitude created
[mavros_node-1] [INFO] [1784324265.421016473] [mavros.mavros]: Plugin setpoint_attitude initialized
[mavros_node-1] [INFO] [1784324265.428400751] [mavros.mavros]: Plugin setpoint_position created
[mavros_node-1] [INFO] [1784324265.428423321] [mavros.mavros]: Plugin setpoint_position initialized
[mavros_node-1] [INFO] [1784324265.436322880] [mavros.mavros]: Plugin setpoint_raw created
[mavros_node-1] [INFO] [1784324265.436351499] [mavros.mavros]: Plugin setpoint_raw initialized
[mavros_node-1] [INFO] [1784324265.444045915] [mavros.mavros]: Plugin setpoint_trajectory created
[mavros_node-1] [INFO] [1784324265.444068791] [mavros.mavros]: Plugin setpoint_trajectory initialized
[mavros_node-1] [INFO] [1784324265.451104270] [mavros.mavros]: Plugin setpoint_velocity created
[mavros_node-1] [INFO] [1784324265.451127792] [mavros.mavros]: Plugin setpoint_velocity initialized
[mavros_node-1] [INFO] [1784324265.458554794] [mavros.mavros]: Plugin sim_state created
[mavros_node-1] [INFO] [1784324265.458581853] [mavros.mavros]: Plugin sim_state initialized
[mavros_node-1] [INFO] [1784324265.469487852] [mavros.mavros]: Plugin sys_status created
[mavros_node-1] [INFO] [1784324265.469530854] [mavros.mavros]: Plugin sys_status initialized
[mavros_node-1] [INFO] [1784324265.476125404] [mavros.time]: TM: Timesync mode: MAVLINK
[mavros_node-1] [INFO] [1784324265.478433270] [mavros.mavros]: Plugin sys_time created
[mavros_node-1] [INFO] [1784324265.478454307] [mavros.mavros]: Plugin sys_time initialized
[mavros_node-1] [INFO] [1784324265.485592760] [mavros.mavros]: Plugin tdr_radio created
[mavros_node-1] [INFO] [1784324265.485635761] [mavros.mavros]: Plugin tdr_radio initialized
[mavros_node-1] [INFO] [1784324265.492777027] [mavros.mavros]: Plugin terrain created
[mavros_node-1] [INFO] [1784324265.492808163] [mavros.mavros]: Plugin terrain initialized
[mavros_node-1] [INFO] [1784324265.500440603] [mavros.mavros]: Plugin trajectory created
[mavros_node-1] [INFO] [1784324265.500491602] [mavros.mavros]: Plugin trajectory initialized
[mavros_node-1] [INFO] [1784324265.507917781] [mavros.mavros]: Plugin tunnel created
[mavros_node-1] [INFO] [1784324265.507947249] [mavros.mavros]: Plugin tunnel initialized
[mavros_node-1] [INFO] [1784324265.515134196] [mavros.mavros]: Plugin vfr_hud created
[mavros_node-1] [INFO] [1784324265.515179475] [mavros.mavros]: Plugin vfr_hud initialized
[mavros_node-1] [INFO] [1784324265.515184717] [mavros.mavros]: Plugin vibration ignored
[mavros_node-1] [INFO] [1784324265.523777962] [mavros.mavros]: Plugin vision_pose created
[mavros_node-1] [INFO] [1784324265.523812834] [mavros.mavros]: Plugin vision_pose initialized
[mavros_node-1] [INFO] [1784324265.531798611] [mavros.mavros]: Plugin vision_speed created
[mavros_node-1] [INFO] [1784324265.531823239] [mavros.mavros]: Plugin vision_speed initialized
[mavros_node-1] [INFO] [1784324265.542173229] [mavros.mavros]: Plugin waypoint created
[mavros_node-1] [INFO] [1784324265.542214317] [mavros.mavros]: Plugin waypoint initialized
[mavros_node-1] [INFO] [1784324265.542219547] [mavros.mavros]: Plugin wheel_odometry ignored
[mavros_node-1] [INFO] [1784324265.550001308] [mavros.mavros]: Plugin wind_estimation created
[mavros_node-1] [INFO] [1784324265.550040087] [mavros.mavros]: Plugin wind_estimation initialized
[mavros_node-1] [INFO] [1784324265.550825480] [mavros.mavros]: Built-in SIMD instructions: SSE, SSE2
[mavros_node-1] [INFO] [1784324265.550837743] [mavros.mavros]: Built-in MAVLink package version: 2026.3.3
[mavros_node-1] [INFO] [1784324265.550841478] [mavros.mavros]: Known MAVLink dialects: common ardupilotmega ASLUAV AVSSUAS all csAirLink cubepilot development icarous loweheiser marsh matrixpilot paparazzi standard stemstudios storm32 uAvionix ualberta
[mavros_node-1] [INFO] [1784324265.550844910] [mavros.mavros]: MAVROS UAS via /uas1 started. MY ID 1.191, TARGET ID 1.1
[mavros_node-1] [INFO] [1784324265.554859019] [mavros.imu]: IMU: High resolution IMU detected!
[mavros_node-1] [INFO] [1784324265.566958380] [mavros.imu]: IMU: Attitude quaternion IMU detected!
[mavros_node-1] [INFO] [1784324265.577271344] [mavros.mavros_router]: link[1001] detected remote address 1.191
[mavros_node-1] [INFO] [1784324266.094929655] [mavros.mavros]: CON: Got HEARTBEAT, connected. FCU: PX4 Autopilot
[mavros_node-1] [INFO] [1784324266.095090787] [mavros.mission]: WP: detected enable_partial_push: 0
[mavros_node-1] [INFO] [1784324266.095511310] [mavros.imu]: IMU: High resolution IMU detected!
[mavros_node-1] [INFO] [1784324266.107054121] [mavros.imu]: IMU: Attitude quaternion IMU detected!
[mavros_node-1] [WARN] [1784324266.470944722] [mavros.sys]: FCU: UNK(8): EVENT 11047904 with args -0-0-0-16-0-128-0-0-0-184-59-127-128-184-59-127-128-0-0-0-0-0-0-0-0-0-0-0-0-0-0-0-0-0-0-0-0-0-0-0-
[mavros_node-1] [ERROR] [1784324266.471087958] [mavros.sys]: FCU: EVENT 3087815 with args -0-64-0-0-20-0-0-0-0-0-0-0-0-0-0-0-0-0-0-0-0-0-0-0-0-0-0-0-0-0-0-0-0-0-0-0-0-0-0-0-
[mavros_node-1] [WARN] [1784324266.471276142] [mavros.sys]: FCU: EVENT 453929 with args -255-255-255-255-7-0-0-0-0-0-0-0-0-0-0-0-0-0-0-0-0-0-0-0-0-0-0-0-0-0-0-0-0-0-0-0-0-0-0-0-
[mavros_node-1] [INFO] [1784324266.471433829] [mavros.sys]: FCU: EVENT 6801787 with args -255-255-255-255-12-0-0-0-0-0-0-0-0-0-0-0-0-0-0-0-0-0-0-0-0-0-0-0-0-0-0-0-0-0-0-0-0-0-0-0-
[mavros_node-1] [WARN] [1784324266.471570758] [mavros.sys]: FCU: UNK(8): EVENT 1914663 with args -0-10-9-2-40-0-0-0-0-0-0-0-0-0-0-0-0-0-0-0-0-0-0-0-0-0-0-0-0-0-0-0-0-0-0-0-0-0-0-0-
[mavros_node-1] [INFO] [1784324267.106969146] [mavros.geofence]: GF: Using MISSION_ITEM_INT
[mavros_node-1] [INFO] [1784324267.107036388] [mavros.rallypoint]: RP: Using MISSION_ITEM_INT
[mavros_node-1] [INFO] [1784324267.107063609] [mavros.mission]: WP: Using MISSION_ITEM_INT
[mavros_node-1] [INFO] [1784324267.107084279] [mavros.sys]: VER: 1.1: Capabilities         0x000000000000e8ff
[mavros_node-1] [INFO] [1784324267.107108559] [mavros.sys]: VER: 1.1: Flight software:     010f04ff (99c40407ff000000)
[mavros_node-1] [INFO] [1784324267.107126219] [mavros.sys]: VER: 1.1: Middleware software: 010f04ff (99c40407ff000000)
[mavros_node-1] [INFO] [1784324267.107142250] [mavros.sys]: VER: 1.1: OS software:         060800ff (5d74bc138955e6f0)
[mavros_node-1] [INFO] [1784324267.107156806] [mavros.sys]: VER: 1.1: Board hardware:      00000001
[mavros_node-1] [INFO] [1784324267.107171318] [mavros.sys]: VER: 1.1: VID/PID:             0000:0000
[mavros_node-1] [INFO] [1784324267.107186114] [mavros.sys]: VER: 1.1: UID:                 4954414c44494e4f
[mavros_node-1] [WARN] [1784324267.110970124] [mavros.cmd]: CMD: Unexpected command 520, result 0
[mavros_node-1] [WARN] [1784324270.115359474] [mavros.sys]: FCU: UNK(8): EVENT 11047904 with args -0-0-0-0-0-128-0-0-0-184-123-127-128-184-123-127-128-0-0-0-0-0-0-0-0-0-0-0-0-0-0-0-0-0-0-0-0-0-0-0-
[mavros_node-1] [WARN] [1784324270.115665492] [mavros.sys]: FCU: EVENT 453929 with args -255-255-255-255-7-0-0-0-0-0-0-0-0-0-0-0-0-0-0-0-0-0-0-0-0-0-0-0-0-0-0-0-0-0-0-0-0-0-0-0-
[mavros_node-1] [INFO] [1784324270.115890131] [mavros.sys]: FCU: EVENT 6801787 with args -255-255-255-255-12-0-0-0-0-0-0-0-0-0-0-0-0-0-0-0-0-0-0-0-0-0-0-0-0-0-0-0-0-0-0-0-0-0-0-0-
[mavros_node-1] [WARN] [1784324270.116075915] [mavros.sys]: FCU: UNK(8): EVENT 1914663 with args -0-10-9-2-40-0-0-0-0-0-0-0-0-0-0-0-0-0-0-0-0-0-0-0-0-0-0-0-0-0-0-0-0-0-0-0-0-0-0-0-
[mavros_node-1] [INFO] [1784324272.170985288] [mavros.sys]: FCU: EVENT 9489139 with args -4-0-0-0-0-0-0-0-0-0-0-0-0-0-0-0-0-0-0-0-0-0-0-0-0-0-0-0-0-0-0-0-0-0-0-0-0-0-0-0-
[mavros_node-1] [INFO] [1784324273.942909145] [mavros.sys]: FCU: EVENT 4277609 with args -0-0-0-0-0-0-0-0-0-0-0-0-0-0-0-0-0-0-0-0-0-0-0-0-0-0-0-0-0-0-0-0-0-0-0-0-0-0-0-0-
[mavros_node-1] [INFO] [1784324281.096549804] [mavros.mission]: WP: item #0  F:2 C:530 p: 0 2 nan nan x: -2.147484e+09 y: -2.147484e+09 z: nan
[mavros_node-1] [INFO] [1784324281.096685322] [mavros.mission]: WP: item #1  F:6 C: 22 p: 0 0 0 nan x: 47.39797 y: 8.546162 z: 50
[mavros_node-1] [INFO] [1784324281.096779603] [mavros.mission]: WP: item #2  F:6 C: 16 p: 0 0 0 nan x: 47.39925 y: 8.546818 z: 50
[mavros_node-1] [INFO] [1784324281.096869175] [mavros.mission]: WP: item #3  F:6 C: 16 p: 0 0 0 nan x: 47.39816 y: 8.549662 z: 50
[mavros_node-1] [INFO] [1784324281.096961432] [mavros.mission]: WP: item #4* F:2 C: 20 p: 0 0 0 0 x: 0 y: 0 z: 0
[mavros_node-1] [INFO] [1784324281.096974900] [mavros.mission]: WP: mission received
[mavros_node-1] [INFO] [1784324286.095946254] [mavros.rallypoint]: RP: mission received
[mavros_node-1] [INFO] [1784324291.097045108] [mavros.geofence]: GF: mission received
[WARNING] [launch]: user interrupted with ctrl-c (SIGINT)
[INFO] [mavros_node-1]: sending signal 'SIGINT' to process[mavros_node-1]
[mavros_node-1] [INFO] [1784324363.398731496] [rclcpp]: signal_handler(SIGINT/SIGTERM)
[mavros_node-1] [WARN] [1784324363.399658490] [mavros.mavros]: UAS Executor terminated
[mavros_node-1] [INFO] [1784324363.482231184] [rclcpp]: signal_handler(SIGINT/SIGTERM)
[INFO] [mavros_node-1]: process has finished cleanly [pid 82536]
