[INFO] [launch]: All log files can be found below /home/drone/.ros/log/2026-07-17-23-35-26-139978-drone-ASUS-TUF-Gaming-F15-FX507VV-FX507VV-92115
[INFO] [launch]: Default logging verbosity is set to INFO
[INFO] [mavros_node-1]: process started with pid [92116]
[mavros_node-1] [INFO] [1784327726.242768459] [mavros.mavros_node]: Starting mavros_node container
[mavros_node-1] [INFO] [1784327726.242811519] [mavros.mavros_node]: FCU URL: udp://:14540@127.0.0.1:14557
[mavros_node-1] [INFO] [1784327726.242816729] [mavros.mavros_node]: GCS URL: 
[mavros_node-1] [INFO] [1784327726.242819684] [mavros.mavros_node]: UAS Prefix: /uas1
[mavros_node-1] [INFO] [1784327726.242822343] [mavros.mavros_node]: Starting mavros router node
[mavros_node-1] [INFO] [1784327726.245862798] [mavros.mavros_router]: Built-in SIMD instructions: SSE, SSE2
[mavros_node-1] [INFO] [1784327726.245876664] [mavros.mavros_router]: Built-in MAVLink package version: 2026.3.3
[mavros_node-1] [INFO] [1784327726.245884097] [mavros.mavros_router]: Known MAVLink dialects: common ardupilotmega ASLUAV AVSSUAS all csAirLink cubepilot development icarous loweheiser marsh matrixpilot paparazzi standard stemstudios storm32 uAvionix ualberta
[mavros_node-1] [INFO] [1784327726.245887883] [mavros.mavros_router]: MAVROS Router started
[mavros_node-1] [INFO] [1784327726.245910900] [mavros.mavros_node]: Starting mavros uas node
[mavros_node-1] [INFO] [1784327726.264798171] [mavros.mavros_router]: Requested to add endpoint: type: 0, url: udp://:14540@127.0.0.1:14557
[mavros_node-1] [INFO] [1784327726.264829079] [mavros.mavros_router]: Endpoint link[1000] created
[mavros_node-1] [INFO] [1784327726.265053223] [mavros.mavros_router]: link[1000] opened successfully
[mavros_node-1] [INFO] [1784327726.265061210] [mavros.mavros_router]: Requested to add endpoint: type: 2, url: /uas1
[mavros_node-1] [INFO] [1784327726.265068963] [mavros.mavros_router]: Endpoint link[1001] created
[mavros_node-1] [INFO] [1784327726.265963760] [mavros.mavros_router]: link[1001] opened successfully
[mavros_node-1] [INFO] [1784327726.269313373] [mavros.mavros_router]: link[1000] detected remote address 1.1
[mavros_node-1] [INFO] [1784327726.274890415] [mavros.mavros]: UAS Executor started, threads: 16
[mavros_node-1] [INFO] [1784327726.283059706] [mavros.mavros]: Plugin actuator_control created
[mavros_node-1] [INFO] [1784327726.283088490] [mavros.mavros]: Plugin actuator_control initialized
[mavros_node-1] [INFO] [1784327726.293801610] [mavros.mavros]: Plugin adsb created
[mavros_node-1] [INFO] [1784327726.293823978] [mavros.mavros]: Plugin adsb initialized
[mavros_node-1] [INFO] [1784327726.296149749] [mavros.mavros]: Plugin altitude created
[mavros_node-1] [INFO] [1784327726.296167986] [mavros.mavros]: Plugin altitude initialized
[mavros_node-1] [INFO] [1784327726.298537308] [mavros.mavros]: Plugin cam_imu_sync created
[mavros_node-1] [INFO] [1784327726.298555307] [mavros.mavros]: Plugin cam_imu_sync initialized
[mavros_node-1] [INFO] [1784327726.300993094] [mavros.mavros]: Plugin camera created
[mavros_node-1] [INFO] [1784327726.301012792] [mavros.mavros]: Plugin camera initialized
[mavros_node-1] [INFO] [1784327726.303545181] [mavros.mavros]: Plugin cellular_status created
[mavros_node-1] [INFO] [1784327726.303560849] [mavros.mavros]: Plugin cellular_status initialized
[mavros_node-1] [INFO] [1784327726.307375634] [mavros.mavros]: Plugin command created
[mavros_node-1] [INFO] [1784327726.307396211] [mavros.mavros]: Plugin command initialized
[mavros_node-1] [INFO] [1784327726.310046443] [mavros.mavros]: Plugin companion_process_status created
[mavros_node-1] [INFO] [1784327726.310061625] [mavros.mavros]: Plugin companion_process_status initialized
[mavros_node-1] [INFO] [1784327726.313126557] [mavros.mavros]: Plugin debug_value created
[mavros_node-1] [INFO] [1784327726.313150944] [mavros.mavros]: Plugin debug_value initialized
[mavros_node-1] [INFO] [1784327726.313155474] [mavros.mavros]: Plugin distance_sensor ignored
[mavros_node-1] [INFO] [1784327726.316265045] [mavros.mavros]: Plugin esc_status created
[mavros_node-1] [INFO] [1784327726.316284787] [mavros.mavros]: Plugin esc_status initialized
[mavros_node-1] [INFO] [1784327726.319259199] [mavros.mavros]: Plugin esc_telemetry created
[mavros_node-1] [INFO] [1784327726.319280631] [mavros.mavros]: Plugin esc_telemetry initialized
[mavros_node-1] [INFO] [1784327726.322803580] [mavros.mavros]: Plugin fake_gps created
[mavros_node-1] [INFO] [1784327726.322819098] [mavros.mavros]: Plugin fake_gps initialized
[mavros_node-1] [INFO] [1784327726.327711041] [mavros.mavros]: Plugin ftp created
[mavros_node-1] [INFO] [1784327726.327735880] [mavros.mavros]: Plugin ftp initialized
[mavros_node-1] [INFO] [1784327726.331580332] [mavros.mavros]: Plugin geofence created
[mavros_node-1] [INFO] [1784327726.331608073] [mavros.mavros]: Plugin geofence initialized
[mavros_node-1] [INFO] [1784327726.337014805] [mavros.mavros]: Plugin gimbal_control created
[mavros_node-1] [INFO] [1784327726.337043931] [mavros.mavros]: Plugin gimbal_control initialized
[mavros_node-1] [INFO] [1784327726.343059739] [mavros.mavros]: Plugin global_position created
[mavros_node-1] [INFO] [1784327726.343103649] [mavros.mavros]: Plugin global_position initialized
[mavros_node-1] [INFO] [1784327726.346708356] [mavros.mavros]: Plugin gps_input created
[mavros_node-1] [INFO] [1784327726.346738297] [mavros.mavros]: Plugin gps_input initialized
[mavros_node-1] [INFO] [1784327726.350493864] [mavros.mavros]: Plugin gps_rtk created
[mavros_node-1] [INFO] [1784327726.350520691] [mavros.mavros]: Plugin gps_rtk initialized
[mavros_node-1] [INFO] [1784327726.354650618] [mavros.mavros]: Plugin gps_status created
[mavros_node-1] [INFO] [1784327726.354675429] [mavros.mavros]: Plugin gps_status initialized
[mavros_node-1] [INFO] [1784327726.358498437] [mavros.mavros]: Plugin guided_target created
[mavros_node-1] [INFO] [1784327726.358517793] [mavros.mavros]: Plugin guided_target initialized
[mavros_node-1] [INFO] [1784327726.363314073] [mavros.mavros]: Plugin hil created
[mavros_node-1] [INFO] [1784327726.363339354] [mavros.mavros]: Plugin hil initialized
[mavros_node-1] [INFO] [1784327726.367498467] [mavros.mavros]: Plugin home_position created
[mavros_node-1] [INFO] [1784327726.367524279] [mavros.mavros]: Plugin home_position initialized
[mavros_node-1] [INFO] [1784327726.372877904] [mavros.mavros]: Plugin imu created
[mavros_node-1] [INFO] [1784327726.372914604] [mavros.mavros]: Plugin imu initialized
[mavros_node-1] [INFO] [1784327726.377954474] [mavros.mavros]: Plugin landing_target created
[mavros_node-1] [INFO] [1784327726.377975183] [mavros.mavros]: Plugin landing_target initialized
[mavros_node-1] [INFO] [1784327726.383279101] [mavros.mavros]: Plugin local_position created
[mavros_node-1] [INFO] [1784327726.383310828] [mavros.mavros]: Plugin local_position initialized
[mavros_node-1] [INFO] [1784327726.388713199] [mavros.mavros]: Plugin log_transfer created
[mavros_node-1] [INFO] [1784327726.388740195] [mavros.mavros]: Plugin log_transfer initialized
[mavros_node-1] [INFO] [1784327726.393243789] [mavros.mavros]: Plugin mag_calibration_status created
[mavros_node-1] [INFO] [1784327726.393277810] [mavros.mavros]: Plugin mag_calibration_status initialized
[mavros_node-1] [INFO] [1784327726.397954990] [mavros.mavros]: Plugin manual_control created
[mavros_node-1] [INFO] [1784327726.397994222] [mavros.mavros]: Plugin manual_control initialized
[mavros_node-1] [INFO] [1784327726.402580620] [mavros.mavros]: Plugin mocap_pose_estimate created
[mavros_node-1] [INFO] [1784327726.402606183] [mavros.mavros]: Plugin mocap_pose_estimate initialized
[mavros_node-1] [INFO] [1784327726.408116998] [mavros.mavros]: Plugin mount_control created
[mavros_node-1] [INFO] [1784327726.408141512] [mavros.mavros]: Plugin mount_control initialized
[mavros_node-1] [INFO] [1784327726.412844283] [mavros.mavros]: Plugin nav_controller_output created
[mavros_node-1] [INFO] [1784327726.412879146] [mavros.mavros]: Plugin nav_controller_output initialized
[mavros_node-1] [INFO] [1784327726.417798221] [mavros.mavros]: Plugin obstacle_distance created
[mavros_node-1] [INFO] [1784327726.417826057] [mavros.mavros]: Plugin obstacle_distance initialized
[mavros_node-1] [INFO] [1784327726.422877391] [mavros.mavros]: Plugin obstacle_distance_3d created
[mavros_node-1] [INFO] [1784327726.422899710] [mavros.mavros]: Plugin obstacle_distance_3d initialized
[mavros_node-1] [INFO] [1784327726.428219675] [mavros.mavros]: Plugin odometry created
[mavros_node-1] [INFO] [1784327726.428250057] [mavros.mavros]: Plugin odometry initialized
[mavros_node-1] [INFO] [1784327726.433397230] [mavros.mavros]: Plugin onboard_computer_status created
[mavros_node-1] [INFO] [1784327726.433421705] [mavros.mavros]: Plugin onboard_computer_status initialized
[mavros_node-1] [INFO] [1784327726.439594249] [mavros.mavros]: Plugin open_drone_id created
[mavros_node-1] [INFO] [1784327726.439613623] [mavros.mavros]: Plugin open_drone_id initialized
[mavros_node-1] [INFO] [1784327726.445843231] [mavros.mavros]: Plugin optical_flow created
[mavros_node-1] [INFO] [1784327726.445878255] [mavros.mavros]: Plugin optical_flow initialized
[mavros_node-1] [INFO] [1784327726.451589862] [mavros.mavros]: Plugin param created
[mavros_node-1] [INFO] [1784327726.451613982] [mavros.mavros]: Plugin param initialized
[mavros_node-1] [INFO] [1784327726.457076130] [mavros.mavros]: Plugin play_tune created
[mavros_node-1] [INFO] [1784327726.457107025] [mavros.mavros]: Plugin play_tune initialized
[mavros_node-1] [INFO] [1784327726.463583432] [mavros.mavros]: Plugin px4flow created
[mavros_node-1] [INFO] [1784327726.463608447] [mavros.mavros]: Plugin px4flow initialized
[mavros_node-1] [INFO] [1784327726.470392273] [mavros.mavros]: Plugin rallypoint created
[mavros_node-1] [INFO] [1784327726.470436398] [mavros.mavros]: Plugin rallypoint initialized
[mavros_node-1] [INFO] [1784327726.470441606] [mavros.mavros]: Plugin rangefinder ignored
[mavros_node-1] [INFO] [1784327726.476601177] [mavros.mavros]: Plugin rc_io created
[mavros_node-1] [INFO] [1784327726.476648797] [mavros.mavros]: Plugin rc_io initialized
[mavros_node-1] [INFO] [1784327726.482811308] [mavros.mavros]: Plugin setpoint_accel created
[mavros_node-1] [INFO] [1784327726.482831935] [mavros.mavros]: Plugin setpoint_accel initialized
[mavros_node-1] [INFO] [1784327726.489399152] [mavros.mavros]: Plugin setpoint_attitude created
[mavros_node-1] [INFO] [1784327726.489427038] [mavros.mavros]: Plugin setpoint_attitude initialized
[mavros_node-1] [INFO] [1784327726.496781423] [mavros.mavros]: Plugin setpoint_position created
[mavros_node-1] [INFO] [1784327726.496805022] [mavros.mavros]: Plugin setpoint_position initialized
[mavros_node-1] [INFO] [1784327726.504814444] [mavros.mavros]: Plugin setpoint_raw created
[mavros_node-1] [INFO] [1784327726.504846351] [mavros.mavros]: Plugin setpoint_raw initialized
[mavros_node-1] [INFO] [1784327726.512848471] [mavros.mavros]: Plugin setpoint_trajectory created
[mavros_node-1] [INFO] [1784327726.512871891] [mavros.mavros]: Plugin setpoint_trajectory initialized
[mavros_node-1] [INFO] [1784327726.519625572] [mavros.mavros]: Plugin setpoint_velocity created
[mavros_node-1] [INFO] [1784327726.519647436] [mavros.mavros]: Plugin setpoint_velocity initialized
[mavros_node-1] [INFO] [1784327726.527841025] [mavros.mavros]: Plugin sim_state created
[mavros_node-1] [INFO] [1784327726.527870575] [mavros.mavros]: Plugin sim_state initialized
[mavros_node-1] [INFO] [1784327726.539162873] [mavros.mavros]: Plugin sys_status created
[mavros_node-1] [INFO] [1784327726.539209504] [mavros.mavros]: Plugin sys_status initialized
[mavros_node-1] [INFO] [1784327726.546090680] [mavros.time]: TM: Timesync mode: MAVLINK
[mavros_node-1] [INFO] [1784327726.548369456] [mavros.mavros]: Plugin sys_time created
[mavros_node-1] [INFO] [1784327726.548390749] [mavros.mavros]: Plugin sys_time initialized
[mavros_node-1] [INFO] [1784327726.555772857] [mavros.mavros]: Plugin tdr_radio created
[mavros_node-1] [INFO] [1784327726.555830986] [mavros.mavros]: Plugin tdr_radio initialized
[mavros_node-1] [INFO] [1784327726.563193317] [mavros.mavros]: Plugin terrain created
[mavros_node-1] [INFO] [1784327726.563225414] [mavros.mavros]: Plugin terrain initialized
[mavros_node-1] [INFO] [1784327726.571261559] [mavros.mavros]: Plugin trajectory created
[mavros_node-1] [INFO] [1784327726.571309350] [mavros.mavros]: Plugin trajectory initialized
[mavros_node-1] [INFO] [1784327726.579048781] [mavros.mavros]: Plugin tunnel created
[mavros_node-1] [INFO] [1784327726.579076825] [mavros.mavros]: Plugin tunnel initialized
[mavros_node-1] [INFO] [1784327726.586436183] [mavros.mavros]: Plugin vfr_hud created
[mavros_node-1] [INFO] [1784327726.586463888] [mavros.mavros]: Plugin vfr_hud initialized
[mavros_node-1] [INFO] [1784327726.586468977] [mavros.mavros]: Plugin vibration ignored
[mavros_node-1] [INFO] [1784327726.594955534] [mavros.mavros]: Plugin vision_pose created
[mavros_node-1] [INFO] [1784327726.594982115] [mavros.mavros]: Plugin vision_pose initialized
[mavros_node-1] [INFO] [1784327726.603163828] [mavros.mavros]: Plugin vision_speed created
[mavros_node-1] [INFO] [1784327726.603194576] [mavros.mavros]: Plugin vision_speed initialized
[mavros_node-1] [INFO] [1784327726.613783986] [mavros.mavros]: Plugin waypoint created
[mavros_node-1] [INFO] [1784327726.613826863] [mavros.mavros]: Plugin waypoint initialized
[mavros_node-1] [INFO] [1784327726.613832377] [mavros.mavros]: Plugin wheel_odometry ignored
[mavros_node-1] [INFO] [1784327726.621933934] [mavros.mavros]: Plugin wind_estimation created
[mavros_node-1] [INFO] [1784327726.621967983] [mavros.mavros]: Plugin wind_estimation initialized
[mavros_node-1] [INFO] [1784327726.622813428] [mavros.mavros]: Built-in SIMD instructions: SSE, SSE2
[mavros_node-1] [INFO] [1784327726.622823907] [mavros.mavros]: Built-in MAVLink package version: 2026.3.3
[mavros_node-1] [INFO] [1784327726.622827457] [mavros.mavros]: Known MAVLink dialects: common ardupilotmega ASLUAV AVSSUAS all csAirLink cubepilot development icarous loweheiser marsh matrixpilot paparazzi standard stemstudios storm32 uAvionix ualberta
[mavros_node-1] [INFO] [1784327726.622830940] [mavros.mavros]: MAVROS UAS via /uas1 started. MY ID 1.191, TARGET ID 1.1
[mavros_node-1] [INFO] [1784327726.633395909] [mavros.mavros_router]: link[1001] detected remote address 1.191
[mavros_node-1] [INFO] [1784327726.633424492] [mavros.imu]: IMU: High resolution IMU detected!
[mavros_node-1] [INFO] [1784327726.641449215] [mavros.imu]: IMU: Attitude quaternion IMU detected!
[mavros_node-1] [INFO] [1784327727.133469096] [mavros.mavros]: CON: Got HEARTBEAT, connected. FCU: PX4 Autopilot
[mavros_node-1] [INFO] [1784327727.133640697] [mavros.mission]: WP: detected enable_partial_push: 0
[mavros_node-1] [INFO] [1784327727.133855899] [mavros.imu]: IMU: High resolution IMU detected!
[mavros_node-1] [INFO] [1784327727.141474511] [mavros.imu]: IMU: Attitude quaternion IMU detected!
[mavros_node-1] [WARN] [1784327727.489391077] [mavros.sys]: FCU: UNK(8): EVENT 11047904 with args -0-0-0-16-0-128-0-0-0-184-59-127-128-184-59-127-128-0-0-0-0-0-0-0-0-0-0-0-0-0-0-0-0-0-0-0-0-0-0-0-
[mavros_node-1] [ERROR] [1784327727.489621237] [mavros.sys]: FCU: EVENT 3087815 with args -0-64-0-0-20-0-0-0-0-0-0-0-0-0-0-0-0-0-0-0-0-0-0-0-0-0-0-0-0-0-0-0-0-0-0-0-0-0-0-0-
[mavros_node-1] [WARN] [1784327727.489883434] [mavros.sys]: FCU: EVENT 453929 with args -255-255-255-255-7-0-0-0-0-0-0-0-0-0-0-0-0-0-0-0-0-0-0-0-0-0-0-0-0-0-0-0-0-0-0-0-0-0-0-0-
[mavros_node-1] [INFO] [1784327727.490043084] [mavros.sys]: FCU: EVENT 6801787 with args -255-255-255-255-12-0-0-0-0-0-0-0-0-0-0-0-0-0-0-0-0-0-0-0-0-0-0-0-0-0-0-0-0-0-0-0-0-0-0-0-
[mavros_node-1] [WARN] [1784327727.490203558] [mavros.sys]: FCU: UNK(8): EVENT 1914663 with args -0-10-9-2-40-0-0-0-0-0-0-0-0-0-0-0-0-0-0-0-0-0-0-0-0-0-0-0-0-0-0-0-0-0-0-0-0-0-0-0-
[mavros_node-1] [INFO] [1784327728.145425800] [mavros.geofence]: GF: Using MISSION_ITEM_INT
[mavros_node-1] [INFO] [1784327728.145496631] [mavros.rallypoint]: RP: Using MISSION_ITEM_INT
[mavros_node-1] [INFO] [1784327728.145522138] [mavros.mission]: WP: Using MISSION_ITEM_INT
[mavros_node-1] [INFO] [1784327728.145541648] [mavros.sys]: VER: 1.1: Capabilities         0x000000000000e8ff
[mavros_node-1] [INFO] [1784327728.145564102] [mavros.sys]: VER: 1.1: Flight software:     010f04ff (99c40407ff000000)
[mavros_node-1] [INFO] [1784327728.145580809] [mavros.sys]: VER: 1.1: Middleware software: 010f04ff (99c40407ff000000)
[mavros_node-1] [INFO] [1784327728.145596272] [mavros.sys]: VER: 1.1: OS software:         060800ff (5d74bc138955e6f0)
[mavros_node-1] [INFO] [1784327728.145610645] [mavros.sys]: VER: 1.1: Board hardware:      00000001
[mavros_node-1] [INFO] [1784327728.145624643] [mavros.sys]: VER: 1.1: VID/PID:             0000:0000
[mavros_node-1] [INFO] [1784327728.145638702] [mavros.sys]: VER: 1.1: UID:                 4954414c44494e4f
[mavros_node-1] [WARN] [1784327728.149418046] [mavros.cmd]: CMD: Unexpected command 520, result 0
[mavros_node-1] [WARN] [1784327731.141589769] [mavros.sys]: FCU: UNK(8): EVENT 11047904 with args -0-0-0-0-0-128-0-0-0-184-123-127-128-184-123-127-128-0-0-0-0-0-0-0-0-0-0-0-0-0-0-0-0-0-0-0-0-0-0-0-
[mavros_node-1] [WARN] [1784327731.141791795] [mavros.sys]: FCU: EVENT 453929 with args -255-255-255-255-7-0-0-0-0-0-0-0-0-0-0-0-0-0-0-0-0-0-0-0-0-0-0-0-0-0-0-0-0-0-0-0-0-0-0-0-
[mavros_node-1] [INFO] [1784327731.141968994] [mavros.sys]: FCU: EVENT 6801787 with args -255-255-255-255-12-0-0-0-0-0-0-0-0-0-0-0-0-0-0-0-0-0-0-0-0-0-0-0-0-0-0-0-0-0-0-0-0-0-0-0-
[mavros_node-1] [WARN] [1784327731.142105095] [mavros.sys]: FCU: UNK(8): EVENT 1914663 with args -0-10-9-2-40-0-0-0-0-0-0-0-0-0-0-0-0-0-0-0-0-0-0-0-0-0-0-0-0-0-0-0-0-0-0-0-0-0-0-0-
[mavros_node-1] [INFO] [1784327733.105510016] [mavros.sys]: FCU: EVENT 9489139 with args -4-0-0-0-0-0-0-0-0-0-0-0-0-0-0-0-0-0-0-0-0-0-0-0-0-0-0-0-0-0-0-0-0-0-0-0-0-0-0-0-
[mavros_node-1] [INFO] [1784327734.753514942] [mavros.sys]: FCU: EVENT 4277609 with args -0-0-0-0-0-0-0-0-0-0-0-0-0-0-0-0-0-0-0-0-0-0-0-0-0-0-0-0-0-0-0-0-0-0-0-0-0-0-0-0-
[mavros_node-1] [INFO] [1784327742.134780936] [mavros.mission]: WP: item #0  F:2 C:530 p: 0 2 nan nan x: -2.147484e+09 y: -2.147484e+09 z: nan
[mavros_node-1] [INFO] [1784327742.134901884] [mavros.mission]: WP: item #1  F:6 C: 22 p: 0 0 0 nan x: 47.39797 y: 8.546162 z: 50
[mavros_node-1] [INFO] [1784327742.134980904] [mavros.mission]: WP: item #2  F:6 C: 16 p: 0 0 0 nan x: 47.39925 y: 8.546818 z: 50
[mavros_node-1] [INFO] [1784327742.135058064] [mavros.mission]: WP: item #3  F:6 C: 16 p: 0 0 0 nan x: 47.39816 y: 8.549662 z: 50
[mavros_node-1] [INFO] [1784327742.135134794] [mavros.mission]: WP: item #4* F:2 C: 20 p: 0 0 0 0 x: 0 y: 0 z: 0
[mavros_node-1] [INFO] [1784327742.135143153] [mavros.mission]: WP: mission received
[mavros_node-1] [INFO] [1784327747.135052587] [mavros.rallypoint]: RP: mission received
[mavros_node-1] [INFO] [1784327752.134660894] [mavros.geofence]: GF: mission received
[WARNING] [launch]: user interrupted with ctrl-c (SIGINT)
[INFO] [mavros_node-1]: sending signal 'SIGINT' to process[mavros_node-1]
[mavros_node-1] [INFO] [1784327824.422068759] [rclcpp]: signal_handler(SIGINT/SIGTERM)
[mavros_node-1] [WARN] [1784327824.422689275] [mavros.mavros]: UAS Executor terminated
[mavros_node-1] [INFO] [1784327824.502458448] [rclcpp]: signal_handler(SIGINT/SIGTERM)
[INFO] [mavros_node-1]: process has finished cleanly [pid 92116]
