[INFO] [launch]: All log files can be found below /home/drone/.ros/log/2026-07-18-22-50-27-669318-drone-ASUS-TUF-Gaming-F15-FX507VV-FX507VV-121559
[INFO] [launch]: Default logging verbosity is set to INFO
[INFO] [mavros_node-1]: process started with pid [121560]
[mavros_node-1] [INFO] [1784411427.769754248] [mavros.mavros_node]: Starting mavros_node container
[mavros_node-1] [INFO] [1784411427.769799856] [mavros.mavros_node]: FCU URL: udp://:14540@127.0.0.1:14557
[mavros_node-1] [INFO] [1784411427.769804998] [mavros.mavros_node]: GCS URL: 
[mavros_node-1] [INFO] [1784411427.769807844] [mavros.mavros_node]: UAS Prefix: /uas1
[mavros_node-1] [INFO] [1784411427.769810365] [mavros.mavros_node]: Starting mavros router node
[mavros_node-1] [INFO] [1784411427.772766182] [mavros.mavros_router]: Built-in SIMD instructions: SSE, SSE2
[mavros_node-1] [INFO] [1784411427.772779769] [mavros.mavros_router]: Built-in MAVLink package version: 2026.3.3
[mavros_node-1] [INFO] [1784411427.772787823] [mavros.mavros_router]: Known MAVLink dialects: common ardupilotmega ASLUAV AVSSUAS all csAirLink cubepilot development icarous loweheiser marsh matrixpilot paparazzi standard stemstudios storm32 uAvionix ualberta
[mavros_node-1] [INFO] [1784411427.772791202] [mavros.mavros_router]: MAVROS Router started
[mavros_node-1] [INFO] [1784411427.772814613] [mavros.mavros_node]: Starting mavros uas node
[mavros_node-1] [INFO] [1784411427.790532300] [mavros.mavros_router]: Requested to add endpoint: type: 0, url: udp://:14540@127.0.0.1:14557
[mavros_node-1] [INFO] [1784411427.790562986] [mavros.mavros_router]: Endpoint link[1000] created
[mavros_node-1] [INFO] [1784411427.790787775] [mavros.mavros_router]: link[1000] opened successfully
[mavros_node-1] [INFO] [1784411427.790796408] [mavros.mavros_router]: Requested to add endpoint: type: 2, url: /uas1
[mavros_node-1] [INFO] [1784411427.790805007] [mavros.mavros_router]: Endpoint link[1001] created
[mavros_node-1] [INFO] [1784411427.791664486] [mavros.mavros_router]: link[1001] opened successfully
[mavros_node-1] [INFO] [1784411427.797227799] [mavros.mavros_router]: link[1000] detected remote address 1.1
[mavros_node-1] [INFO] [1784411427.800697740] [mavros.mavros]: UAS Executor started, threads: 16
[mavros_node-1] [INFO] [1784411427.809266094] [mavros.mavros]: Plugin actuator_control created
[mavros_node-1] [INFO] [1784411427.809300712] [mavros.mavros]: Plugin actuator_control initialized
[mavros_node-1] [INFO] [1784411427.820360209] [mavros.mavros]: Plugin adsb created
[mavros_node-1] [INFO] [1784411427.820387953] [mavros.mavros]: Plugin adsb initialized
[mavros_node-1] [INFO] [1784411427.823017468] [mavros.mavros]: Plugin altitude created
[mavros_node-1] [INFO] [1784411427.823039726] [mavros.mavros]: Plugin altitude initialized
[mavros_node-1] [INFO] [1784411427.825705483] [mavros.mavros]: Plugin cam_imu_sync created
[mavros_node-1] [INFO] [1784411427.825727736] [mavros.mavros]: Plugin cam_imu_sync initialized
[mavros_node-1] [INFO] [1784411427.828671356] [mavros.mavros]: Plugin camera created
[mavros_node-1] [INFO] [1784411427.828695560] [mavros.mavros]: Plugin camera initialized
[mavros_node-1] [INFO] [1784411427.831581228] [mavros.mavros]: Plugin cellular_status created
[mavros_node-1] [INFO] [1784411427.831597916] [mavros.mavros]: Plugin cellular_status initialized
[mavros_node-1] [INFO] [1784411427.835883269] [mavros.mavros]: Plugin command created
[mavros_node-1] [INFO] [1784411427.835909398] [mavros.mavros]: Plugin command initialized
[mavros_node-1] [INFO] [1784411427.838921926] [mavros.mavros]: Plugin companion_process_status created
[mavros_node-1] [INFO] [1784411427.838944551] [mavros.mavros]: Plugin companion_process_status initialized
[mavros_node-1] [INFO] [1784411427.842447919] [mavros.mavros]: Plugin debug_value created
[mavros_node-1] [INFO] [1784411427.842478690] [mavros.mavros]: Plugin debug_value initialized
[mavros_node-1] [INFO] [1784411427.842483920] [mavros.mavros]: Plugin distance_sensor ignored
[mavros_node-1] [INFO] [1784411427.846046144] [mavros.mavros]: Plugin esc_status created
[mavros_node-1] [INFO] [1784411427.846076716] [mavros.mavros]: Plugin esc_status initialized
[mavros_node-1] [INFO] [1784411427.849356183] [mavros.mavros]: Plugin esc_telemetry created
[mavros_node-1] [INFO] [1784411427.849384114] [mavros.mavros]: Plugin esc_telemetry initialized
[mavros_node-1] [INFO] [1784411427.853595930] [mavros.mavros]: Plugin fake_gps created
[mavros_node-1] [INFO] [1784411427.853612809] [mavros.mavros]: Plugin fake_gps initialized
[mavros_node-1] [INFO] [1784411427.859184404] [mavros.mavros]: Plugin ftp created
[mavros_node-1] [INFO] [1784411427.859212944] [mavros.mavros]: Plugin ftp initialized
[mavros_node-1] [INFO] [1784411427.863715186] [mavros.mavros]: Plugin geofence created
[mavros_node-1] [INFO] [1784411427.863750050] [mavros.mavros]: Plugin geofence initialized
[mavros_node-1] [INFO] [1784411427.869846126] [mavros.mavros]: Plugin gimbal_control created
[mavros_node-1] [INFO] [1784411427.869875122] [mavros.mavros]: Plugin gimbal_control initialized
[mavros_node-1] [INFO] [1784411427.876518905] [mavros.mavros]: Plugin global_position created
[mavros_node-1] [INFO] [1784411427.876578498] [mavros.mavros]: Plugin global_position initialized
[mavros_node-1] [INFO] [1784411427.880928409] [mavros.mavros]: Plugin gps_input created
[mavros_node-1] [INFO] [1784411427.880951935] [mavros.mavros]: Plugin gps_input initialized
[mavros_node-1] [INFO] [1784411427.884978787] [mavros.mavros]: Plugin gps_rtk created
[mavros_node-1] [INFO] [1784411427.884999693] [mavros.mavros]: Plugin gps_rtk initialized
[mavros_node-1] [INFO] [1784411427.889321483] [mavros.mavros]: Plugin gps_status created
[mavros_node-1] [INFO] [1784411427.889347934] [mavros.mavros]: Plugin gps_status initialized
[mavros_node-1] [INFO] [1784411427.893639234] [mavros.mavros]: Plugin guided_target created
[mavros_node-1] [INFO] [1784411427.893683841] [mavros.mavros]: Plugin guided_target initialized
[mavros_node-1] [INFO] [1784411427.899038913] [mavros.mavros]: Plugin hil created
[mavros_node-1] [INFO] [1784411427.899068088] [mavros.mavros]: Plugin hil initialized
[mavros_node-1] [INFO] [1784411427.903457167] [mavros.mavros]: Plugin home_position created
[mavros_node-1] [INFO] [1784411427.903484068] [mavros.mavros]: Plugin home_position initialized
[mavros_node-1] [INFO] [1784411427.908984558] [mavros.mavros]: Plugin imu created
[mavros_node-1] [INFO] [1784411427.909019797] [mavros.mavros]: Plugin imu initialized
[mavros_node-1] [INFO] [1784411427.914929056] [mavros.mavros]: Plugin landing_target created
[mavros_node-1] [INFO] [1784411427.914964476] [mavros.mavros]: Plugin landing_target initialized
[mavros_node-1] [INFO] [1784411427.920483905] [mavros.mavros]: Plugin local_position created
[mavros_node-1] [INFO] [1784411427.920520841] [mavros.mavros]: Plugin local_position initialized
[mavros_node-1] [INFO] [1784411427.926323399] [mavros.mavros]: Plugin log_transfer created
[mavros_node-1] [INFO] [1784411427.926358158] [mavros.mavros]: Plugin log_transfer initialized
[mavros_node-1] [INFO] [1784411427.931284985] [mavros.mavros]: Plugin mag_calibration_status created
[mavros_node-1] [INFO] [1784411427.931313920] [mavros.mavros]: Plugin mag_calibration_status initialized
[mavros_node-1] [INFO] [1784411427.936077112] [mavros.mavros]: Plugin manual_control created
[mavros_node-1] [INFO] [1784411427.936098537] [mavros.mavros]: Plugin manual_control initialized
[mavros_node-1] [INFO] [1784411427.940979185] [mavros.mavros]: Plugin mocap_pose_estimate created
[mavros_node-1] [INFO] [1784411427.941000266] [mavros.mavros]: Plugin mocap_pose_estimate initialized
[mavros_node-1] [INFO] [1784411427.947202071] [mavros.mavros]: Plugin mount_control created
[mavros_node-1] [INFO] [1784411427.947240942] [mavros.mavros]: Plugin mount_control initialized
[mavros_node-1] [INFO] [1784411427.952149807] [mavros.mavros]: Plugin nav_controller_output created
[mavros_node-1] [INFO] [1784411427.952177170] [mavros.mavros]: Plugin nav_controller_output initialized
[mavros_node-1] [INFO] [1784411427.957205669] [mavros.mavros]: Plugin obstacle_distance created
[mavros_node-1] [INFO] [1784411427.957228900] [mavros.mavros]: Plugin obstacle_distance initialized
[mavros_node-1] [INFO] [1784411427.963058828] [mavros.mavros]: Plugin obstacle_distance_3d created
[mavros_node-1] [INFO] [1784411427.963085733] [mavros.mavros]: Plugin obstacle_distance_3d initialized
[mavros_node-1] [INFO] [1784411427.968691428] [mavros.mavros]: Plugin odometry created
[mavros_node-1] [INFO] [1784411427.968724567] [mavros.mavros]: Plugin odometry initialized
[mavros_node-1] [INFO] [1784411427.974125378] [mavros.mavros]: Plugin onboard_computer_status created
[mavros_node-1] [INFO] [1784411427.974146689] [mavros.mavros]: Plugin onboard_computer_status initialized
[mavros_node-1] [INFO] [1784411427.980915943] [mavros.mavros]: Plugin open_drone_id created
[mavros_node-1] [INFO] [1784411427.980961833] [mavros.mavros]: Plugin open_drone_id initialized
[mavros_node-1] [INFO] [1784411427.987384560] [mavros.mavros]: Plugin optical_flow created
[mavros_node-1] [INFO] [1784411427.987419010] [mavros.mavros]: Plugin optical_flow initialized
[mavros_node-1] [INFO] [1784411427.993511287] [mavros.mavros]: Plugin param created
[mavros_node-1] [INFO] [1784411427.993549865] [mavros.mavros]: Plugin param initialized
[mavros_node-1] [INFO] [1784411427.999637309] [mavros.mavros]: Plugin play_tune created
[mavros_node-1] [INFO] [1784411427.999660262] [mavros.mavros]: Plugin play_tune initialized
[mavros_node-1] [INFO] [1784411428.006479781] [mavros.mavros]: Plugin px4flow created
[mavros_node-1] [INFO] [1784411428.006507833] [mavros.mavros]: Plugin px4flow initialized
[mavros_node-1] [INFO] [1784411428.014228258] [mavros.mavros]: Plugin rallypoint created
[mavros_node-1] [INFO] [1784411428.014267064] [mavros.mavros]: Plugin rallypoint initialized
[mavros_node-1] [INFO] [1784411428.014272656] [mavros.mavros]: Plugin rangefinder ignored
[mavros_node-1] [INFO] [1784411428.020705078] [mavros.mavros]: Plugin rc_io created
[mavros_node-1] [INFO] [1784411428.020753737] [mavros.mavros]: Plugin rc_io initialized
[mavros_node-1] [INFO] [1784411428.027395329] [mavros.mavros]: Plugin setpoint_accel created
[mavros_node-1] [INFO] [1784411428.027434228] [mavros.mavros]: Plugin setpoint_accel initialized
[mavros_node-1] [INFO] [1784411428.034747874] [mavros.mavros]: Plugin setpoint_attitude created
[mavros_node-1] [INFO] [1784411428.034773377] [mavros.mavros]: Plugin setpoint_attitude initialized
[mavros_node-1] [INFO] [1784411428.042469001] [mavros.mavros]: Plugin setpoint_position created
[mavros_node-1] [INFO] [1784411428.042498627] [mavros.mavros]: Plugin setpoint_position initialized
[mavros_node-1] [INFO] [1784411428.051350143] [mavros.mavros]: Plugin setpoint_raw created
[mavros_node-1] [INFO] [1784411428.051382943] [mavros.mavros]: Plugin setpoint_raw initialized
[mavros_node-1] [INFO] [1784411428.060156793] [mavros.mavros]: Plugin setpoint_trajectory created
[mavros_node-1] [INFO] [1784411428.060189245] [mavros.mavros]: Plugin setpoint_trajectory initialized
[mavros_node-1] [INFO] [1784411428.068016407] [mavros.mavros]: Plugin setpoint_velocity created
[mavros_node-1] [INFO] [1784411428.068060899] [mavros.mavros]: Plugin setpoint_velocity initialized
[mavros_node-1] [INFO] [1784411428.076456566] [mavros.mavros]: Plugin sim_state created
[mavros_node-1] [INFO] [1784411428.076491283] [mavros.mavros]: Plugin sim_state initialized
[mavros_node-1] [INFO] [1784411428.088715778] [mavros.mavros]: Plugin sys_status created
[mavros_node-1] [INFO] [1784411428.088761871] [mavros.mavros]: Plugin sys_status initialized
[mavros_node-1] [INFO] [1784411428.096392866] [mavros.time]: TM: Timesync mode: MAVLINK
[mavros_node-1] [INFO] [1784411428.098780540] [mavros.mavros]: Plugin sys_time created
[mavros_node-1] [INFO] [1784411428.098805450] [mavros.mavros]: Plugin sys_time initialized
[mavros_node-1] [INFO] [1784411428.106586806] [mavros.mavros]: Plugin tdr_radio created
[mavros_node-1] [INFO] [1784411428.106618201] [mavros.mavros]: Plugin tdr_radio initialized
[mavros_node-1] [INFO] [1784411428.114876830] [mavros.mavros]: Plugin terrain created
[mavros_node-1] [INFO] [1784411428.114916218] [mavros.mavros]: Plugin terrain initialized
[mavros_node-1] [INFO] [1784411428.123381449] [mavros.mavros]: Plugin trajectory created
[mavros_node-1] [INFO] [1784411428.123411019] [mavros.mavros]: Plugin trajectory initialized
[mavros_node-1] [INFO] [1784411428.132179767] [mavros.mavros]: Plugin tunnel created
[mavros_node-1] [INFO] [1784411428.132211784] [mavros.mavros]: Plugin tunnel initialized
[mavros_node-1] [INFO] [1784411428.140497670] [mavros.mavros]: Plugin vfr_hud created
[mavros_node-1] [INFO] [1784411428.140611027] [mavros.mavros]: Plugin vfr_hud initialized
[mavros_node-1] [INFO] [1784411428.140616429] [mavros.mavros]: Plugin vibration ignored
[mavros_node-1] [INFO] [1784411428.150583910] [mavros.mavros]: Plugin vision_pose created
[mavros_node-1] [INFO] [1784411428.150615727] [mavros.mavros]: Plugin vision_pose initialized
[mavros_node-1] [INFO] [1784411428.159453550] [mavros.mavros]: Plugin vision_speed created
[mavros_node-1] [INFO] [1784411428.159485803] [mavros.mavros]: Plugin vision_speed initialized
[mavros_node-1] [INFO] [1784411428.171491063] [mavros.mavros]: Plugin waypoint created
[mavros_node-1] [INFO] [1784411428.171542533] [mavros.mavros]: Plugin waypoint initialized
[mavros_node-1] [INFO] [1784411428.171549442] [mavros.mavros]: Plugin wheel_odometry ignored
[mavros_node-1] [INFO] [1784411428.181034243] [mavros.mavros]: Plugin wind_estimation created
[mavros_node-1] [INFO] [1784411428.181074160] [mavros.mavros]: Plugin wind_estimation initialized
[mavros_node-1] [INFO] [1784411428.182066310] [mavros.mavros]: Built-in SIMD instructions: SSE, SSE2
[mavros_node-1] [INFO] [1784411428.182076905] [mavros.mavros]: Built-in MAVLink package version: 2026.3.3
[mavros_node-1] [INFO] [1784411428.182080394] [mavros.mavros]: Known MAVLink dialects: common ardupilotmega ASLUAV AVSSUAS all csAirLink cubepilot development icarous loweheiser marsh matrixpilot paparazzi standard stemstudios storm32 uAvionix ualberta
[mavros_node-1] [INFO] [1784411428.182083678] [mavros.mavros]: MAVROS UAS via /uas1 started. MY ID 1.191, TARGET ID 1.1
[mavros_node-1] [INFO] [1784411428.197447867] [mavros.imu]: IMU: Attitude quaternion IMU detected!
[mavros_node-1] [INFO] [1784411428.197601684] [mavros.mavros_router]: link[1001] detected remote address 1.191
[mavros_node-1] [INFO] [1784411428.201136269] [mavros.imu]: IMU: High resolution IMU detected!
[mavros_node-1] [INFO] [1784411428.801461989] [mavros.mavros]: CON: Got HEARTBEAT, connected. FCU: PX4 Autopilot
[mavros_node-1] [INFO] [1784411428.801731708] [mavros.mission]: WP: detected enable_partial_push: 0
[mavros_node-1] [INFO] [1784411428.802180061] [mavros.imu]: IMU: High resolution IMU detected!
[mavros_node-1] [INFO] [1784411428.817576105] [mavros.imu]: IMU: Attitude quaternion IMU detected!
[mavros_node-1] [WARN] [1784411429.138500576] [mavros.sys]: FCU: UNK(8): EVENT 11047904 with args -0-0-0-16-0-128-0-0-0-184-59-127-128-184-59-127-128-0-0-0-0-0-0-0-0-0-0-0-0-0-0-0-0-0-0-0-0-0-0-0-
[mavros_node-1] [ERROR] [1784411429.138873464] [mavros.sys]: FCU: EVENT 3087815 with args -0-64-0-0-20-0-0-0-0-0-0-0-0-0-0-0-0-0-0-0-0-0-0-0-0-0-0-0-0-0-0-0-0-0-0-0-0-0-0-0-
[mavros_node-1] [WARN] [1784411429.139203060] [mavros.sys]: FCU: EVENT 453929 with args -255-255-255-255-7-0-0-0-0-0-0-0-0-0-0-0-0-0-0-0-0-0-0-0-0-0-0-0-0-0-0-0-0-0-0-0-0-0-0-0-
[mavros_node-1] [INFO] [1784411429.139380027] [mavros.sys]: FCU: EVENT 6801787 with args -255-255-255-255-12-0-0-0-0-0-0-0-0-0-0-0-0-0-0-0-0-0-0-0-0-0-0-0-0-0-0-0-0-0-0-0-0-0-0-0-
[mavros_node-1] [WARN] [1784411429.139539790] [mavros.sys]: FCU: UNK(8): EVENT 1914663 with args -0-10-9-2-40-0-0-0-0-0-0-0-0-0-0-0-0-0-0-0-0-0-0-0-0-0-0-0-0-0-0-0-0-0-0-0-0-0-0-0-
[mavros_node-1] [INFO] [1784411429.813252616] [mavros.geofence]: GF: Using MISSION_ITEM_INT
[mavros_node-1] [INFO] [1784411429.813288421] [mavros.rallypoint]: RP: Using MISSION_ITEM_INT
[mavros_node-1] [INFO] [1784411429.813295911] [mavros.mission]: WP: Using MISSION_ITEM_INT
[mavros_node-1] [INFO] [1784411429.813303510] [mavros.sys]: VER: 1.1: Capabilities         0x000000000000e8ff
[mavros_node-1] [INFO] [1784411429.813311343] [mavros.sys]: VER: 1.1: Flight software:     010f04ff (99c40407ff000000)
[mavros_node-1] [INFO] [1784411429.813316299] [mavros.sys]: VER: 1.1: Middleware software: 010f04ff (99c40407ff000000)
[mavros_node-1] [INFO] [1784411429.813319989] [mavros.sys]: VER: 1.1: OS software:         060800ff (5d74bc138955e6f0)
[mavros_node-1] [INFO] [1784411429.813323228] [mavros.sys]: VER: 1.1: Board hardware:      00000001
[mavros_node-1] [INFO] [1784411429.813326604] [mavros.sys]: VER: 1.1: VID/PID:             0000:0000
[mavros_node-1] [INFO] [1784411429.813329994] [mavros.sys]: VER: 1.1: UID:                 4954414c44494e4f
[mavros_node-1] [WARN] [1784411429.817258568] [mavros.cmd]: CMD: Unexpected command 520, result 0
[mavros_node-1] [WARN] [1784411432.677790109] [mavros.sys]: FCU: UNK(8): EVENT 11047904 with args -0-0-0-0-0-128-0-0-0-184-123-127-128-184-123-127-128-0-0-0-0-0-0-0-0-0-0-0-0-0-0-0-0-0-0-0-0-0-0-0-
[mavros_node-1] [WARN] [1784411432.677948982] [mavros.sys]: FCU: EVENT 453929 with args -255-255-255-255-7-0-0-0-0-0-0-0-0-0-0-0-0-0-0-0-0-0-0-0-0-0-0-0-0-0-0-0-0-0-0-0-0-0-0-0-
[mavros_node-1] [INFO] [1784411432.678083485] [mavros.sys]: FCU: EVENT 6801787 with args -255-255-255-255-12-0-0-0-0-0-0-0-0-0-0-0-0-0-0-0-0-0-0-0-0-0-0-0-0-0-0-0-0-0-0-0-0-0-0-0-
[mavros_node-1] [WARN] [1784411432.678176749] [mavros.sys]: FCU: UNK(8): EVENT 1914663 with args -0-10-9-2-40-0-0-0-0-0-0-0-0-0-0-0-0-0-0-0-0-0-0-0-0-0-0-0-0-0-0-0-0-0-0-0-0-0-0-0-
[mavros_node-1] [INFO] [1784411434.661603595] [mavros.sys]: FCU: EVENT 9489139 with args -4-0-0-0-0-0-0-0-0-0-0-0-0-0-0-0-0-0-0-0-0-0-0-0-0-0-0-0-0-0-0-0-0-0-0-0-0-0-0-0-
[mavros_node-1] [INFO] [1784411436.413186328] [mavros.sys]: FCU: EVENT 4277609 with args -0-0-0-0-0-0-0-0-0-0-0-0-0-0-0-0-0-0-0-0-0-0-0-0-0-0-0-0-0-0-0-0-0-0-0-0-0-0-0-0-
[mavros_node-1] [INFO] [1784411443.803168390] [mavros.mission]: WP: item #0  F:2 C:530 p: 0 2 nan nan x: -2.147484e+09 y: -2.147484e+09 z: nan
[mavros_node-1] [INFO] [1784411443.803299349] [mavros.mission]: WP: item #1  F:6 C: 22 p: 0 0 0 nan x: 47.39797 y: 8.546162 z: 50
[mavros_node-1] [INFO] [1784411443.803393572] [mavros.mission]: WP: item #2  F:6 C: 16 p: 0 0 0 nan x: 47.39925 y: 8.546818 z: 50
[mavros_node-1] [INFO] [1784411443.803486548] [mavros.mission]: WP: item #3  F:6 C: 16 p: 0 0 0 nan x: 47.39816 y: 8.549662 z: 50
[mavros_node-1] [INFO] [1784411443.803565226] [mavros.mission]: WP: item #4* F:2 C: 20 p: 0 0 0 0 x: 0 y: 0 z: 0
[mavros_node-1] [INFO] [1784411443.803574222] [mavros.mission]: WP: mission received
[mavros_node-1] [INFO] [1784411448.802390302] [mavros.rallypoint]: RP: mission received
[mavros_node-1] [INFO] [1784411453.802416690] [mavros.geofence]: GF: mission received
[WARNING] [launch]: user interrupted with ctrl-c (SIGINT)
[INFO] [mavros_node-1]: sending signal 'SIGINT' to process[mavros_node-1]
[mavros_node-1] [INFO] [1784411525.973138666] [rclcpp]: signal_handler(SIGINT/SIGTERM)
[mavros_node-1] [WARN] [1784411525.974150639] [mavros.mavros]: UAS Executor terminated
[mavros_node-1] [INFO] [1784411526.083512773] [rclcpp]: signal_handler(SIGINT/SIGTERM)
[INFO] [mavros_node-1]: process has finished cleanly [pid 121560]
